Component: ARM Compiler 5.05 update 1 (build 106) Tool: armlink [4d0efa]

==============================================================================

Section Cross References

    startup_stm32f103xb.o(STACK) refers (Special) to heapauxi.o(.text) for __use_two_region_memory
    startup_stm32f103xb.o(HEAP) refers (Special) to heapauxi.o(.text) for __use_two_region_memory
    startup_stm32f103xb.o(RESET) refers (Special) to heapauxi.o(.text) for __use_two_region_memory
    startup_stm32f103xb.o(RESET) refers to startup_stm32f103xb.o(STACK) for __initial_sp
    startup_stm32f103xb.o(RESET) refers to startup_stm32f103xb.o(.text) for Reset_Handler
    startup_stm32f103xb.o(RESET) refers to stm32f1xx_it.o(i.NMI_Handler) for NMI_Handler
    startup_stm32f103xb.o(RESET) refers to stm32f1xx_it.o(i.HardFault_Handler) for HardFault_Handler
    startup_stm32f103xb.o(RESET) refers to stm32f1xx_it.o(i.MemManage_Handler) for MemManage_Handler
    startup_stm32f103xb.o(RESET) refers to stm32f1xx_it.o(i.BusFault_Handler) for BusFault_Handler
    startup_stm32f103xb.o(RESET) refers to stm32f1xx_it.o(i.UsageFault_Handler) for UsageFault_Handler
    startup_stm32f103xb.o(RESET) refers to port.o(.emb_text) for SVC_Handler
    startup_stm32f103xb.o(RESET) refers to stm32f1xx_it.o(i.DebugMon_Handler) for DebugMon_Handler
    startup_stm32f103xb.o(RESET) refers to stm32f1xx_it.o(i.SysTick_Handler) for SysTick_Handler
    startup_stm32f103xb.o(RESET) refers to stm32f1xx_it.o(i.USART1_IRQHandler) for USART1_IRQHandler
    startup_stm32f103xb.o(RESET) refers to stm32f1xx_it.o(i.EXTI15_10_IRQHandler) for EXTI15_10_IRQHandler
    startup_stm32f103xb.o(.text) refers (Special) to heapauxi.o(.text) for __use_two_region_memory
    startup_stm32f103xb.o(.text) refers to system_stm32f1xx.o(i.SystemInit) for SystemInit
    startup_stm32f103xb.o(.text) refers to __main.o(!!!main) for __main
    startup_stm32f103xb.o(.text) refers to startup_stm32f103xb.o(HEAP) for Heap_Mem
    startup_stm32f103xb.o(.text) refers to startup_stm32f103xb.o(STACK) for Stack_Mem
    main.o(i.MX_GPIO_Init) refers to stm32f1xx_hal_gpio.o(i.HAL_GPIO_WritePin) for HAL_GPIO_WritePin
    main.o(i.MX_GPIO_Init) refers to stm32f1xx_hal_gpio.o(i.HAL_GPIO_Init) for HAL_GPIO_Init
    main.o(i.MX_GPIO_Init) refers to stm32f1xx_hal_cortex.o(i.HAL_NVIC_SetPriority) for HAL_NVIC_SetPriority
    main.o(i.MX_GPIO_Init) refers to stm32f1xx_hal_cortex.o(i.HAL_NVIC_EnableIRQ) for HAL_NVIC_EnableIRQ
    main.o(i.MX_TIM1_Init) refers to rt_memclr_w.o(.text) for __aeabi_memclr4
    main.o(i.MX_TIM1_Init) refers to stm32f1xx_hal_tim.o(i.HAL_TIM_Base_Init) for HAL_TIM_Base_Init
    main.o(i.MX_TIM1_Init) refers to stm32f1xx_hal_tim.o(i.HAL_TIM_ConfigClockSource) for HAL_TIM_ConfigClockSource
    main.o(i.MX_TIM1_Init) refers to stm32f1xx_hal_tim.o(i.HAL_TIM_PWM_Init) for HAL_TIM_PWM_Init
    main.o(i.MX_TIM1_Init) refers to stm32f1xx_hal_tim_ex.o(i.HAL_TIMEx_MasterConfigSynchronization) for HAL_TIMEx_MasterConfigSynchronization
    main.o(i.MX_TIM1_Init) refers to stm32f1xx_hal_tim.o(i.HAL_TIM_PWM_ConfigChannel) for HAL_TIM_PWM_ConfigChannel
    main.o(i.MX_TIM1_Init) refers to stm32f1xx_hal_tim_ex.o(i.HAL_TIMEx_ConfigBreakDeadTime) for HAL_TIMEx_ConfigBreakDeadTime
    main.o(i.MX_TIM1_Init) refers to stm32f1xx_hal_tim.o(i.HAL_TIM_PWM_Start) for HAL_TIM_PWM_Start
    main.o(i.MX_TIM1_Init) refers to stm32f1xx_hal_msp.o(i.HAL_TIM_MspPostInit) for HAL_TIM_MspPostInit
    main.o(i.MX_TIM1_Init) refers to main.o(.bss) for .bss
    main.o(i.MX_TIM2_Init) refers to rt_memclr_w.o(.text) for __aeabi_memclr4
    main.o(i.MX_TIM2_Init) refers to stm32f1xx_hal_tim.o(i.HAL_TIM_Encoder_Init) for HAL_TIM_Encoder_Init
    main.o(i.MX_TIM2_Init) refers to stm32f1xx_hal_tim_ex.o(i.HAL_TIMEx_MasterConfigSynchronization) for HAL_TIMEx_MasterConfigSynchronization
    main.o(i.MX_TIM2_Init) refers to stm32f1xx_hal_tim.o(i.HAL_TIM_Encoder_Start) for HAL_TIM_Encoder_Start
    main.o(i.MX_TIM2_Init) refers to main.o(.bss) for .bss
    main.o(i.MX_TIM4_Init) refers to rt_memclr_w.o(.text) for __aeabi_memclr4
    main.o(i.MX_TIM4_Init) refers to stm32f1xx_hal_tim.o(i.HAL_TIM_Encoder_Init) for HAL_TIM_Encoder_Init
    main.o(i.MX_TIM4_Init) refers to stm32f1xx_hal_tim_ex.o(i.HAL_TIMEx_MasterConfigSynchronization) for HAL_TIMEx_MasterConfigSynchronization
    main.o(i.MX_TIM4_Init) refers to stm32f1xx_hal_tim.o(i.HAL_TIM_Encoder_Start) for HAL_TIM_Encoder_Start
    main.o(i.MX_TIM4_Init) refers to main.o(.bss) for .bss
    main.o(i.StartDefaultTask) refers to stm32f1xx_hal_gpio.o(i.HAL_GPIO_WritePin) for HAL_GPIO_WritePin
    main.o(i.StartDefaultTask) refers to cmsis_os.o(i.osDelay) for osDelay
    main.o(i.StartDefaultTask) refers to embedi_motor.o(i.motor_test) for motor_test
    main.o(i.StartDefaultTask) refers to embedi_i2c.o(i.emebedi_i2c_test) for emebedi_i2c_test
    main.o(i.StartDefaultTask) refers to embedi_imu.o(i.embedi_imu_calibration) for embedi_imu_calibration
[...]
    i._stop                                  0x08002e40   Section        0  embedi_i2c.o(i._stop)
    _stop                                    0x08002e41   Thumb Code   206  embedi_i2c.o(i._stop)
    i._sys_exit                              0x08002f2c   Section        0  embedi_uart.o(i._sys_exit)
    i._wait_ack                              0x08002f30   Section        0  embedi_i2c.o(i._wait_ack)
    _wait_ack                                0x08002f31   Thumb Code   110  embedi_i2c.o(i._wait_ack)
    i._write_data                            0x08002fb0   Section        0  embedi_flash.o(i._write_data)
    _write_data                              0x08002fb1   Thumb Code    44  embedi_flash.o(i._write_data)
    i._write_to_flash                        0x08002fdc   Section        0  embedi_imu.o(i._write_to_flash)
    _write_to_flash                          0x08002fdd   Thumb Code   156  embedi_imu.o(i._write_to_flash)
    i.embedi_data_to_scope                   0x080030c8   Section        0  embedi_scope.o(i.embedi_data_to_scope)
    i.embedi_delay_ms                        0x08003118   Section        0  embedi_delay.o(i.embedi_delay_ms)
    i.embedi_delay_us                        0x08003122   Section        0  embedi_delay.o(i.embedi_delay_us)
    i.embedi_enable_uart1_interrupt          0x08003130   Section        0  embedi_uart.o(i.embedi_enable_uart1_interrupt)
    i.embedi_flash_test                      0x08003140   Section        0  embedi_flash.o(i.embedi_flash_test)
    i.embedi_get_systick                     0x080031c4   Section        0  embedi_delay.o(i.embedi_get_systick)
    i.embedi_i2c_read_block                  0x080031d2   Section        0  embedi_i2c.o(i.embedi_i2c_read_block)
    i.embedi_i2c_write_block                 0x080031d6   Section        0  embedi_i2c.o(i.embedi_i2c_write_block)
    i.embedi_imu_calibration                 0x080031dc   Section        0  embedi_imu.o(i.embedi_imu_calibration)
    i.embedi_imu_init                        0x080031fc   Section        0  embedi_imu.o(i.embedi_imu_init)
    i.embedi_read_flash                      0x0800327c   Section        0  embedi_flash.o(i.embedi_read_flash)
    i.embedi_scope_show                      0x08003298   Section        0  embedi_scope.o(i.embedi_scope_show)
    i.embedi_uart_send_byte                  0x080032c8   Section        0  embedi_uart.o(i.embedi_uart_send_byte)
    i.embedi_write_flash                     0x080032d8   Section        0  embedi_flash.o(i.embedi_write_flash)
    i.emebedi_i2c_test                       0x080033d8   Section        0  embedi_i2c.o(i.emebedi_i2c_test)
    i.fputc                                  0x08003414   Section        0  embedi_uart.o(i.fputc)
    i.main                                   0x08003428   Section        0  main.o(i.main)
    i.makeFreeRtosPriority                   0x0800349c   Section        0  cmsis_os.o(i.makeFreeRtosPriority)
    makeFreeRtosPriority                     0x0800349d   Thumb Code    12  cmsis_os.o(i.makeFreeRtosPriority)
    i.motor_test                             0x080034a8   Section        0  embedi_motor.o(i.motor_test)
    i.mpu_configure_fifo                     0x08003558   Section        0  inv_mpu.o(i.mpu_configure_fifo)
    i.mpu_get_accel_fsr                      0x080035ac   Section        0  inv_mpu.o(i.mpu_get_accel_fsr)
    i.mpu_get_accel_reg                      0x080035e8   Section        0  inv_mpu.o(i.mpu_get_accel_reg)
    i.mpu_get_accel_sens                     0x08003638   Section        0  inv_mpu.o(i.mpu_get_accel_sens)
    i.mpu_get_gyro_fsr                       0x0800367c   Section        0  inv_mpu.o(i.mpu_get_gyro_fsr)
    i.mpu_get_gyro_reg                       0x080036b0   Section        0  inv_mpu.o(i.mpu_get_gyro_reg)
    i.mpu_get_gyro_sens                      0x08003704   Section        0  inv_mpu.o(i.mpu_get_gyro_sens)
    i.mpu_get_sample_rate                    0x08003744   Section        0  inv_mpu.o(i.mpu_get_sample_rate)
    i.mpu_init                               0x08003760   Section        0  inv_mpu.o(i.mpu_init)
    i.mpu_lp_accel_mode                      0x08003884   Section        0  inv_mpu.o(i.mpu_lp_accel_mode)
    i.mpu_reset_fifo                         0x0800393c   Section        0  inv_mpu.o(i.mpu_reset_fifo)
    i.mpu_set_accel_fsr                      0x08003a9c   Section        0  inv_mpu.o(i.mpu_set_accel_fsr)
    i.mpu_set_bypass                         0x08003b04   Section        0  inv_mpu.o(i.mpu_set_bypass)
    i.mpu_set_gyro_fsr                       0x08003be0   Section        0  inv_mpu.o(i.mpu_set_gyro_fsr)
    i.mpu_set_int_latched                    0x08003c4c   Section        0  inv_mpu.o(i.mpu_set_int_latched)
    i.mpu_set_lpf                            0x08003cb0   Section        0  inv_mpu.o(i.mpu_set_lpf)
    i.mpu_set_sample_rate                    0x08003d1c   Section        0  inv_mpu.o(i.mpu_set_sample_rate)
    i.mpu_set_sensors                        0x08003d9c   Section        0  inv_mpu.o(i.mpu_set_sensors)
    i.myabs                                  0x08003e54   Section        0  embedi_motor.o(i.myabs)
    i.osDelay                                0x08003e5c   Section        0  cmsis_os.o(i.osDelay)
    i.osKernelStart                          0x08003e6a   Section        0  cmsis_os.o(i.osKernelStart)
    i.osThreadCreate                         0x08003e74   Section        0  cmsis_os.o(i.osThreadCreate)
    i.prvAddCurrentTaskToDelayedList         0x08003ec8   Section        0  tasks.o(i.prvAddCurrentTaskToDelayedList)
    prvAddCurrentTaskToDelayedList           0x08003ec9   Thumb Code   102  tasks.o(i.prvAddCurrentTaskToDelayedList)
    i.prvAddNewTaskToReadyList               0x08003f38   Section        0  tasks.o(i.prvAddNewTaskToReadyList)
    prvAddNewTaskToReadyList                 0x08003f39   Thumb Code   194  tasks.o(i.prvAddNewTaskToReadyList)
    i.prvDeleteTCB                           0x08004008   Section        0  tasks.o(i.prvDeleteTCB)
    prvDeleteTCB                             0x08004009   Thumb Code    52  tasks.o(i.prvDeleteTCB)
    i.prvHeapInit                            0x0800403c   Section        0  heap_4.o(i.prvHeapInit)
    prvHeapInit                              0x0800403d   Thumb Code    66  heap_4.o(i.prvHeapInit)
    i.prvIdleTask                            0x08004088   Section        0  tasks.o(i.prvIdleTask)
    prvIdleTask                              0x08004089   Thumb Code    82  tasks.o(i.prvIdleTask)
    i.prvInitialiseNewTask                   0x080040e8   Section        0  tasks.o(i.prvInitialiseNewTask)
    prvInitialiseNewTask                     0x080040e9   Thumb Code   142  tasks.o(i.prvInitialiseNewTask)
    i.prvInsertBlockIntoFreeList             0x08004178   Section        0  heap_4.o(i.prvInsertBlockIntoFreeList)
    prvInsertBlockIntoFreeList               0x08004179   Thumb Code    72  heap_4.o(i.prvInsertBlockIntoFreeList)
    i.prvResetNextTaskUnblockTime            0x080041c4   Section        0  tasks.o(i.prvResetNextTaskUnblockTime)
    prvResetNextTaskUnblockTime              0x080041c5   Thumb Code    26  tasks.o(i.prvResetNextTaskUnblockTime)
    i.prvTaskExitError                       0x080041e4   Section        0  port.o(i.prvTaskExitError)
    prvTaskExitError                         0x080041e5   Thumb Code    36  port.o(i.prvTaskExitError)
    i.pvPortMalloc                           0x0800420c   Section        0  heap_4.o(i.pvPortMalloc)
    i.pxPortInitialiseStack                  0x080042e4   Section        0  port.o(i.pxPortInitialiseStack)
    i.set_int_enable                         0x08004308   Section        0  inv_mpu.o(i.set_int_enable)
    set_int_enable                           0x08004309   Thumb Code    84  inv_mpu.o(i.set_int_enable)
    i.uxListRemove                           0x08004360   Section        0  list.o(i.uxListRemove)
    i.vApplicationGetIdleTaskMemory          0x08004388   Section        0  freertos.o(i.vApplicationGetIdleTaskMemory)
    i.vListInitialise                        0x0800439c   Section        0  list.o(i.vListInitialise)
    i.vListInitialiseItem                    0x080043b2   Section        0  list.o(i.vListInitialiseItem)
    i.vListInsert                            0x080043b8   Section        0  list.o(i.vListInsert)
    i.vListInsertEnd                         0x080043e8   Section        0  list.o(i.vListInsertEnd)
    i.vPortEnterCritical                     0x08004400   Section        0  port.o(i.vPortEnterCritical)
    i.vPortExitCritical                      0x08004440   Section        0  port.o(i.vPortExitCritical)
    i.vPortFree                              0x08004468   Section        0  heap_4.o(i.vPortFree)
    i.vPortSetupTimerInterrupt               0x080044c4   Section        0  port.o(i.vPortSetupTimerInterrupt)
    i.vTaskDelay                             0x080044e8   Section        0  tasks.o(i.vTaskDelay)
    i.vTaskStartScheduler                    0x08004534   Section        0  tasks.o(i.vTaskStartScheduler)
    i.vTaskSuspendAll                        0x080045a0   Section        0  tasks.o(i.vTaskSuspendAll)
    i.vTaskSwitchContext                     0x080045b0   Section        0  tasks.o(i.vTaskSwitchContext)
    i.xPortStartScheduler                    0x0800460c   Section        0  port.o(i.xPortStartScheduler)
    i.xPortSysTickHandler                    0x080046b4   Section        0  port.o(i.xPortSysTickHandler)
    i.xTaskCreate                            0x080046e0   Section        0  tasks.o(i.xTaskCreate)
    i.xTaskCreateStatic                      0x0800473a   Section        0  tasks.o(i.xTaskCreateStatic)
    i.xTaskGetSchedulerState                 0x08004790   Section        0  tasks.o(i.xTaskGetSchedulerState)
    i.xTaskGetTickCount                      0x080047ac   Section        0  tasks.o(i.xTaskGetTickCount)
    i.xTaskIncrementTick                     0x080047b8   Section        0  tasks.o(i.xTaskIncrementTick)
    i.xTaskResumeAll                         0x08004880   Section        0  tasks.o(i.xTaskResumeAll)
    x$fpl$d2f                                0x08004944   Section       98  d2f.o(x$fpl$d2f)
    x$fpl$dmul                               0x080049a8   Section      340  dmul.o(x$fpl$dmul)
    x$fpl$dnaninf                            0x08004afc   Section      156  dnaninf.o(x$fpl$dnaninf)
    x$fpl$dretinf                            0x08004b98   Section       12  dretinf.o(x$fpl$dretinf)
    x$fpl$f2d                                0x08004ba4   Section       86  f2d.o(x$fpl$f2d)
    x$fpl$fdiv                               0x08004bfc   Section      388  fdiv.o(x$fpl$fdiv)
    _fdiv1                                   0x08004bfd   Thumb Code     0  fdiv.o(x$fpl$fdiv)
    x$fpl$fflt                               0x08004d80   Section       48  fflt_clz.o(x$fpl$fflt)
    x$fpl$ffltu                              0x08004db0   Section       38  fflt_clz.o(x$fpl$ffltu)
    x$fpl$fnaninf                            0x08004dd6   Section      140  fnaninf.o(x$fpl$fnaninf)
    x$fpl$fretinf                            0x08004e62   Section       10  fretinf.o(x$fpl$fretinf)
    .constdata                               0x08004e6c   Section       28  main.o(.constdata)
    x$fpl$usenofp                            0x08004e6c   Section        0  usenofp.o(x$fpl$usenofp)
    .constdata                               0x08004e88   Section       18  stm32f1xx_hal_rcc.o(.constdata)
    aPredivFactorTable                       0x08004e88   Data           2  stm32f1xx_hal_rcc.o(.constdata)
    aPLLMULFactorTable                       0x08004e8a   Data          16  stm32f1xx_hal_rcc.o(.constdata)
    .constdata                               0x08004e9a   Section       16  system_stm32f1xx.o(.constdata)
    .constdata                               0x08004eaa   Section        8  system_stm32f1xx.o(.constdata)
    .constdata                               0x08004eb4   Section      144  embedi_i2c.o(.constdata)
    .constdata                               0x08004f44   Section       30  inv_mpu.o(.constdata)
    .constdata                               0x08004f62   Section       12  inv_mpu.o(.constdata)
    .constdata                               0x08004f70   Section       40  inv_mpu.o(.constdata)
    .constdata                               0x08004f98   Section       40  _printf_hex_int.o(.constdata)
    uc_hextab                                0x08004f98   Data          20  _printf_hex_int.o(.constdata)
    lc_hextab                                0x08004fac   Data          20  _printf_hex_int.o(.constdata)
    .constdata                               0x08004fc0   Section       17  __printf_flags_wp.o(.constdata)
    maptable                                 0x08004fc0   Data          17  __printf_flags_wp.o(.constdata)
    .conststring                             0x08004fd4   Section       12  main.o(.conststring)
    .data                                    0x20000000   Section        4  main.o(.data)
    .data                                    0x20000004   Section       12  stm32f1xx_hal.o(.data)
    .data                                    0x20000010   Section        4  system_stm32f1xx.o(.data)
    .data                                    0x20000014   Section       12  embedi_uart.o(.data)
    .data                                    0x20000020   Section        4  embedi_uart.o(.data)
    .data                                    0x20000024   Section       24  embedi_imu.o(.data)
    accel_cali_ready                         0x20000024   Data           1  embedi_imu.o(.data)
    gyro_cali_ready                          0x20000025   Data           1  embedi_imu.o(.data)
    index                                    0x20000028   Data           4  embedi_imu.o(.data)
    index                                    0x2000002c   Data           4  embedi_imu.o(.data)
    accel_bias                               0x20000030   Data           6  embedi_imu.o(.data)
    gyro_bias                                0x20000036   Data           6  embedi_imu.o(.data)
    .data                                    0x2000003c   Section       44  inv_mpu.o(.data)
    st                                       0x2000003c   Data          44  inv_mpu.o(.data)
    .data                                    0x20000068   Section        4  embedi_scope.o(.data)
    send                                     0x20000068   Data           4  embedi_scope.o(.data)
    .data                                    0x2000006c   Section       60  tasks.o(.data)
    pxDelayedTaskList                        0x20000070   Data           4  tasks.o(.data)
    pxOverflowDelayedTaskList                0x20000074   Data           4  tasks.o(.data)
    uxDeletedTasksWaitingCleanUp             0x20000078   Data           4  tasks.o(.data)
    uxCurrentNumberOfTasks                   0x2000007c   Data           4  tasks.o(.data)
    xTickCount                               0x20000080   Data           4  tasks.o(.data)
    uxTopReadyPriority                       0x20000084   Data           4  tasks.o(.data)
    xSchedulerRunning                        0x20000088   Data           4  tasks.o(.data)
    uxPendedTicks                            0x2000008c   Data           4  tasks.o(.data)
    xYieldPending                            0x20000090   Data           4  tasks.o(.data)
    xNumOfOverflows                          0x20000094   Data           4  tasks.o(.data)
    uxTaskNumber                             0x20000098   Data           4  tasks.o(.data)
    xNextTaskUnblockTime                     0x2000009c   Data           4  tasks.o(.data)
    xIdleTaskHandle                          0x200000a0   Data           4  tasks.o(.data)
    uxSchedulerSuspended                     0x200000a4   Data           4  tasks.o(.data)
    .data                                    0x200000a8   Section       24  heap_4.o(.data)
    pxEnd                                    0x200000a8   Data           4  heap_4.o(.data)
    xFreeBytesRemaining                      0x200000ac   Data           4  heap_4.o(.data)
    xMinimumEverFreeBytesRemaining           0x200000b0   Data           4  heap_4.o(.data)
    xBlockAllocatedBit                       0x200000b4   Data           4  heap_4.o(.data)
    xStart                                   0x200000b8   Data           8  heap_4.o(.data)
    .data                                    0x200000c0   Section       12  port.o(.data)
    ucMaxSysCallPriority                     0x200000c0   Data           1  port.o(.data)
    uxCriticalNesting                        0x200000c4   Data           4  port.o(.data)
    ulMaxPRIGROUPValue                       0x200000c8   Data           4  port.o(.data)
    .bss                                     0x200000cc   Section      288  main.o(.bss)
    .bss                                     0x200001ec   Section      596  freertos.o(.bss)
    xIdleTaskTCBBuffer                       0x200001ec   Data          84  freertos.o(.bss)
    xIdleStack                               0x20000240   Data         512  freertos.o(.bss)
    .bss                                     0x20000440   Section       32  stm32f1xx_hal_flash.o(.bss)
    .bss                                     0x20000460   Section      480  embedi_imu.o(.bss)
    accel_data                               0x20000460   Data         240  embedi_imu.o(.bss)
    gyro_data                                0x20000550   Data         240  embedi_imu.o(.bss)
    .bss                                     0x20000640   Section     1024  embedi_flash.o(.bss)
    .bss                                     0x20000a40   Section       14  embedi_scope.o(.bss)
    .bss                                     0x20000a50   Section      240  tasks.o(.bss)
    pxReadyTasksLists                        0x20000a50   Data         140  tasks.o(.bss)
    xDelayedTaskList1                        0x20000adc   Data          20  tasks.o(.bss)
    xDelayedTaskList2                        0x20000af0   Data          20  tasks.o(.bss)
    xPendingReadyList                        0x20000b04   Data          20  tasks.o(.bss)
    xTasksWaitingTermination                 0x20000b18   Data          20  tasks.o(.bss)
    xSuspendedTaskList                       0x20000b2c   Data          20  tasks.o(.bss)
    .bss                                     0x20000b40   Section     3072  heap_4.o(.bss)
    ucHeap                                   0x20000b40   Data        3072  heap_4.o(.bss)
    .bss                                     0x20001740   Section       96  libspace.o(.bss)
    HEAP                                     0x200017a0   Section      512  startup_stm32f103xb.o(HEAP)
    Heap_Mem                                 0x200017a0   Data         512  startup_stm32f103xb.o(HEAP)
    STACK                                    0x200019a0   Section     1024  startup_stm32f103xb.o(STACK)
    Stack_Mem                                0x200019a0   Data        1024  startup_stm32f103xb.o(STACK)
    __initial_sp                             0x20001da0   Data           0  startup_stm32f103xb.o(STACK)

    Global Symbols

    Symbol Name                              Value     Ov Type        Size  Object(Section)

    BuildAttributes$$THM_ISAv4$P$D$K$B$S$PE$A:L22UL41UL21$X:L11$S22US41US21$IEEE1$IW$USESV6$~STKCKD$USESV7$~SHL$OSPACE$ROPI$EBA8$UX$STANDARDLIB$REQ8$PRES8$EABIv2 0x00000000   Number         0  anon$$obj.o ABSOLUTE
    __ARM_use_no_argv                        0x00000000   Number         0  main.o ABSOLUTE
    _printf_flags                            0x00000000   Number         0  printf_stubs.o ABSOLUTE
    _printf_return_value                     0x00000000   Number         0  printf_stubs.o ABSOLUTE
    _printf_sizespec                         0x00000000   Number         0  printf_stubs.o ABSOLUTE
    _printf_widthprec                        0x00000000   Number         0  printf_stubs.o ABSOLUTE
    __ARM_exceptions_init                     - Undefined Weak Reference
    __alloca_initialize                       - Undefined Weak Reference
    __arm_preinit_                            - Undefined Weak Reference
    __cpp_initialize__aeabi_                  - Undefined Weak Reference
    __cxa_finalize                            - Undefined Weak Reference
    __rt_locale                               - Undefined Weak Reference
    __sigvec_lookup                           - Undefined Weak Reference
    _atexit_init                              - Undefined Weak Reference
    _call_atexit_fns                          - Undefined Weak Reference
    _clock_init                               - Undefined Weak Reference
    _fp_trap_init                             - Undefined Weak Reference
    _fp_trap_shutdown                         - Undefined Weak Reference
    _get_lc_collate                           - Undefined Weak Reference
    _get_lc_ctype                             - Undefined Weak Reference
    _get_lc_monetary                          - Undefined Weak Reference
    _get_lc_numeric                           - Undefined Weak Reference
    _get_lc_time                              - Undefined Weak Reference
    _getenv_init                              - Undefined Weak Reference
    _handle_redirection                       - Undefined Weak Reference
    _init_alloc                               - Undefined Weak Reference
    _init_user_alloc                          - Undefined Weak Reference
    _initio                                   - Undefined Weak Reference
    _mutex_acquire                            - Undefined Weak Reference
    _mutex_release                            - Undefined Weak Reference
    _printf_mbtowc                            - Undefined Weak Reference
    _printf_truncate_signed                   - Undefined Weak Reference
    _printf_truncate_unsigned                 - Undefined Weak Reference
    _rand_init                                - Undefined Weak Reference
    _signal_finish                            - Undefined Weak Reference
    _signal_init                              - Undefined Weak Reference
    _terminate_alloc                          - Undefined Weak Reference
    _terminate_user_alloc                     - Undefined Weak Reference
    _terminateio                              - Undefined Weak Reference
    __Vectors_Size                           0x000000ec   Number         0  startup_stm32f103xb.o ABSOLUTE
    __Vectors                                0x08000000   Data           4  startup_stm32f103xb.o(RESET)
    __Vectors_End                            0x080000ec   Data           0  startup_stm32f103xb.o(RESET)
    __main                                   0x080000ed   Thumb Code     8  __main.o(!!!main)
    __scatterload                            0x080000f5   Thumb Code     0  __scatter.o(!!!scatter)
    __scatterload_rt2                        0x080000f5   Thumb Code    44  __scatter.o(!!!scatter)
    __scatterload_rt2_thumb_only             0x080000f5   Thumb Code     0  __scatter.o(!!!scatter)
    __scatterload_null                       0x08000103   Thumb Code     0  __scatter.o(!!!scatter)
    __scatterload_copy                       0x08000129   Thumb Code    26  __scatter_copy.o(!!handler_copy)
    __scatterload_zeroinit                   0x08000145   Thumb Code    28  __scatter_zi.o(!!handler_zi)
    _printf_d                                0x08000161   Thumb Code     0  _printf_d.o(.ARM.Collect$$_printf_percent$$00000009)
    _printf_percent                          0x08000161   Thumb Code     0  _printf_percent.o(.ARM.Collect$$_printf_percent$$00000000)
    _printf_x                                0x08000167   Thumb Code     0  _printf_x.o(.ARM.Collect$$_printf_percent$$0000000C)
    _printf_s                                0x0800016d   Thumb Code     0  _printf_s.o(.ARM.Collect$$_printf_percent$$00000014)
    _printf_percent_end                      0x08000173   Thumb Code     0  _printf_percent_end.o(.ARM.Collect$$_printf_percent$$00000017)
    __rt_lib_init                            0x08000177   Thumb Code     0  libinit.o(.ARM.Collect$$libinit$$00000000)
    __rt_lib_init_alloca_1                   0x08000179   Thumb Code     0  libinit2.o(.ARM.Collect$$libinit$$0000002E)
    __rt_lib_init_argv_1                     0x08000179   Thumb Code     0  libinit2.o(.ARM.Collect$$libinit$$0000002C)
    __rt_lib_init_atexit_1                   0x08000179   Thumb Code     0  libinit2.o(.ARM.Collect$$libinit$$0000001B)
    __rt_lib_init_clock_1                    0x08000179   Thumb Code     0  libinit2.o(.ARM.Collect$$libinit$$00000021)
    __rt_lib_init_cpp_1                      0x08000179   Thumb Code     0  libinit2.o(.ARM.Collect$$libinit$$00000032)
    __rt_lib_init_exceptions_1               0x08000179   Thumb Code     0  libinit2.o(.ARM.Collect$$libinit$$00000030)
    __rt_lib_init_fp_1                       0x08000179   Thumb Code     0  libinit2.o(.ARM.Collect$$libinit$$00000002)
    __rt_lib_init_fp_trap_1                  0x08000179   Thumb Code     0  libinit2.o(.ARM.Collect$$libinit$$0000001F)
    __rt_lib_init_getenv_1                   0x08000179   Thumb Code     0  libinit2.o(.ARM.Collect$$libinit$$00000023)
    __rt_lib_init_heap_1                     0x08000179   Thumb Code     0  libinit2.o(.ARM.Collect$$libinit$$0000000A)
    __rt_lib_init_lc_collate_1               0x08000179   Thumb Code     0  libinit2.o(.ARM.Collect$$libinit$$00000011)
    __rt_lib_init_lc_ctype_1                 0x08000179   Thumb Code     0  libinit2.o(.ARM.Collect$$libinit$$00000013)
    __rt_lib_init_lc_monetary_1              0x08000179   Thumb Code     0  libinit2.o(.ARM.Collect$$libinit$$00000015)
    __rt_lib_init_lc_numeric_1               0x08000179   Thumb Code     0  libinit2.o(.ARM.Collect$$libinit$$00000017)
    __rt_lib_init_lc_time_1                  0x08000179   Thumb Code     0  libinit2.o(.ARM.Collect$$libinit$$00000019)
    __rt_lib_init_preinit_1                  0x08000179   Thumb Code     0  libinit2.o(.ARM.Collect$$libinit$$00000004)
    __rt_lib_init_rand_1                     0x08000179   Thumb Code     0  libinit2.o(.ARM.Collect$$libinit$$0000000E)
    __rt_lib_init_return                     0x08000179   Thumb Code     0  libinit2.o(.ARM.Collect$$libinit$$00000033)
    __rt_lib_init_signal_1                   0x08000179   Thumb Code     0  libinit2.o(.ARM.Collect$$libinit$$0000001D)
    __rt_lib_init_stdio_1                    0x08000179   Thumb Code     0  libinit2.o(.ARM.Collect$$libinit$$00000025)
    __rt_lib_init_user_alloc_1               0x08000179   Thumb Code     0  libinit2.o(.ARM.Collect$$libinit$$0000000C)
    __rt_lib_shutdown                        0x0800017b   Thumb Code     0  libshutdown.o(.ARM.Collect$$libshutdown$$00000000)
    __rt_lib_shutdown_fp_trap_1              0x0800017d   Thumb Code     0  libshutdown2.o(.ARM.Collect$$libshutdown$$00000006)
    __rt_lib_shutdown_heap_1                 0x0800017d   Thumb Code     0  libshutdown2.o(.ARM.Collect$$libshutdown$$0000000E)
    __rt_lib_shutdown_return                 0x0800017d   Thumb Code     0  libshutdown2.o(.ARM.Collect$$libshutdown$$0000000F)
    __rt_lib_shutdown_signal_1               0x0800017d   Thumb Code     0  libshutdown2.o(.ARM.Collect$$libshutdown$$00000009)
    __rt_lib_shutdown_stdio_1                0x0800017d   Thumb Code     0  libshutdown2.o(.ARM.Collect$$libshutdown$$00000003)
    __rt_lib_shutdown_user_alloc_1           0x0800017d   Thumb Code     0  libshutdown2.o(.ARM.Collect$$libshutdown$$0000000B)
    __rt_entry                               0x0800017f   Thumb Code     0  __rtentry.o(.ARM.Collect$$rtentry$$00000000)
    __rt_entry_presh_1                       0x0800017f   Thumb Code     0  __rtentry2.o(.ARM.Collect$$rtentry$$00000002)
    __rt_entry_sh                            0x0800017f   Thumb Code     0  __rtentry4.o(.ARM.Collect$$rtentry$$00000004)
    __rt_entry_li                            0x08000185   Thumb Code     0  __rtentry2.o(.ARM.Collect$$rtentry$$0000000A)
    __rt_entry_postsh_1                      0x08000185   Thumb Code     0  __rtentry2.o(.ARM.Collect$$rtentry$$00000009)
    __rt_entry_main                          0x08000189   Thumb Code     0  __rtentry2.o(.ARM.Collect$$rtentry$$0000000D)
    __rt_entry_postli_1                      0x08000189   Thumb Code     0  __rtentry2.o(.ARM.Collect$$rtentry$$0000000C)
    __rt_exit                                0x08000191   Thumb Code     0  rtexit.o(.ARM.Collect$$rtexit$$00000000)
    __rt_exit_ls                             0x08000193   Thumb Code     0  rtexit2.o(.ARM.Collect$$rtexit$$00000003)
    __rt_exit_prels_1                        0x08000193   Thumb Code     0  rtexit2.o(.ARM.Collect$$rtexit$$00000002)
    __rt_exit_exit                           0x08000197   Thumb Code     0  rtexit2.o(.ARM.Collect$$rtexit$$00000004)
    _delay_loop                              0x0800019d   Thumb Code     6  embedi_delay.o(.emb_text)
    SVC_Handler                              0x080001a5   Thumb Code    32  port.o(.emb_text)
    __asm___6_port_c_39a90d8d__prvStartFirstTask 0x080001c9   Thumb Code    28  port.o(.emb_text)
    PendSV_Handler                           0x080001e9   Thumb Code    72  port.o(.emb_text)
    vPortGetIPSR                             0x08000235   Thumb Code     6  port.o(.emb_text)
    Reset_Handler                            0x0800023d   Thumb Code     8  startup_stm32f103xb.o(.text)
    ADC1_2_IRQHandler                        0x08000257   Thumb Code     0  startup_stm32f103xb.o(.text)
    CAN1_RX1_IRQHandler                      0x08000257   Thumb Code     0  startup_stm32f103xb.o(.text)
    CAN1_SCE_IRQHandler                      0x08000257   Thumb Code     0  startup_stm32f103xb.o(.text)
    DMA1_Channel1_IRQHandler                 0x08000257   Thumb Code     0  startup_stm32f103xb.o(.text)
    DMA1_Channel2_IRQHandler                 0x08000257   Thumb Code     0  startup_stm32f103xb.o(.text)
    DMA1_Channel3_IRQHandler                 0x08000257   Thumb Code     0  startup_stm32f103xb.o(.text)
    DMA1_Channel4_IRQHandler                 0x08000257   Thumb Code     0  startup_stm32f103xb.o(.text)
    DMA1_Channel5_IRQHandler                 0x08000257   Thumb Code     0  startup_stm32f103xb.o(.text)
    DMA1_Channel6_IRQHandler                 0x08000257   Thumb Code     0  startup_stm32f103xb.o(.text)
    DMA1_Channel7_IRQHandler                 0x08000257   Thumb Code     0  startup_stm32f103xb.o(.text)
    EXTI0_IRQHandler                         0x08000257   Thumb Code     0  startup_stm32f103xb.o(.text)
    EXTI1_IRQHandler                         0x08000257   Thumb Code     0  startup_stm32f103xb.o(.text)
    EXTI2_IRQHandler                         0x08000257   Thumb Code     0  startup_stm32f103xb.o(.text)
    EXTI3_IRQHandler                         0x08000257   Thumb Code     0  startup_stm32f103xb.o(.text)
    EXTI4_IRQHandler                         0x08000257   Thumb Code     0  startup_stm32f103xb.o(.text)
    EXTI9_5_IRQHandler                       0x08000257   Thumb Code     0  startup_stm32f103xb.o(.text)
    FLASH_IRQHandler                         0x08000257   Thumb Code     0  startup_stm32f103xb.o(.text)
    I2C1_ER_IRQHandler                       0x08000257   Thumb Code     0  startup_stm32f103xb.o(.text)
    I2C1_EV_IRQHandler                       0x08000257   Thumb Code     0  startup_stm32f103xb.o(.text)
    I2C2_ER_IRQHandler                       0x08000257   Thumb Code     0  startup_stm32f103xb.o(.text)
    I2C2_EV_IRQHandler                       0x08000257   Thumb Code     0  startup_stm32f103xb.o(.text)
    PVD_IRQHandler                           0x08000257   Thumb Code     0  startup_stm32f103xb.o(.text)
    RCC_IRQHandler                           0x08000257   Thumb Code     0  startup_stm32f103xb.o(.text)
    RTC_Alarm_IRQHandler                     0x08000257   Thumb Code     0  startup_stm32f103xb.o(.text)
    RTC_IRQHandler                           0x08000257   Thumb Code     0  startup_stm32f103xb.o(.text)
    SPI1_IRQHandler                          0x08000257   Thumb Code     0  startup_stm32f103xb.o(.text)
    SPI2_IRQHandler                          0x08000257   Thumb Code     0  startup_stm32f103xb.o(.text)
    TAMPER_IRQHandler                        0x08000257   Thumb Code     0  startup_stm32f103xb.o(.text)
    TIM1_BRK_IRQHandler                      0x08000257   Thumb Code     0  startup_stm32f103xb.o(.text)
    TIM1_CC_IRQHandler                       0x08000257   Thumb Code     0  startup_stm32f103xb.o(.text)
    TIM1_TRG_COM_IRQHandler                  0x08000257   Thumb Code     0  startup_stm32f103xb.o(.text)
    TIM1_UP_IRQHandler                       0x08000257   Thumb Code     0  startup_stm32f103xb.o(.text)
    TIM2_IRQHandler                          0x08000257   Thumb Code     0  startup_stm32f103xb.o(.text)
    TIM3_IRQHandler                          0x08000257   Thumb Code     0  startup_stm32f103xb.o(.text)
    TIM4_IRQHandler                          0x08000257   Thumb Code     0  startup_stm32f103xb.o(.text)
    USART2_IRQHandler                        0x08000257   Thumb Code     0  startup_stm32f103xb.o(.text)
    USART3_IRQHandler                        0x08000257   Thumb Code     0  startup_stm32f103xb.o(.text)
    USBWakeUp_IRQHandler                     0x08000257   Thumb Code     0  startup_stm32f103xb.o(.text)
    USB_HP_CAN1_TX_IRQHandler                0x08000257   Thumb Code     0  startup_stm32f103xb.o(.text)
    USB_LP_CAN1_RX0_IRQHandler               0x08000257   Thumb Code     0  startup_stm32f103xb.o(.text)
    WWDG_IRQHandler                          0x08000257   Thumb Code     0  startup_stm32f103xb.o(.text)
    __user_initial_stackheap                 0x08000259   Thumb Code     0  startup_stm32f103xb.o(.text)
    __use_no_semihosting                     0x0800027d   Thumb Code     2  use_no_semi_2.o(.text)
    __aeabi_llsr                             0x0800027f   Thumb Code     0  llushr.o(.text)
    _ll_ushift_r                             0x0800027f   Thumb Code    38  llushr.o(.text)
    __2printf                                0x080002a5   Thumb Code    20  noretval__2printf.o(.text)
    _printf_str                              0x080002bd   Thumb Code    82  _printf_str.o(.text)
    _printf_int_dec                          0x08000311   Thumb Code   104  _printf_dec.o(.text)
    _printf_int_hex                          0x08000389   Thumb Code    84  _printf_hex_int.o(.text)
    _printf_longlong_hex                     0x08000389   Thumb Code     0  _printf_hex_int.o(.text)
    __printf                                 0x080003e1   Thumb Code   308  __printf_flags_wp.o(.text)
    __aeabi_memcpy4                          0x08000519   Thumb Code     0  rt_memcpy_w.o(.text)
    __aeabi_memcpy8                          0x08000519   Thumb Code     0  rt_memcpy_w.o(.text)
    __rt_memcpy_w                            0x08000519   Thumb Code   100  rt_memcpy_w.o(.text)
    _memcpy_lastbytes_aligned                0x08000561   Thumb Code     0  rt_memcpy_w.o(.text)
    __aeabi_memclr4                          0x0800057d   Thumb Code     0  rt_memclr_w.o(.text)
    __aeabi_memclr8                          0x0800057d   Thumb Code     0  rt_memclr_w.o(.text)
    __rt_memclr_w                            0x0800057d   Thumb Code    78  rt_memclr_w.o(.text)
    _memset_w                                0x08000581   Thumb Code     0  rt_memclr_w.o(.text)
    __use_two_region_memory                  0x080005cb   Thumb Code     2  heapauxi.o(.text)
    __rt_heap_escrow$2region                 0x080005cd   Thumb Code     2  heapauxi.o(.text)
    __rt_heap_expand$2region                 0x080005cf   Thumb Code     2  heapauxi.o(.text)
    __I$use$semihosting                      0x080005d1   Thumb Code     0  use_no_semi.o(.text)
    __use_no_semihosting_swi                 0x080005d1   Thumb Code     2  use_no_semi.o(.text)
    _printf_int_common                       0x080005d3   Thumb Code   178  _printf_intcommon.o(.text)
    _printf_cs_common                        0x08000685   Thumb Code    20  _printf_char.o(.text)
    _printf_char                             0x08000699   Thumb Code    16  _printf_char.o(.text)
    _printf_string                           0x080006a9   Thumb Code     8  _printf_char.o(.text)
    _printf_char_file                        0x080006b1   Thumb Code    32  _printf_char_file.o(.text)
    _printf_char_common                      0x080006df   Thumb Code    32  _printf_char_common.o(.text)
    ferror                                   0x08000705   Thumb Code     8  ferror.o(.text)
    __user_setup_stackheap                   0x0800070d   Thumb Code    74  sys_stackheap_outer.o(.text)
    exit                                     0x08000757   Thumb Code    12  exit.o(.text)
    __user_libspace                          0x08000765   Thumb Code     8  libspace.o(.text)
    __user_perproc_libspace                  0x08000765   Thumb Code     0  libspace.o(.text)
    __user_perthread_libspace                0x08000765   Thumb Code     0  libspace.o(.text)
    BusFault_Handler                         0x0800076d   Thumb Code     2  stm32f1xx_it.o(i.BusFault_Handler)
    DebugMon_Handler                         0x0800076f   Thumb Code     2  stm32f1xx_it.o(i.DebugMon_Handler)
    EXTI15_10_IRQHandler                     0x08000771   Thumb Code     8  stm32f1xx_it.o(i.EXTI15_10_IRQHandler)
    FLASH_PageErase                          0x0800079d   Thumb Code    28  stm32f1xx_hal_flash_ex.o(i.FLASH_PageErase)
    FLASH_WaitForLastOperation               0x08000839   Thumb Code    80  stm32f1xx_hal_flash.o(i.FLASH_WaitForLastOperation)
    HAL_DMA_Abort                            0x0800088d   Thumb Code    70  stm32f1xx_hal_dma.o(i.HAL_DMA_Abort)
    HAL_DMA_Abort_IT                         0x080008d5   Thumb Code   148  stm32f1xx_hal_dma.o(i.HAL_DMA_Abort_IT)
    HAL_FLASHEx_Erase                        0x0800096d   Thumb Code   160  stm32f1xx_hal_flash_ex.o(i.HAL_FLASHEx_Erase)
    HAL_FLASH_Lock                           0x08000a15   Thumb Code    14  stm32f1xx_hal_flash.o(i.HAL_FLASH_Lock)
    HAL_FLASH_Program                        0x08000a29   Thumb Code   120  stm32f1xx_hal_flash.o(i.HAL_FLASH_Program)
    HAL_FLASH_Unlock                         0x08000aa9   Thumb Code    28  stm32f1xx_hal_flash.o(i.HAL_FLASH_Unlock)
    HAL_GPIO_EXTI_Callback                   0x08000ad1   Thumb Code   160  embedi_imu.o(i.HAL_GPIO_EXTI_Callback)
    HAL_GPIO_EXTI_IRQHandler                 0x08000b75   Thumb Code    18  stm32f1xx_hal_gpio.o(i.HAL_GPIO_EXTI_IRQHandler)
    HAL_GPIO_Init                            0x08000b8d   Thumb Code   446  stm32f1xx_hal_gpio.o(i.HAL_GPIO_Init)
    HAL_GPIO_ReadPin                         0x08000d6d   Thumb Code    10  stm32f1xx_hal_gpio.o(i.HAL_GPIO_ReadPin)
    HAL_GPIO_WritePin                        0x08000d77   Thumb Code    10  stm32f1xx_hal_gpio.o(i.HAL_GPIO_WritePin)
    HAL_GetTick                              0x08000d81   Thumb Code     6  stm32f1xx_hal.o(i.HAL_GetTick)
    HAL_IncTick                              0x08000d8d   Thumb Code    12  stm32f1xx_hal.o(i.HAL_IncTick)
    HAL_Init                                 0x08000d9d   Thumb Code    32  stm32f1xx_hal.o(i.HAL_Init)
    HAL_InitTick                             0x08000dc1   Thumb Code    54  stm32f1xx_hal.o(i.HAL_InitTick)
    HAL_MspInit                              0x08000e01   Thumb Code    62  stm32f1xx_hal_msp.o(i.HAL_MspInit)
    HAL_NVIC_EnableIRQ                       0x08000e49   Thumb Code    26  stm32f1xx_hal_cortex.o(i.HAL_NVIC_EnableIRQ)
    HAL_NVIC_SetPriority                     0x08000e65   Thumb Code    60  stm32f1xx_hal_cortex.o(i.HAL_NVIC_SetPriority)
    HAL_NVIC_SetPriorityGrouping             0x08000ea5   Thumb Code    26  stm32f1xx_hal_cortex.o(i.HAL_NVIC_SetPriorityGrouping)
    HAL_RCC_ClockConfig                      0x08000ec9   Thumb Code   280  stm32f1xx_hal_rcc.o(i.HAL_RCC_ClockConfig)
    HAL_RCC_GetPCLK1Freq                     0x08000ff5   Thumb Code    20  stm32f1xx_hal_rcc.o(i.HAL_RCC_GetPCLK1Freq)
    HAL_RCC_GetPCLK2Freq                     0x08001015   Thumb Code    20  stm32f1xx_hal_rcc.o(i.HAL_RCC_GetPCLK2Freq)
    HAL_RCC_GetSysClockFreq                  0x08001035   Thumb Code    58  stm32f1xx_hal_rcc.o(i.HAL_RCC_GetSysClockFreq)
    HAL_RCC_OscConfig                        0x08001081   Thumb Code   778  stm32f1xx_hal_rcc.o(i.HAL_RCC_OscConfig)
    HAL_SYSTICK_Config                       0x080013a1   Thumb Code    40  stm32f1xx_hal_cortex.o(i.HAL_SYSTICK_Config)
    HAL_TIMEx_ConfigBreakDeadTime            0x080013c9   Thumb Code    84  stm32f1xx_hal_tim_ex.o(i.HAL_TIMEx_ConfigBreakDeadTime)
    HAL_TIMEx_MasterConfigSynchronization    0x0800141d   Thumb Code    92  stm32f1xx_hal_tim_ex.o(i.HAL_TIMEx_MasterConfigSynchronization)
    HAL_TIM_Base_Init                        0x08001485   Thumb Code    90  stm32f1xx_hal_tim.o(i.HAL_TIM_Base_Init)
    HAL_TIM_Base_MspInit                     0x080014e1   Thumb Code    30  stm32f1xx_hal_msp.o(i.HAL_TIM_Base_MspInit)
    HAL_TIM_ConfigClockSource                0x08001509   Thumb Code   220  stm32f1xx_hal_tim.o(i.HAL_TIM_ConfigClockSource)
    HAL_TIM_Encoder_Init                     0x080015e5   Thumb Code   164  stm32f1xx_hal_tim.o(i.HAL_TIM_Encoder_Init)
    HAL_TIM_Encoder_MspInit                  0x08001689   Thumb Code   122  stm32f1xx_hal_msp.o(i.HAL_TIM_Encoder_MspInit)
    HAL_TIM_Encoder_Start                    0x08001715   Thumb Code   142  stm32f1xx_hal_tim.o(i.HAL_TIM_Encoder_Start)
    HAL_TIM_MspPostInit                      0x080017a5   Thumb Code    64  stm32f1xx_hal_msp.o(i.HAL_TIM_MspPostInit)
    HAL_TIM_PWM_ConfigChannel                0x080017f1   Thumb Code   204  stm32f1xx_hal_tim.o(i.HAL_TIM_PWM_ConfigChannel)
    HAL_TIM_PWM_Init                         0x080018bd   Thumb Code    90  stm32f1xx_hal_tim.o(i.HAL_TIM_PWM_Init)
    HAL_TIM_PWM_MspInit                      0x08001917   Thumb Code     2  stm32f1xx_hal_tim.o(i.HAL_TIM_PWM_MspInit)
    HAL_TIM_PWM_Start                        0x08001919   Thumb Code   144  stm32f1xx_hal_tim.o(i.HAL_TIM_PWM_Start)
    HAL_UARTEx_RxEventCallback               0x080019b5   Thumb Code     2  stm32f1xx_hal_uart.o(i.HAL_UARTEx_RxEventCallback)
    HAL_UART_ErrorCallback                   0x080019b7   Thumb Code     2  stm32f1xx_hal_uart.o(i.HAL_UART_ErrorCallback)
    HAL_UART_IRQHandler                      0x080019b9   Thumb Code   616  stm32f1xx_hal_uart.o(i.HAL_UART_IRQHandler)
    HAL_UART_Init                            0x08001c25   Thumb Code   100  stm32f1xx_hal_uart.o(i.HAL_UART_Init)
    HAL_UART_MspInit                         0x08001c89   Thumb Code   116  stm32f1xx_hal_msp.o(i.HAL_UART_MspInit)
    HAL_UART_Receive_IT                      0x08001d09   Thumb Code    28  stm32f1xx_hal_uart.o(i.HAL_UART_Receive_IT)
    HAL_UART_RxCpltCallback                  0x08001d25   Thumb Code    72  embedi_uart.o(i.HAL_UART_RxCpltCallback)
    HAL_UART_Transmit                        0x08001d79   Thumb Code   154  stm32f1xx_hal_uart.o(i.HAL_UART_Transmit)
    HAL_UART_TxCpltCallback                  0x08001e13   Thumb Code     2  stm32f1xx_hal_uart.o(i.HAL_UART_TxCpltCallback)
    HardFault_Handler                        0x08001e15   Thumb Code     2  stm32f1xx_it.o(i.HardFault_Handler)
    MemManage_Handler                        0x080020b1   Thumb Code     2  stm32f1xx_it.o(i.MemManage_Handler)
    NMI_Handler                              0x080020b3   Thumb Code     2  stm32f1xx_it.o(i.NMI_Handler)
    Set_Pwm                                  0x080020b5   Thumb Code    24  embedi_motor.o(i.Set_Pwm)
    StartDefaultTask                         0x080020d1   Thumb Code    58  main.o(i.StartDefaultTask)
    SysTick_Handler                          0x08002115   Thumb Code    24  stm32f1xx_it.o(i.SysTick_Handler)
    SystemClock_Config                       0x0800212d   Thumb Code    94  main.o(i.SystemClock_Config)
    SystemInit                               0x0800218b   Thumb Code     2  system_stm32f1xx.o(i.SystemInit)
    TIM_Base_SetConfig                       0x0800218d   Thumb Code    94  stm32f1xx_hal_tim.o(i.TIM_Base_SetConfig)
    TIM_CCxChannelCmd                        0x080021f9   Thumb Code    26  stm32f1xx_hal_tim.o(i.TIM_CCxChannelCmd)
    TIM_ETR_SetConfig                        0x08002213   Thumb Code    20  stm32f1xx_hal_tim.o(i.TIM_ETR_SetConfig)
    TIM_OC2_SetConfig                        0x08002289   Thumb Code    84  stm32f1xx_hal_tim.o(i.TIM_OC2_SetConfig)
    UART_Start_Receive_IT                    0x0800259d   Thumb Code    54  stm32f1xx_hal_uart.o(i.UART_Start_Receive_IT)
    USART1_IRQHandler                        0x0800264d   Thumb Code     6  stm32f1xx_it.o(i.USART1_IRQHandler)
    UsageFault_Handler                       0x08002659   Thumb Code     2  stm32f1xx_it.o(i.UsageFault_Handler)
    _is_digit                                0x08002b63   Thumb Code    14  __printf_wp.o(i._is_digit)
    _sys_exit                                0x08002f2d   Thumb Code     2  embedi_uart.o(i._sys_exit)
    embedi_data_to_scope                     0x080030c9   Thumb Code    56  embedi_scope.o(i.embedi_data_to_scope)
    embedi_delay_ms                          0x08003119   Thumb Code    10  embedi_delay.o(i.embedi_delay_ms)
    embedi_delay_us                          0x08003123   Thumb Code    12  embedi_delay.o(i.embedi_delay_us)
    embedi_enable_uart1_interrupt            0x08003131   Thumb Code    12  embedi_uart.o(i.embedi_enable_uart1_interrupt)
    embedi_flash_test                        0x08003141   Thumb Code    76  embedi_flash.o(i.embedi_flash_test)
    embedi_get_systick                       0x080031c5   Thumb Code    14  embedi_delay.o(i.embedi_get_systick)
    embedi_i2c_read_block                    0x080031d3   Thumb Code     4  embedi_i2c.o(i.embedi_i2c_read_block)
    embedi_i2c_write_block                   0x080031d7   Thumb Code     4  embedi_i2c.o(i.embedi_i2c_write_block)
    embedi_imu_calibration                   0x080031dd   Thumb Code    26  embedi_imu.o(i.embedi_imu_calibration)
    embedi_imu_init                          0x080031fd   Thumb Code    76  embedi_imu.o(i.embedi_imu_init)
    embedi_read_flash                        0x0800327d   Thumb Code    26  embedi_flash.o(i.embedi_read_flash)
    embedi_scope_show                        0x08003299   Thumb Code    40  embedi_scope.o(i.embedi_scope_show)
    embedi_uart_send_byte                    0x080032c9   Thumb Code    12  embedi_uart.o(i.embedi_uart_send_byte)
    embedi_write_flash                       0x080032d9   Thumb Code   230  embedi_flash.o(i.embedi_write_flash)
    emebedi_i2c_test                         0x080033d9   Thumb Code    42  embedi_i2c.o(i.emebedi_i2c_test)
    fputc                                    0x08003415   Thumb Code    14  embedi_uart.o(i.fputc)
    main                                     0x08003429   Thumb Code   100  main.o(i.main)
    motor_test                               0x080034a9   Thumb Code   166  embedi_motor.o(i.motor_test)
    mpu_configure_fifo                       0x08003559   Thumb Code    78  inv_mpu.o(i.mpu_configure_fifo)
    mpu_get_accel_fsr                        0x080035ad   Thumb Code    54  inv_mpu.o(i.mpu_get_accel_fsr)
    mpu_get_accel_reg                        0x080035e9   Thumb Code    76  inv_mpu.o(i.mpu_get_accel_reg)
    mpu_get_accel_sens                       0x08003639   Thumb Code    62  inv_mpu.o(i.mpu_get_accel_sens)
    mpu_get_gyro_fsr                         0x0800367d   Thumb Code    48  inv_mpu.o(i.mpu_get_gyro_fsr)
    mpu_get_gyro_reg                         0x080036b1   Thumb Code    78  inv_mpu.o(i.mpu_get_gyro_reg)
    mpu_get_gyro_sens                        0x08003705   Thumb Code    44  inv_mpu.o(i.mpu_get_gyro_sens)
    mpu_get_sample_rate                      0x08003745   Thumb Code    22  inv_mpu.o(i.mpu_get_sample_rate)
    mpu_init                                 0x08003761   Thumb Code   220  inv_mpu.o(i.mpu_init)
    mpu_lp_accel_mode                        0x08003885   Thumb Code   178  inv_mpu.o(i.mpu_lp_accel_mode)
    mpu_reset_fifo                           0x0800393d   Thumb Code   346  inv_mpu.o(i.mpu_reset_fifo)
    mpu_set_accel_fsr                        0x08003a9d   Thumb Code    98  inv_mpu.o(i.mpu_set_accel_fsr)
    mpu_set_bypass                           0x08003b05   Thumb Code   214  inv_mpu.o(i.mpu_set_bypass)
    mpu_set_gyro_fsr                         0x08003be1   Thumb Code   104  inv_mpu.o(i.mpu_set_gyro_fsr)
    mpu_set_int_latched                      0x08003c4d   Thumb Code    94  inv_mpu.o(i.mpu_set_int_latched)
    mpu_set_lpf                              0x08003cb1   Thumb Code   102  inv_mpu.o(i.mpu_set_lpf)
    mpu_set_sample_rate                      0x08003d1d   Thumb Code   124  inv_mpu.o(i.mpu_set_sample_rate)
    mpu_set_sensors                          0x08003d9d   Thumb Code   178  inv_mpu.o(i.mpu_set_sensors)
    myabs                                    0x08003e55   Thumb Code     8  embedi_motor.o(i.myabs)
    osDelay                                  0x08003e5d   Thumb Code    14  cmsis_os.o(i.osDelay)
    osKernelStart                            0x08003e6b   Thumb Code    10  cmsis_os.o(i.osKernelStart)
    osThreadCreate                           0x08003e75   Thumb Code    84  cmsis_os.o(i.osThreadCreate)
    pvPortMalloc                             0x0800420d   Thumb Code   210  heap_4.o(i.pvPortMalloc)
    pxPortInitialiseStack                    0x080042e5   Thumb Code    32  port.o(i.pxPortInitialiseStack)
    uxListRemove                             0x08004361   Thumb Code    38  list.o(i.uxListRemove)
    vApplicationGetIdleTaskMemory            0x08004389   Thumb Code    16  freertos.o(i.vApplicationGetIdleTaskMemory)
    vListInitialise                          0x0800439d   Thumb Code    22  list.o(i.vListInitialise)
    vListInitialiseItem                      0x080043b3   Thumb Code     6  list.o(i.vListInitialiseItem)
    vListInsert                              0x080043b9   Thumb Code    48  list.o(i.vListInsert)
    vListInsertEnd                           0x080043e9   Thumb Code    24  list.o(i.vListInsertEnd)
    vPortEnterCritical                       0x08004401   Thumb Code    54  port.o(i.vPortEnterCritical)
    vPortExitCritical                        0x08004441   Thumb Code    34  port.o(i.vPortExitCritical)
    vPortFree                                0x08004469   Thumb Code    88  heap_4.o(i.vPortFree)
    vPortSetupTimerInterrupt                 0x080044c5   Thumb Code    32  port.o(i.vPortSetupTimerInterrupt)
    vTaskDelay                               0x080044e9   Thumb Code    66  tasks.o(i.vTaskDelay)
    vTaskStartScheduler                      0x08004535   Thumb Code    90  tasks.o(i.vTaskStartScheduler)
    vTaskSuspendAll                          0x080045a1   Thumb Code    10  tasks.o(i.vTaskSuspendAll)
    vTaskSwitchContext                       0x080045b1   Thumb Code    82  tasks.o(i.vTaskSwitchContext)
    xPortStartScheduler                      0x0800460d   Thumb Code   154  port.o(i.xPortStartScheduler)
    xPortSysTickHandler                      0x080046b5   Thumb Code    38  port.o(i.xPortSysTickHandler)
    xTaskCreate                              0x080046e1   Thumb Code    90  tasks.o(i.xTaskCreate)
    xTaskCreateStatic                        0x0800473b   Thumb Code    86  tasks.o(i.xTaskCreateStatic)
    xTaskGetSchedulerState                   0x08004791   Thumb Code    22  tasks.o(i.xTaskGetSchedulerState)
    xTaskGetTickCount                        0x080047ad   Thumb Code     6  tasks.o(i.xTaskGetTickCount)
    xTaskIncrementTick                       0x080047b9   Thumb Code   192  tasks.o(i.xTaskIncrementTick)
    xTaskResumeAll                           0x08004881   Thumb Code   182  tasks.o(i.xTaskResumeAll)
    __aeabi_d2f                              0x08004945   Thumb Code     0  d2f.o(x$fpl$d2f)
    _d2f                                     0x08004945   Thumb Code    98  d2f.o(x$fpl$d2f)
    __aeabi_dmul                             0x080049a9   Thumb Code     0  dmul.o(x$fpl$dmul)
    _dmul                                    0x080049a9   Thumb Code   332  dmul.o(x$fpl$dmul)
    __fpl_dnaninf                            0x08004afd   Thumb Code   156  dnaninf.o(x$fpl$dnaninf)
    __fpl_dretinf                            0x08004b99   Thumb Code    12  dretinf.o(x$fpl$dretinf)
    __aeabi_f2d                              0x08004ba5   Thumb Code     0  f2d.o(x$fpl$f2d)
    _f2d                                     0x08004ba5   Thumb Code    86  f2d.o(x$fpl$f2d)
    __aeabi_fdiv                             0x08004bfd   Thumb Code     0  fdiv.o(x$fpl$fdiv)
    _fdiv                                    0x08004bfd   Thumb Code   384  fdiv.o(x$fpl$fdiv)
    __aeabi_i2f                              0x08004d81   Thumb Code     0  fflt_clz.o(x$fpl$fflt)
    _fflt                                    0x08004d81   Thumb Code    48  fflt_clz.o(x$fpl$fflt)
    __aeabi_ui2f                             0x08004db1   Thumb Code     0  fflt_clz.o(x$fpl$ffltu)
    _ffltu                                   0x08004db1   Thumb Code    38  fflt_clz.o(x$fpl$ffltu)
    __fpl_fnaninf                            0x08004dd7   Thumb Code   140  fnaninf.o(x$fpl$fnaninf)
    __fpl_fretinf                            0x08004e63   Thumb Code    10  fretinf.o(x$fpl$fretinf)
    __I$use$fp                               0x08004e6c   Number         0  usenofp.o(x$fpl$usenofp)
    AHBPrescTable                            0x08004e9a   Data          16  system_stm32f1xx.o(.constdata)
    APBPrescTable                            0x08004eaa   Data           8  system_stm32f1xx.o(.constdata)
    reg                                      0x08004f44   Data          30  inv_mpu.o(.constdata)
    hw                                       0x08004f62   Data          12  inv_mpu.o(.constdata)
    test                                     0x08004f70   Data          40  inv_mpu.o(.constdata)
    Region$$Table$$Base                      0x08004fe0   Number         0  anon$$obj.o(Region$$Table)
    Region$$Table$$Limit                     0x08005000   Number         0  anon$$obj.o(Region$$Table)
    defaultTaskHandle                        0x20000000   Data           4  main.o(.data)
    uwTickFreq                               0x20000004   Data           1  stm32f1xx_hal.o(.data)
    uwTickPrio                               0x20000008   Data           4  stm32f1xx_hal.o(.data)
    uwTick                                   0x2000000c   Data           4  stm32f1xx_hal.o(.data)
    SystemCoreClock                          0x20000010   Data           4  system_stm32f1xx.o(.data)
    uart1_buff                               0x20000014   Data           1  embedi_uart.o(.data)
    uart2_buff                               0x20000015   Data           1  embedi_uart.o(.data)
    uart3_buff                               0x20000016   Data           1  embedi_uart.o(.data)
    huart                                    0x20000018   Data           4  embedi_uart.o(.data)
    run_test                                 0x2000001c   Data           4  embedi_uart.o(.data)
    __stdout                                 0x20000020   Data           4  embedi_uart.o(.data)
    pxCurrentTCB                             0x2000006c   Data           4  tasks.o(.data)
    htim1                                    0x200000cc   Data          72  main.o(.bss)
    htim2                                    0x20000114   Data          72  main.o(.bss)
    htim4                                    0x2000015c   Data          72  main.o(.bss)
    huart1                                   0x200001a4   Data          72  main.o(.bss)
    pFlash                                   0x20000440   Data          32  stm32f1xx_hal_flash.o(.bss)
    g_flash_buf                              0x20000640   Data        1024  embedi_flash.o(.bss)
    g_buffer                                 0x20000a40   Data          14  embedi_scope.o(.bss)
    __libspace_start                         0x20001740   Data          96  libspace.o(.bss)
    __temporary_stack_top$libspace           0x200017a0   Data           0  libspace.o(.bss)



==============================================================================

Memory Map of the image

  Image Entry point : 0x080000ed

  Load Region LR_IROM1 (Base: 0x08000000, Size: 0x000050cc, Max: 0x0000fc00, ABSOLUTE)

    Execution Region ER_IROM1 (Base: 0x08000000, Size: 0x00005000, Max: 0x0000fc00, ABSOLUTE)

    Base Addr    Size         Type   Attr      Idx    E Section Name        Object

    0x08000000   0x000000ec   Data   RO            3    RESET               startup_stm32f103xb.o
    0x080000ec   0x00000008   Code   RO         5049  * !!!main             c_w.l(__main.o)
    0x080000f4   0x00000034   Code   RO         5281    !!!scatter          c_w.l(__scatter.o)
    0x08000128   0x0000001a   Code   RO         5283    !!handler_copy      c_w.l(__scatter_copy.o)
    0x08000142   0x00000002   PAD
    0x08000144   0x0000001c   Code   RO         5285    !!handler_zi        c_w.l(__scatter_zi.o)
    0x08000160   0x00000000   Code   RO         5034    .ARM.Collect$$_printf_percent$$00000000  c_w.l(_printf_percent.o)
    0x08000160   0x00000006   Code   RO         5033    .ARM.Collect$$_printf_percent$$00000009  c_w.l(_printf_d.o)
    0x08000166   0x00000006   Code   RO         5032    .ARM.Collect$$_printf_percent$$0000000C  c_w.l(_printf_x.o)
    0x0800016c   0x00000006   Code   RO         5031    .ARM.Collect$$_printf_percent$$00000014  c_w.l(_printf_s.o)
    0x08000172   0x00000004   Code   RO         5096    .ARM.Collect$$_printf_percent$$00000017  c_w.l(_printf_percent_end.o)
    0x08000176   0x00000002   Code   RO         5150    .ARM.Collect$$libinit$$00000000  c_w.l(libinit.o)
    0x08000178   0x00000000   Code   RO         5163    .ARM.Collect$$libinit$$00000002  c_w.l(libinit2.o)
    0x08000178   0x00000000   Code   RO         5165    .ARM.Collect$$libinit$$00000004  c_w.l(libinit2.o)
    0x08000178   0x00000000   Code   RO         5168    .ARM.Collect$$libinit$$0000000A  c_w.l(libinit2.o)
    0x08000178   0x00000000   Code   RO         5170    .ARM.Collect$$libinit$$0000000C  c_w.l(libinit2.o)
    0x08000178   0x00000000   Code   RO         5172    .ARM.Collect$$libinit$$0000000E  c_w.l(libinit2.o)
    0x08000178   0x00000000   Code   RO         5175    .ARM.Collect$$libinit$$00000011  c_w.l(libinit2.o)
    0x08000178   0x00000000   Code   RO         5177    .ARM.Collect$$libinit$$00000013  c_w.l(libinit2.o)
    0x08000178   0x00000000   Code   RO         5179    .ARM.Collect$$libinit$$00000015  c_w.l(libinit2.o)
    0x08000178   0x00000000   Code   RO         5181    .ARM.Collect$$libinit$$00000017  c_w.l(libinit2.o)
    0x08000178   0x00000000   Code   RO         5183    .ARM.Collect$$libinit$$00000019  c_w.l(libinit2.o)
    0x08000178   0x00000000   Code   RO         5185    .ARM.Collect$$libinit$$0000001B  c_w.l(libinit2.o)
    0x08000178   0x00000000   Code   RO         5187    .ARM.Collect$$libinit$$0000001D  c_w.l(libinit2.o)
    0x08000178   0x00000000   Code   RO         5189    .ARM.Collect$$libinit$$0000001F  c_w.l(libinit2.o)
    0x08000178   0x00000000   Code   RO         5191    .ARM.Collect$$libinit$$00000021  c_w.l(libinit2.o)
    0x08000178   0x00000000   Code   RO         5193    .ARM.Collect$$libinit$$00000023  c_w.l(libinit2.o)
    0x08000178   0x00000000   Code   RO         5195    .ARM.Collect$$libinit$$00000025  c_w.l(libinit2.o)
    0x08000178   0x00000000   Code   RO         5199    .ARM.Collect$$libinit$$0000002C  c_w.l(libinit2.o)
    0x08000178   0x00000000   Code   RO         5201    .ARM.Collect$$libinit$$0000002E  c_w.l(libinit2.o)
    0x08000178   0x00000000   Code   RO         5203    .ARM.Collect$$libinit$$00000030  c_w.l(libinit2.o)
    0x08000178   0x00000000   Code   RO         5205    .ARM.Collect$$libinit$$00000032  c_w.l(libinit2.o)
    0x08000178   0x00000002   Code   RO         5206    .ARM.Collect$$libinit$$00000033  c_w.l(libinit2.o)
    0x0800017a   0x00000002   Code   RO         5234    .ARM.Collect$$libshutdown$$00000000  c_w.l(libshutdown.o)
    0x0800017c   0x00000000   Code   RO         5249    .ARM.Collect$$libshutdown$$00000003  c_w.l(libshutdown2.o)
    0x0800017c   0x00000000   Code   RO         5252    .ARM.Collect$$libshutdown$$00000006  c_w.l(libshutdown2.o)
    0x0800017c   0x00000000   Code   RO         5255    .ARM.Collect$$libshutdown$$00000009  c_w.l(libshutdown2.o)
    0x0800017c   0x00000000   Code   RO         5257    .ARM.Collect$$libshutdown$$0000000B  c_w.l(libshutdown2.o)
    0x0800017c   0x00000000   Code   RO         5260    .ARM.Collect$$libshutdown$$0000000E  c_w.l(libshutdown2.o)
    0x0800017c   0x00000002   Code   RO         5261    .ARM.Collect$$libshutdown$$0000000F  c_w.l(libshutdown2.o)
    0x0800017e   0x00000000   Code   RO         5087    .ARM.Collect$$rtentry$$00000000  c_w.l(__rtentry.o)
    0x0800017e   0x00000000   Code   RO         5111    .ARM.Collect$$rtentry$$00000002  c_w.l(__rtentry2.o)
    0x0800017e   0x00000006   Code   RO         5123    .ARM.Collect$$rtentry$$00000004  c_w.l(__rtentry4.o)
    0x08000184   0x00000000   Code   RO         5113    .ARM.Collect$$rtentry$$00000009  c_w.l(__rtentry2.o)
    0x08000184   0x00000004   Code   RO         5114    .ARM.Collect$$rtentry$$0000000A  c_w.l(__rtentry2.o)
    0x08000188   0x00000000   Code   RO         5116    .ARM.Collect$$rtentry$$0000000C  c_w.l(__rtentry2.o)
    0x08000188   0x00000008   Code   RO         5117    .ARM.Collect$$rtentry$$0000000D  c_w.l(__rtentry2.o)
    0x08000190   0x00000002   Code   RO         5156    .ARM.Collect$$rtexit$$00000000  c_w.l(rtexit.o)
    0x08000192   0x00000000   Code   RO         5208    .ARM.Collect$$rtexit$$00000002  c_w.l(rtexit2.o)
    0x08000192   0x00000004   Code   RO         5209    .ARM.Collect$$rtexit$$00000003  c_w.l(rtexit2.o)
    0x08000196   0x00000006   Code   RO         5210    .ARM.Collect$$rtexit$$00000004  c_w.l(rtexit2.o)
    0x0800019c   0x00000006   Code   RO         2799    .emb_text           embedi_delay.o
    0x080001a2   0x00000002   PAD
    0x080001a4   0x00000096   Code   RO         4893    .emb_text           port.o
    0x0800023a   0x00000002   PAD
    0x0800023c   0x00000040   Code   RO            4    .text               startup_stm32f103xb.o
    0x0800027c   0x00000002   Code   RO         4972    .text               c_w.l(use_no_semi_2.o)
    0x0800027e   0x00000026   Code   RO         4974    .text               c_w.l(llushr.o)
    0x080002a4   0x00000018   Code   RO         4980    .text               c_w.l(noretval__2printf.o)
    0x080002bc   0x00000052   Code   RO         4986    .text               c_w.l(_printf_str.o)
    0x0800030e   0x00000002   PAD
    0x08000310   0x00000078   Code   RO         4988    .text               c_w.l(_printf_dec.o)
    0x08000388   0x00000058   Code   RO         4993    .text               c_w.l(_printf_hex_int.o)
    0x080003e0   0x00000138   Code   RO         5023    .text               c_w.l(__printf_flags_wp.o)
    0x08000518   0x00000064   Code   RO         5039    .text               c_w.l(rt_memcpy_w.o)
    0x0800057c   0x0000004e   Code   RO         5045    .text               c_w.l(rt_memclr_w.o)
    0x080005ca   0x00000006   Code   RO         5047    .text               c_w.l(heapauxi.o)
    0x080005d0   0x00000002   Code   RO         5085    .text               c_w.l(use_no_semi.o)
    0x080005d2   0x000000b2   Code   RO         5090    .text               c_w.l(_printf_intcommon.o)
    0x08000684   0x0000002c   Code   RO         5092    .text               c_w.l(_printf_char.o)
    0x080006b0   0x00000024   Code   RO         5094    .text               c_w.l(_printf_char_file.o)
    0x080006d4   0x00000030   Code   RO         5129    .text               c_w.l(_printf_char_common.o)
    0x08000704   0x00000008   Code   RO         5131    .text               c_w.l(ferror.o)
    0x0800070c   0x0000004a   Code   RO         5137    .text               c_w.l(sys_stackheap_outer.o)
    0x08000756   0x0000000c   Code   RO         5143    .text               c_w.l(exit.o)
    0x08000762   0x00000002   PAD
    0x08000764   0x00000008   Code   RO         5153    .text               c_w.l(libspace.o)
    0x0800076c   0x00000002   Code   RO          270    i.BusFault_Handler  stm32f1xx_it.o
    0x0800076e   0x00000002   Code   RO          271    i.DebugMon_Handler  stm32f1xx_it.o
    0x08000770   0x00000008   Code   RO          272    i.EXTI15_10_IRQHandler  stm32f1xx_it.o
    0x08000778   0x00000024   Code   RO         1268    i.FLASH_MassErase   stm32f1xx_hal_flash_ex.o
    0x0800079c   0x00000024   Code   RO         1273    i.FLASH_PageErase   stm32f1xx_hal_flash_ex.o
    0x080007c0   0x0000001c   Code   RO         1165    i.FLASH_Program_HalfWord  stm32f1xx_hal_flash.o
    0x080007dc   0x0000005c   Code   RO         1166    i.FLASH_SetErrorCode  stm32f1xx_hal_flash.o
    0x08000838   0x00000054   Code   RO         1167    i.FLASH_WaitForLastOperation  stm32f1xx_hal_flash.o
    0x0800088c   0x00000046   Code   RO          829    i.HAL_DMA_Abort     stm32f1xx_hal_dma.o
    0x080008d2   0x00000002   PAD
    0x080008d4   0x00000098   Code   RO          830    i.HAL_DMA_Abort_IT  stm32f1xx_hal_dma.o
    0x0800096c   0x000000a8   Code   RO         1274    i.HAL_FLASHEx_Erase  stm32f1xx_hal_flash_ex.o
    0x08000a14   0x00000014   Code   RO         1171    i.HAL_FLASH_Lock    stm32f1xx_hal_flash.o
    0x08000a28   0x00000080   Code   RO         1176    i.HAL_FLASH_Program  stm32f1xx_hal_flash.o
    0x08000aa8   0x00000028   Code   RO         1178    i.HAL_FLASH_Unlock  stm32f1xx_hal_flash.o
    0x08000ad0   0x000000a4   Code   RO         2981    i.HAL_GPIO_EXTI_Callback  embedi_imu.o
    0x08000b74   0x00000018   Code   RO          764    i.HAL_GPIO_EXTI_IRQHandler  stm32f1xx_hal_gpio.o
    0x08000b8c   0x000001e0   Code   RO          765    i.HAL_GPIO_Init     stm32f1xx_hal_gpio.o
    0x08000d6c   0x0000000a   Code   RO          767    i.HAL_GPIO_ReadPin  stm32f1xx_hal_gpio.o
    0x08000d76   0x0000000a   Code   RO          769    i.HAL_GPIO_WritePin  stm32f1xx_hal_gpio.o
    0x08000d80   0x0000000c   Code   RO          459    i.HAL_GetTick       stm32f1xx_hal.o
    0x08000d8c   0x00000010   Code   RO          465    i.HAL_IncTick       stm32f1xx_hal.o
    0x08000d9c   0x00000024   Code   RO          466    i.HAL_Init          stm32f1xx_hal.o
    0x08000dc0   0x00000040   Code   RO          467    i.HAL_InitTick      stm32f1xx_hal.o
    0x08000e00   0x00000048   Code   RO          346    i.HAL_MspInit       stm32f1xx_hal_msp.o
    0x08000e48   0x0000001a   Code   RO          925    i.HAL_NVIC_EnableIRQ  stm32f1xx_hal_cortex.o
    0x08000e62   0x00000002   PAD
    0x08000e64   0x00000040   Code   RO          931    i.HAL_NVIC_SetPriority  stm32f1xx_hal_cortex.o
    0x08000ea4   0x00000024   Code   RO          932    i.HAL_NVIC_SetPriorityGrouping  stm32f1xx_hal_cortex.o
    0x08000ec8   0x0000012c   Code   RO          623    i.HAL_RCC_ClockConfig  stm32f1xx_hal_rcc.o
    0x08000ff4   0x00000020   Code   RO          630    i.HAL_RCC_GetPCLK1Freq  stm32f1xx_hal_rcc.o
    0x08001014   0x00000020   Code   RO          631    i.HAL_RCC_GetPCLK2Freq  stm32f1xx_hal_rcc.o
    0x08001034   0x0000004c   Code   RO          632    i.HAL_RCC_GetSysClockFreq  stm32f1xx_hal_rcc.o
    0x08001080   0x00000320   Code   RO          635    i.HAL_RCC_OscConfig  stm32f1xx_hal_rcc.o
    0x080013a0   0x00000028   Code   RO          936    i.HAL_SYSTICK_Config  stm32f1xx_hal_cortex.o
    0x080013c8   0x00000054   Code   RO         2134    i.HAL_TIMEx_ConfigBreakDeadTime  stm32f1xx_hal_tim_ex.o
    0x0800141c   0x00000068   Code   RO         2150    i.HAL_TIMEx_MasterConfigSynchronization  stm32f1xx_hal_tim_ex.o
    0x08001484   0x0000005a   Code   RO         1427    i.HAL_TIM_Base_Init  stm32f1xx_hal_tim.o
    0x080014de   0x00000002   PAD
    0x080014e0   0x00000028   Code   RO          348    i.HAL_TIM_Base_MspInit  stm32f1xx_hal_msp.o
    0x08001508   0x000000dc   Code   RO         1436    i.HAL_TIM_ConfigClockSource  stm32f1xx_hal_tim.o
    0x080015e4   0x000000a4   Code   RO         1448    i.HAL_TIM_Encoder_Init  stm32f1xx_hal_tim.o
    0x08001688   0x0000008c   Code   RO          350    i.HAL_TIM_Encoder_MspInit  stm32f1xx_hal_msp.o
    0x08001714   0x0000008e   Code   RO         1451    i.HAL_TIM_Encoder_Start  stm32f1xx_hal_tim.o
    0x080017a2   0x00000002   PAD
    0x080017a4   0x0000004c   Code   RO          351    i.HAL_TIM_MspPostInit  stm32f1xx_hal_msp.o
    0x080017f0   0x000000cc   Code   RO         1499    i.HAL_TIM_PWM_ConfigChannel  stm32f1xx_hal_tim.o
    0x080018bc   0x0000005a   Code   RO         1502    i.HAL_TIM_PWM_Init  stm32f1xx_hal_tim.o
    0x08001916   0x00000002   Code   RO         1504    i.HAL_TIM_PWM_MspInit  stm32f1xx_hal_tim.o
    0x08001918   0x0000009c   Code   RO         1507    i.HAL_TIM_PWM_Start  stm32f1xx_hal_tim.o
    0x080019b4   0x00000002   Code   RO         2410    i.HAL_UARTEx_RxEventCallback  stm32f1xx_hal_uart.o
    0x080019b6   0x00000002   Code   RO         2424    i.HAL_UART_ErrorCallback  stm32f1xx_hal_uart.o
    0x080019b8   0x0000026c   Code   RO         2427    i.HAL_UART_IRQHandler  stm32f1xx_hal_uart.o
    0x08001c24   0x00000064   Code   RO         2428    i.HAL_UART_Init     stm32f1xx_hal_uart.o
    0x08001c88   0x00000080   Code   RO          353    i.HAL_UART_MspInit  stm32f1xx_hal_msp.o
    0x08001d08   0x0000001c   Code   RO         2433    i.HAL_UART_Receive_IT  stm32f1xx_hal_uart.o
    0x08001d24   0x00000054   Code   RO         2839    i.HAL_UART_RxCpltCallback  embedi_uart.o
    0x08001d78   0x0000009a   Code   RO         2436    i.HAL_UART_Transmit  stm32f1xx_hal_uart.o
    0x08001e12   0x00000002   Code   RO         2439    i.HAL_UART_TxCpltCallback  stm32f1xx_hal_uart.o
    0x08001e14   0x00000002   Code   RO          273    i.HardFault_Handler  stm32f1xx_it.o
    0x08001e16   0x00000002   PAD
    0x08001e18   0x000000d4   Code   RO           14    i.MX_GPIO_Init      main.o
    0x08001eec   0x000000e8   Code   RO           15    i.MX_TIM1_Init      main.o
    0x08001fd4   0x0000006c   Code   RO           16    i.MX_TIM2_Init      main.o
    0x08002040   0x00000070   Code   RO           17    i.MX_TIM4_Init      main.o
    0x080020b0   0x00000002   Code   RO          274    i.MemManage_Handler  stm32f1xx_it.o
    0x080020b2   0x00000002   Code   RO          275    i.NMI_Handler       stm32f1xx_it.o
    0x080020b4   0x0000001c   Code   RO         3593    i.Set_Pwm           embedi_motor.o
    0x080020d0   0x00000044   Code   RO           18    i.StartDefaultTask  main.o
    0x08002114   0x00000018   Code   RO          276    i.SysTick_Handler   stm32f1xx_it.o
    0x0800212c   0x0000005e   Code   RO           19    i.SystemClock_Config  main.o
    0x0800218a   0x00000002   Code   RO         2762    i.SystemInit        system_stm32f1xx.o
    0x0800218c   0x0000006c   Code   RO         1520    i.TIM_Base_SetConfig  stm32f1xx_hal_tim.o
    0x080021f8   0x0000001a   Code   RO         1521    i.TIM_CCxChannelCmd  stm32f1xx_hal_tim.o
    0x08002212   0x00000014   Code   RO         1531    i.TIM_ETR_SetConfig  stm32f1xx_hal_tim.o
    0x08002226   0x00000010   Code   RO         1532    i.TIM_ITRx_SetConfig  stm32f1xx_hal_tim.o
    0x08002236   0x00000002   PAD
    0x08002238   0x00000050   Code   RO         1533    i.TIM_OC1_SetConfig  stm32f1xx_hal_tim.o
    0x08002288   0x00000058   Code   RO         1534    i.TIM_OC2_SetConfig  stm32f1xx_hal_tim.o
    0x080022e0   0x00000058   Code   RO         1535    i.TIM_OC3_SetConfig  stm32f1xx_hal_tim.o
    0x08002338   0x00000044   Code   RO         1536    i.TIM_OC4_SetConfig  stm32f1xx_hal_tim.o
    0x0800237c   0x00000022   Code   RO         1538    i.TIM_TI1_ConfigInputStage  stm32f1xx_hal_tim.o
    0x0800239e   0x00000024   Code   RO         1540    i.TIM_TI2_ConfigInputStage  stm32f1xx_hal_tim.o
    0x080023c2   0x00000010   Code   RO         2441    i.UART_DMAAbortOnError  stm32f1xx_hal_uart.o
    0x080023d2   0x0000004e   Code   RO         2451    i.UART_EndRxTransfer  stm32f1xx_hal_uart.o
    0x08002420   0x000000c2   Code   RO         2453    i.UART_Receive_IT   stm32f1xx_hal_uart.o
    0x080024e2   0x00000002   PAD
    0x080024e4   0x000000b8   Code   RO         2454    i.UART_SetConfig    stm32f1xx_hal_uart.o
    0x0800259c   0x00000036   Code   RO         2456    i.UART_Start_Receive_IT  stm32f1xx_hal_uart.o
    0x080025d2   0x00000078   Code   RO         2457    i.UART_WaitOnFlagUntilTimeout  stm32f1xx_hal_uart.o
    0x0800264a   0x00000002   PAD
    0x0800264c   0x0000000c   Code   RO          277    i.USART1_IRQHandler  stm32f1xx_it.o
    0x08002658   0x00000002   Code   RO          278    i.UsageFault_Handler  stm32f1xx_it.o
    0x0800265a   0x00000020   Code   RO          938    i.__NVIC_SetPriority  stm32f1xx_hal_cortex.o
    0x0800267a   0x00000002   PAD
    0x0800267c   0x00000144   Code   RO         2982    i._accel_callibratin  embedi_imu.o
    0x080027c0   0x00000060   Code   RO         2983    i._accel_data_collection  embedi_imu.o
    0x08002820   0x000000ac   Code   RO         2984    i._accel_data_standardize  embedi_imu.o
    0x080028cc   0x000000f4   Code   RO         2985    i._gyro_callibratin  embedi_imu.o
    0x080029c0   0x00000060   Code   RO         2986    i._gyro_data_collection  embedi_imu.o
    0x08002a20   0x00000080   Code   RO         2987    i._gyro_data_standardize  embedi_imu.o
    0x08002aa0   0x0000006c   Code   RO         2897    i._i2c_read         embedi_i2c.o
    0x08002b0c   0x00000056   Code   RO         2898    i._i2c_write        embedi_i2c.o
    0x08002b62   0x0000000e   Code   RO         5021    i._is_digit         c_w.l(__printf_wp.o)
    0x08002b70   0x000000d8   Code   RO         2899    i._read_byte        embedi_i2c.o
    0x08002c48   0x0000008c   Code   RO         2988    i._read_from_flash  embedi_imu.o
    0x08002cd4   0x00000084   Code   RO         2900    i._send_byte        embedi_i2c.o
    0x08002d58   0x000000e8   Code   RO         2901    i._start            embedi_i2c.o
    0x08002e40   0x000000ec   Code   RO         2902    i._stop             embedi_i2c.o
    0x08002f2c   0x00000002   Code   RO         2840    i._sys_exit         embedi_uart.o
    0x08002f2e   0x00000002   PAD
    0x08002f30   0x00000080   Code   RO         2903    i._wait_ack         embedi_i2c.o
    0x08002fb0   0x0000002c   Code   RO         3628    i._write_data       embedi_flash.o
    0x08002fdc   0x000000ec   Code   RO         2989    i._write_to_flash   embedi_imu.o
    0x080030c8   0x00000050   Code   RO         3672    i.embedi_data_to_scope  embedi_scope.o
    0x08003118   0x0000000a   Code   RO         2800    i.embedi_delay_ms   embedi_delay.o
    0x08003122   0x0000000c   Code   RO         2801    i.embedi_delay_us   embedi_delay.o
    0x0800312e   0x00000002   PAD
    0x08003130   0x00000010   Code   RO         2841    i.embedi_enable_uart1_interrupt  embedi_uart.o
    0x08003140   0x00000084   Code   RO         3629    i.embedi_flash_test  embedi_flash.o
    0x080031c4   0x0000000e   Code   RO         2802    i.embedi_get_systick  embedi_delay.o
    0x080031d2   0x00000004   Code   RO         2904    i.embedi_i2c_read_block  embedi_i2c.o
    0x080031d6   0x00000004   Code   RO         2906    i.embedi_i2c_write_block  embedi_i2c.o
    0x080031da   0x00000002   PAD
    0x080031dc   0x00000020   Code   RO         2990    i.embedi_imu_calibration  embedi_imu.o
    0x080031fc   0x00000080   Code   RO         2991    i.embedi_imu_init   embedi_imu.o
    0x0800327c   0x0000001a   Code   RO         3630    i.embedi_read_flash  embedi_flash.o
    0x08003296   0x00000002   PAD
    0x08003298   0x00000030   Code   RO         3673    i.embedi_scope_show  embedi_scope.o
    0x080032c8   0x00000010   Code   RO         2842    i.embedi_uart_send_byte  embedi_uart.o
    0x080032d8   0x00000100   Code   RO         3631    i.embedi_write_flash  embedi_flash.o
    0x080033d8   0x0000003c   Code   RO         2908    i.emebedi_i2c_test  embedi_i2c.o
    0x08003414   0x00000014   Code   RO         2843    i.fputc             embedi_uart.o
    0x08003428   0x00000074   Code   RO           20    i.main              main.o
    0x0800349c   0x0000000c   Code   RO         4465    i.makeFreeRtosPriority  cmsis_os.o
    0x080034a8   0x000000b0   Code   RO         3594    i.motor_test        embedi_motor.o
    0x08003558   0x00000054   Code   RO         3077    i.mpu_configure_fifo  inv_mpu.o
    0x080035ac   0x0000003c   Code   RO         3078    i.mpu_get_accel_fsr  inv_mpu.o
    0x080035e8   0x00000050   Code   RO         3079    i.mpu_get_accel_reg  inv_mpu.o
    0x08003638   0x00000044   Code   RO         3080    i.mpu_get_accel_sens  inv_mpu.o
    0x0800367c   0x00000034   Code   RO         3086    i.mpu_get_gyro_fsr  inv_mpu.o
    0x080036b0   0x00000054   Code   RO         3087    i.mpu_get_gyro_reg  inv_mpu.o
    0x08003704   0x00000040   Code   RO         3088    i.mpu_get_gyro_sens  inv_mpu.o
    0x08003744   0x0000001c   Code   RO         3092    i.mpu_get_sample_rate  inv_mpu.o
    0x08003760   0x00000124   Code   RO         3094    i.mpu_init          inv_mpu.o
    0x08003884   0x000000b8   Code   RO         3096    i.mpu_lp_accel_mode  inv_mpu.o
    0x0800393c   0x00000160   Code   RO         3106    i.mpu_reset_fifo    inv_mpu.o
    0x08003a9c   0x00000068   Code   RO         3110    i.mpu_set_accel_fsr  inv_mpu.o
    0x08003b04   0x000000dc   Code   RO         3111    i.mpu_set_bypass    inv_mpu.o
    0x08003be0   0x0000006c   Code   RO         3115    i.mpu_set_gyro_fsr  inv_mpu.o
    0x08003c4c   0x00000064   Code   RO         3116    i.mpu_set_int_latched  inv_mpu.o
    0x08003cb0   0x0000006c   Code   RO         3118    i.mpu_set_lpf       inv_mpu.o
    0x08003d1c   0x00000080   Code   RO         3119    i.mpu_set_sample_rate  inv_mpu.o
    0x08003d9c   0x000000b8   Code   RO         3120    i.mpu_set_sensors   inv_mpu.o
    0x08003e54   0x00000008   Code   RO         3595    i.myabs             embedi_motor.o
    0x08003e5c   0x0000000e   Code   RO         4467    i.osDelay           cmsis_os.o
    0x08003e6a   0x0000000a   Code   RO         4470    i.osKernelStart     cmsis_os.o
    0x08003e74   0x00000054   Code   RO         4504    i.osThreadCreate    cmsis_os.o
    0x08003ec8   0x00000070   Code   RO         4162    i.prvAddCurrentTaskToDelayedList  tasks.o
    0x08003f38   0x000000d0   Code   RO         4163    i.prvAddNewTaskToReadyList  tasks.o
    0x08004008   0x00000034   Code   RO         4164    i.prvDeleteTCB      tasks.o
    0x0800403c   0x0000004c   Code   RO         4832    i.prvHeapInit       heap_4.o
    0x08004088   0x00000060   Code   RO         4165    i.prvIdleTask       tasks.o
    0x080040e8   0x0000008e   Code   RO         4166    i.prvInitialiseNewTask  tasks.o
    0x08004176   0x00000002   PAD
    0x08004178   0x0000004c   Code   RO         4833    i.prvInsertBlockIntoFreeList  heap_4.o
    0x080041c4   0x00000020   Code   RO         4167    i.prvResetNextTaskUnblockTime  tasks.o
    0x080041e4   0x00000028   Code   RO         4894    i.prvTaskExitError  port.o
    0x0800420c   0x000000d8   Code   RO         4834    i.pvPortMalloc      heap_4.o
    0x080042e4   0x00000024   Code   RO         4895    i.pxPortInitialiseStack  port.o
    0x08004308   0x00000058   Code   RO         3122    i.set_int_enable    inv_mpu.o
    0x08004360   0x00000026   Code   RO         3807    i.uxListRemove      list.o
    0x08004386   0x00000002   PAD
    0x08004388   0x00000014   Code   RO          236    i.vApplicationGetIdleTaskMemory  freertos.o
    0x0800439c   0x00000016   Code   RO         3808    i.vListInitialise   list.o
    0x080043b2   0x00000006   Code   RO         3809    i.vListInitialiseItem  list.o
    0x080043b8   0x00000030   Code   RO         3810    i.vListInsert       list.o
    0x080043e8   0x00000018   Code   RO         3811    i.vListInsertEnd    list.o
    0x08004400   0x00000040   Code   RO         4897    i.vPortEnterCritical  port.o
    0x08004440   0x00000028   Code   RO         4898    i.vPortExitCritical  port.o
    0x08004468   0x0000005c   Code   RO         4835    i.vPortFree         heap_4.o
    0x080044c4   0x00000024   Code   RO         4899    i.vPortSetupTimerInterrupt  port.o
    0x080044e8   0x0000004c   Code   RO         4175    i.vTaskDelay        tasks.o
    0x08004534   0x0000006c   Code   RO         4188    i.vTaskStartScheduler  tasks.o
    0x080045a0   0x00000010   Code   RO         4190    i.vTaskSuspendAll   tasks.o
    0x080045b0   0x0000005c   Code   RO         4191    i.vTaskSwitchContext  tasks.o
    0x0800460c   0x000000a8   Code   RO         4901    i.xPortStartScheduler  port.o
    0x080046b4   0x0000002c   Code   RO         4902    i.xPortSysTickHandler  port.o
    0x080046e0   0x0000005a   Code   RO         4193    i.xTaskCreate       tasks.o
    0x0800473a   0x00000056   Code   RO         4194    i.xTaskCreateStatic  tasks.o
    0x08004790   0x0000001c   Code   RO         4198    i.xTaskGetSchedulerState  tasks.o
    0x080047ac   0x0000000c   Code   RO         4199    i.xTaskGetTickCount  tasks.o
    0x080047b8   0x000000c8   Code   RO         4201    i.xTaskIncrementTick  tasks.o
    0x08004880   0x000000c4   Code   RO         4207    i.xTaskResumeAll    tasks.o
    0x08004944   0x00000062   Code   RO         5051    x$fpl$d2f           fz_ws.l(d2f.o)
    0x080049a6   0x00000002   PAD
    0x080049a8   0x00000154   Code   RO         5053    x$fpl$dmul          fz_ws.l(dmul.o)
    0x08004afc   0x0000009c   Code   RO         5099    x$fpl$dnaninf       fz_ws.l(dnaninf.o)
    0x08004b98   0x0000000c   Code   RO         5101    x$fpl$dretinf       fz_ws.l(dretinf.o)
    0x08004ba4   0x00000056   Code   RO         5055    x$fpl$f2d           fz_ws.l(f2d.o)
    0x08004bfa   0x00000002   PAD
    0x08004bfc   0x00000184   Code   RO         5064    x$fpl$fdiv          fz_ws.l(fdiv.o)
    0x08004d80   0x00000030   Code   RO         5076    x$fpl$fflt          fz_ws.l(fflt_clz.o)
    0x08004db0   0x00000026   Code   RO         5075    x$fpl$ffltu         fz_ws.l(fflt_clz.o)
    0x08004dd6   0x0000008c   Code   RO         5105    x$fpl$fnaninf       fz_ws.l(fnaninf.o)
    0x08004e62   0x0000000a   Code   RO         5107    x$fpl$fretinf       fz_ws.l(fretinf.o)
    0x08004e6c   0x00000000   Code   RO         5109    x$fpl$usenofp       fz_ws.l(usenofp.o)
    0x08004e6c   0x0000001c   Data   RO           22    .constdata          main.o
    0x08004e88   0x00000012   Data   RO          636    .constdata          stm32f1xx_hal_rcc.o
    0x08004e9a   0x00000010   Data   RO         2763    .constdata          system_stm32f1xx.o
    0x08004eaa   0x00000008   Data   RO         2764    .constdata          system_stm32f1xx.o
    0x08004eb2   0x00000002   PAD
    0x08004eb4   0x00000090   Data   RO         2909    .constdata          embedi_i2c.o
    0x08004f44   0x0000001e   Data   RO         3123    .constdata          inv_mpu.o
    0x08004f62   0x0000000c   Data   RO         3124    .constdata          inv_mpu.o
    0x08004f6e   0x00000002   PAD
    0x08004f70   0x00000028   Data   RO         3125    .constdata          inv_mpu.o
    0x08004f98   0x00000028   Data   RO         4994    .constdata          c_w.l(_printf_hex_int.o)
    0x08004fc0   0x00000011   Data   RO         5024    .constdata          c_w.l(__printf_flags_wp.o)
    0x08004fd1   0x00000003   PAD
    0x08004fd4   0x0000000c   Data   RO           23    .conststring        main.o
    0x08004fe0   0x00000020   Data   RO         5279    Region$$Table       anon$$obj.o


    Execution Region RW_IRAM1 (Base: 0x20000000, Size: 0x00001da0, Max: 0x00005000, ABSOLUTE)

    Base Addr    Size         Type   Attr      Idx    E Section Name        Object

    0x20000000   0x00000004   Data   RW           24    .data               main.o
    0x20000004   0x0000000c   Data   RW          473    .data               stm32f1xx_hal.o
    0x20000010   0x00000004   Data   RW         2765    .data               system_stm32f1xx.o
    0x20000014   0x0000000c   Data   RW         2844    .data               embedi_uart.o
    0x20000020   0x00000004   Data   RW         2845    .data               embedi_uart.o
    0x20000024   0x00000018   Data   RW         2993    .data               embedi_imu.o
    0x2000003c   0x0000002c   Data   RW         3126    .data               inv_mpu.o
    0x20000068   0x00000004   Data   RW         3675    .data               embedi_scope.o
    0x2000006c   0x0000003c   Data   RW         4210    .data               tasks.o
    0x200000a8   0x00000018   Data   RW         4840    .data               heap_4.o
    0x200000c0   0x0000000c   Data   RW         4903    .data               port.o
    0x200000cc   0x00000120   Zero   RW           21    .bss                main.o
    0x200001ec   0x00000254   Zero   RW          237    .bss                freertos.o
    0x20000440   0x00000020   Zero   RW         1179    .bss                stm32f1xx_hal_flash.o
    0x20000460   0x000001e0   Zero   RW         2992    .bss                embedi_imu.o
    0x20000640   0x00000400   Zero   RW         3632    .bss                embedi_flash.o
    0x20000a40   0x0000000e   Zero   RW         3674    .bss                embedi_scope.o
    0x20000a4e   0x00000002   PAD
    0x20000a50   0x000000f0   Zero   RW         4209    .bss                tasks.o
    0x20000b40   0x00000c00   Zero   RW         4839    .bss                heap_4.o
    0x20001740   0x00000060   Zero   RW         5154    .bss                c_w.l(libspace.o)
    0x200017a0   0x00000200   Zero   RW            2    HEAP                startup_stm32f103xb.o
    0x200019a0   0x00000400   Zero   RW            1    STACK               startup_stm32f103xb.o


==============================================================================

Image component sizes


      Code (inc. data)   RO Data    RW Data    ZI Data      Debug   Object Name

       120          0          0          0          0      22321   cmsis_os.o
        42          0          0          0          0       2361   embedi_delay.o
       458         82          0          0       1024       3612   embedi_flash.o
      1206        114        144          0          0       8069   embedi_i2c.o
      1760        498          0         24        480       9207   embedi_imu.o
       212         14          0          0          0       2250   embedi_motor.o
       128         32          0          4         14       2186   embedi_scope.o
       138         26          0         16          0       4848   embedi_uart.o
         0          0          0          0          0      18272   event_groups.o
        20          4          0          0        596       1196   freertos.o
       460         24          0         24       3072       7079   heap_4.o
      2388        184         82         44          0      17460   inv_mpu.o
       138          0          0          0          0       3286   list.o
       942         64         40          4        288     469769   main.o
       578         60          0         12          0      10416   port.o
        64         26        236          0       1536        820   startup_stm32f103xb.o
       128         24          0         12          0       5337   stm32f1xx_hal.o
       198         14          0          0          0      28659   stm32f1xx_hal_cortex.o
       222          4          0          0          0       1711   stm32f1xx_hal_dma.o
       392         46          0          0         32       4466   stm32f1xx_hal_flash.o
       240         26          0          0          0       3141   stm32f1xx_hal_flash_ex.o
       524         40          0          0          0       3754   stm32f1xx_hal_gpio.o
       456         62          0          0          0       3556   stm32f1xx_hal_msp.o
      1240         84         18          0          0       4916   stm32f1xx_hal_rcc.o
      1632         46          0          0          0      13227   stm32f1xx_hal_tim.o
       188         12          0          0          0       2064   stm32f1xx_hal_tim_ex.o
      1554         10          0          0          0       9964   stm32f1xx_hal_uart.o
        56          6          0          0          0       4058   stm32f1xx_it.o
         0          0          0          0          0        416   stream_buffer.o
         2          0         24          4          0       1143   system_stm32f1xx.o
      1546        122          0         60        240      16459   tasks.o

    ----------------------------------------------------------------------
     17066       1624        580        204       7284     686023   Object Totals
         0          0         32          0          0          0   (incl. Generated)
        34          0          4          0          2          0   (incl. Padding)

    ----------------------------------------------------------------------

      Code (inc. data)   RO Data    RW Data    ZI Data      Debug   Library Member Name

         8          0          0          0          0         68   __main.o
       312          4         17          0          0         92   __printf_flags_wp.o
        14          0          0          0          0         68   __printf_wp.o
         0          0          0          0          0          0   __rtentry.o
        12          0          0          0          0          0   __rtentry2.o
         6          0          0          0          0          0   __rtentry4.o
        52          8          0          0          0          0   __scatter.o
        26          0          0          0          0          0   __scatter_copy.o
        28          0          0          0          0          0   __scatter_zi.o
        44          0          0          0          0        108   _printf_char.o
        48          6          0          0          0         96   _printf_char_common.o
        36          4          0          0          0         80   _printf_char_file.o
         6          0          0          0          0          0   _printf_d.o
       120         16          0          0          0         92   _printf_dec.o
        88          4         40          0          0         88   _printf_hex_int.o
       178          0          0          0          0         88   _printf_intcommon.o
         0          0          0          0          0          0   _printf_percent.o
         4          0          0          0          0          0   _printf_percent_end.o
         6          0          0          0          0          0   _printf_s.o
        82          0          0          0          0         80   _printf_str.o
         6          0          0          0          0          0   _printf_x.o
        12          0          0          0          0         72   exit.o
         8          0          0          0          0         68   ferror.o
         6          0          0          0          0        152   heapauxi.o
         2          0          0          0          0          0   libinit.o
         2          0          0          0          0          0   libinit2.o
         2          0          0          0          0          0   libshutdown.o
         2          0          0          0          0          0   libshutdown2.o
         8          4          0          0         96         68   libspace.o
        38          0          0          0          0         68   llushr.o
        24          4          0          0          0         84   noretval__2printf.o
        78          0          0          0          0         80   rt_memclr_w.o
       100          0          0          0          0         80   rt_memcpy_w.o
         2          0          0          0          0          0   rtexit.o
        10          0          0          0          0          0   rtexit2.o
        74          0          0          0          0         80   sys_stackheap_outer.o
         2          0          0          0          0         68   use_no_semi.o
         2          0          0          0          0         68   use_no_semi_2.o
        98          4          0          0          0         92   d2f.o
       340         12          0          0          0        104   dmul.o
       156          4          0          0          0         92   dnaninf.o
        12          0          0          0          0         68   dretinf.o
        86          4          0          0          0         84   f2d.o
       388         76          0          0          0         96   fdiv.o
        86          0          0          0          0        136   fflt_clz.o
       140          4          0          0          0         84   fnaninf.o
        10          0          0          0          0         68   fretinf.o
         0          0          0          0          0          0   usenofp.o

    ----------------------------------------------------------------------
      2774        154         60          0         96       2572   Library Totals
        10          0          3          0          0          0   (incl. Padding)

    ----------------------------------------------------------------------

      Code (inc. data)   RO Data    RW Data    ZI Data      Debug   Library Name

      1448         50         57          0         96       1748   c_w.l
      1316        104          0          0          0        824   fz_ws.l

    ----------------------------------------------------------------------
      2774        154         60          0         96       2572   Library Totals

    ----------------------------------------------------------------------

==============================================================================


      Code (inc. data)   RO Data    RW Data    ZI Data      Debug   

     19840       1778        640        204       7380     678191   Grand Totals
     19840       1778        640        204       7380     678191   ELF Image Totals
     19840       1778        640        204          0          0   ROM Totals

==============================================================================

    Total RO  Size (Code + RO Data)                20480 (  20.00kB)
    Total RW  Size (RW Data + ZI Data)              7584 (   7.41kB)
    Total ROM Size (Code + RO Data + RW Data)      20684 (  20.20kB)

==============================================================================

