Component: ARM Compiler 5.05 update 1 (build 106) Tool: armlink [4d0efa]

==============================================================================

Section Cross References

    startup_stm32f103xb.o(STACK) refers (Special) to heapauxi.o(.text) for __use_two_region_memory
    startup_stm32f103xb.o(HEAP) refers (Special) to heapauxi.o(.text) for __use_two_region_memory
    startup_stm32f103xb.o(RESET) refers (Special) to heapauxi.o(.text) for __use_two_region_memory
    startup_stm32f103xb.o(RESET) refers to startup_stm32f103xb.o(STACK) for __initial_sp
    startup_stm32f103xb.o(RESET) refers to startup_stm32f103xb.o(.text) for Reset_Handler
    startup_stm32f103xb.o(RESET) refers to stm32f1xx_it.o(i.NMI_Handler) for NMI_Handler
    startup_stm32f103xb.o(RESET) refers to stm32f1xx_it.o(i.HardFault_Handler) for HardFault_Handler
    startup_stm32f103xb.o(RESET) refers to stm32f1xx_it.o(i.MemManage_Handler) for MemManage_Handler
    startup_stm32f103xb.o(RESET) refers to stm32f1xx_it.o(i.BusFault_Handler) for BusFault_Handler
    startup_stm32f103xb.o(RESET) refers to stm32f1xx_it.o(i.UsageFault_Handler) for UsageFault_Handler
    startup_stm32f103xb.o(RESET) refers to port.o(.emb_text) for SVC_Handler
    startup_stm32f103xb.o(RESET) refers to stm32f1xx_it.o(i.DebugMon_Handler) for DebugMon_Handler
    startup_stm32f103xb.o(RESET) refers to stm32f1xx_it.o(i.SysTick_Handler) for SysTick_Handler
    startup_stm32f103xb.o(RESET) refers to stm32f1xx_it.o(i.EXTI9_5_IRQHandler) for EXTI9_5_IRQHandler
    startup_stm32f103xb.o(RESET) refers to stm32f1xx_it.o(i.USART1_IRQHandler) for USART1_IRQHandler
    startup_stm32f103xb.o(RESET) refers to stm32f1xx_it.o(i.EXTI15_10_IRQHandler) for EXTI15_10_IRQHandler
    startup_stm32f103xb.o(.text) refers (Special) to heapauxi.o(.text) for __use_two_region_memory
    startup_stm32f103xb.o(.text) refers to system_stm32f1xx.o(i.SystemInit) for SystemInit
    startup_stm32f103xb.o(.text) refers to __main.o(!!!main) for __main
    startup_stm32f103xb.o(.text) refers to startup_stm32f103xb.o(HEAP) for Heap_Mem
    startup_stm32f103xb.o(.text) refers to startup_stm32f103xb.o(STACK) for Stack_Mem
    main.o(i.MX_GPIO_Init) refers to stm32f1xx_hal_gpio.o(i.HAL_GPIO_WritePin) for HAL_GPIO_WritePin
    main.o(i.MX_GPIO_Init) refers to stm32f1xx_hal_gpio.o(i.HAL_GPIO_Init) for HAL_GPIO_Init
    main.o(i.MX_GPIO_Init) refers to stm32f1xx_hal_cortex.o(i.HAL_NVIC_SetPriority) for HAL_NVIC_SetPriority
    main.o(i.MX_GPIO_Init) refers to stm32f1xx_hal_cortex.o(i.HAL_NVIC_EnableIRQ) for HAL_NVIC_EnableIRQ
    main.o(i.MX_TIM1_Init) refers to rt_memclr_w.o(.text) for __aeabi_memclr4
    main.o(i.MX_TIM1_Init) refers to stm32f1xx_hal_tim.o(i.HAL_TIM_Base_Init) for HAL_TIM_Base_Init
    main.o(i.MX_TIM1_Init) refers to stm32f1xx_hal_tim.o(i.HAL_TIM_ConfigClockSource) for HAL_TIM_ConfigClockSource
    main.o(i.MX_TIM1_Init) refers to stm32f1xx_hal_tim.o(i.HAL_TIM_PWM_Init) for HAL_TIM_PWM_Init
    main.o(i.MX_TIM1_Init) refers to stm32f1xx_hal_tim_ex.o(i.HAL_TIMEx_MasterConfigSynchronization) for HAL_TIMEx_MasterConfigSynchronization
    main.o(i.MX_TIM1_Init) refers to stm32f1xx_hal_tim.o(i.HAL_TIM_PWM_ConfigChannel) for HAL_TIM_PWM_ConfigChannel
    main.o(i.MX_TIM1_Init) refers to stm32f1xx_hal_tim_ex.o(i.HAL_TIMEx_ConfigBreakDeadTime) for HAL_TIMEx_ConfigBreakDeadTime
    main.o(i.MX_TIM1_Init) refers to stm32f1xx_hal_msp.o(i.HAL_TIM_MspPostInit) for HAL_TIM_MspPostInit
    main.o(i.MX_TIM1_Init) refers to main.o(.bss) for .bss
    main.o(i.MX_TIM2_Init) refers to rt_memclr_w.o(.text) for __aeabi_memclr4
    main.o(i.MX_TIM2_Init) refers to stm32f1xx_hal_tim.o(i.HAL_TIM_Encoder_Init) for HAL_TIM_Encoder_Init
    main.o(i.MX_TIM2_Init) refers to stm32f1xx_hal_tim_ex.o(i.HAL_TIMEx_MasterConfigSynchronization) for HAL_TIMEx_MasterConfigSynchronization
    main.o(i.MX_TIM2_Init) refers to main.o(.bss) for .bss
    main.o(i.MX_TIM4_Init) refers to rt_memclr_w.o(.text) for __aeabi_memclr4
    main.o(i.MX_TIM4_Init) refers to stm32f1xx_hal_tim.o(i.HAL_TIM_Encoder_Init) for HAL_TIM_Encoder_Init
    main.o(i.MX_TIM4_Init) refers to stm32f1xx_hal_tim_ex.o(i.HAL_TIMEx_MasterConfigSynchronization) for HAL_TIMEx_MasterConfigSynchronization
    main.o(i.MX_TIM4_Init) refers to main.o(.bss) for .bss
    main.o(i.SystemClock_Config) refers to rt_memclr_w.o(.text) for __aeabi_memclr4
    main.o(i.SystemClock_Config) refers to stm32f1xx_hal_rcc.o(i.HAL_RCC_OscConfig) for HAL_RCC_OscConfig
    main.o(i.SystemClock_Config) refers to stm32f1xx_hal_rcc.o(i.HAL_RCC_ClockConfig) for HAL_RCC_ClockConfig
    main.o(i.main) refers to stm32f1xx_hal.o(i.HAL_Init) for HAL_Init
    main.o(i.main) refers to main.o(i.SystemClock_Config) for SystemClock_Config
    main.o(i.main) refers to main.o(i.MX_GPIO_Init) for MX_GPIO_Init
    main.o(i.main) refers to main.o(i.MX_TIM2_Init) for MX_TIM2_Init
    main.o(i.main) refers to stm32f1xx_hal_uart.o(i.HAL_UART_Init) for HAL_UART_Init
[...]
    __scatterload_rt2                        0x080000f5   Thumb Code    44  __scatter.o(!!!scatter)
    __scatterload_rt2_thumb_only             0x080000f5   Thumb Code     0  __scatter.o(!!!scatter)
    __scatterload_null                       0x08000103   Thumb Code     0  __scatter.o(!!!scatter)
    __scatterload_copy                       0x08000129   Thumb Code    26  __scatter_copy.o(!!handler_copy)
    __scatterload_zeroinit                   0x08000145   Thumb Code    28  __scatter_zi.o(!!handler_zi)
    _printf_d                                0x08000161   Thumb Code     0  _printf_d.o(.ARM.Collect$$_printf_percent$$00000009)
    _printf_percent                          0x08000161   Thumb Code     0  _printf_percent.o(.ARM.Collect$$_printf_percent$$00000000)
    _printf_x                                0x08000167   Thumb Code     0  _printf_x.o(.ARM.Collect$$_printf_percent$$0000000C)
    _printf_percent_end                      0x0800016d   Thumb Code     0  _printf_percent_end.o(.ARM.Collect$$_printf_percent$$00000017)
    __rt_lib_init                            0x08000171   Thumb Code     0  libinit.o(.ARM.Collect$$libinit$$00000000)
    __rt_lib_init_alloca_1                   0x08000173   Thumb Code     0  libinit2.o(.ARM.Collect$$libinit$$0000002E)
    __rt_lib_init_argv_1                     0x08000173   Thumb Code     0  libinit2.o(.ARM.Collect$$libinit$$0000002C)
    __rt_lib_init_atexit_1                   0x08000173   Thumb Code     0  libinit2.o(.ARM.Collect$$libinit$$0000001B)
    __rt_lib_init_clock_1                    0x08000173   Thumb Code     0  libinit2.o(.ARM.Collect$$libinit$$00000021)
    __rt_lib_init_cpp_1                      0x08000173   Thumb Code     0  libinit2.o(.ARM.Collect$$libinit$$00000032)
    __rt_lib_init_exceptions_1               0x08000173   Thumb Code     0  libinit2.o(.ARM.Collect$$libinit$$00000030)
    __rt_lib_init_fp_1                       0x08000173   Thumb Code     0  libinit2.o(.ARM.Collect$$libinit$$00000002)
    __rt_lib_init_fp_trap_1                  0x08000173   Thumb Code     0  libinit2.o(.ARM.Collect$$libinit$$0000001F)
    __rt_lib_init_getenv_1                   0x08000173   Thumb Code     0  libinit2.o(.ARM.Collect$$libinit$$00000023)
    __rt_lib_init_heap_1                     0x08000173   Thumb Code     0  libinit2.o(.ARM.Collect$$libinit$$0000000A)
    __rt_lib_init_lc_collate_1               0x08000173   Thumb Code     0  libinit2.o(.ARM.Collect$$libinit$$00000011)
    __rt_lib_init_lc_ctype_1                 0x08000173   Thumb Code     0  libinit2.o(.ARM.Collect$$libinit$$00000013)
    __rt_lib_init_lc_monetary_1              0x08000173   Thumb Code     0  libinit2.o(.ARM.Collect$$libinit$$00000015)
    __rt_lib_init_lc_numeric_1               0x08000173   Thumb Code     0  libinit2.o(.ARM.Collect$$libinit$$00000017)
    __rt_lib_init_lc_time_1                  0x08000173   Thumb Code     0  libinit2.o(.ARM.Collect$$libinit$$00000019)
    __rt_lib_init_preinit_1                  0x08000173   Thumb Code     0  libinit2.o(.ARM.Collect$$libinit$$00000004)
    __rt_lib_init_rand_1                     0x08000173   Thumb Code     0  libinit2.o(.ARM.Collect$$libinit$$0000000E)
    __rt_lib_init_return                     0x08000173   Thumb Code     0  libinit2.o(.ARM.Collect$$libinit$$00000033)
    __rt_lib_init_signal_1                   0x08000173   Thumb Code     0  libinit2.o(.ARM.Collect$$libinit$$0000001D)
    __rt_lib_init_stdio_1                    0x08000173   Thumb Code     0  libinit2.o(.ARM.Collect$$libinit$$00000025)
    __rt_lib_init_user_alloc_1               0x08000173   Thumb Code     0  libinit2.o(.ARM.Collect$$libinit$$0000000C)
    __rt_lib_shutdown                        0x08000175   Thumb Code     0  libshutdown.o(.ARM.Collect$$libshutdown$$00000000)
    __rt_lib_shutdown_fp_trap_1              0x08000177   Thumb Code     0  libshutdown2.o(.ARM.Collect$$libshutdown$$00000006)
    __rt_lib_shutdown_heap_1                 0x08000177   Thumb Code     0  libshutdown2.o(.ARM.Collect$$libshutdown$$0000000E)
    __rt_lib_shutdown_return                 0x08000177   Thumb Code     0  libshutdown2.o(.ARM.Collect$$libshutdown$$0000000F)
    __rt_lib_shutdown_signal_1               0x08000177   Thumb Code     0  libshutdown2.o(.ARM.Collect$$libshutdown$$00000009)
    __rt_lib_shutdown_stdio_1                0x08000177   Thumb Code     0  libshutdown2.o(.ARM.Collect$$libshutdown$$00000003)
    __rt_lib_shutdown_user_alloc_1           0x08000177   Thumb Code     0  libshutdown2.o(.ARM.Collect$$libshutdown$$0000000B)
    __rt_entry                               0x08000179   Thumb Code     0  __rtentry.o(.ARM.Collect$$rtentry$$00000000)
    __rt_entry_presh_1                       0x08000179   Thumb Code     0  __rtentry2.o(.ARM.Collect$$rtentry$$00000002)
    __rt_entry_sh                            0x08000179   Thumb Code     0  __rtentry4.o(.ARM.Collect$$rtentry$$00000004)
    __rt_entry_li                            0x0800017f   Thumb Code     0  __rtentry2.o(.ARM.Collect$$rtentry$$0000000A)
    __rt_entry_postsh_1                      0x0800017f   Thumb Code     0  __rtentry2.o(.ARM.Collect$$rtentry$$00000009)
    __rt_entry_main                          0x08000183   Thumb Code     0  __rtentry2.o(.ARM.Collect$$rtentry$$0000000D)
    __rt_entry_postli_1                      0x08000183   Thumb Code     0  __rtentry2.o(.ARM.Collect$$rtentry$$0000000C)
    __rt_exit                                0x0800018b   Thumb Code     0  rtexit.o(.ARM.Collect$$rtexit$$00000000)
    __rt_exit_ls                             0x0800018d   Thumb Code     0  rtexit2.o(.ARM.Collect$$rtexit$$00000003)
    __rt_exit_prels_1                        0x0800018d   Thumb Code     0  rtexit2.o(.ARM.Collect$$rtexit$$00000002)
    __rt_exit_exit                           0x08000191   Thumb Code     0  rtexit2.o(.ARM.Collect$$rtexit$$00000004)
    _delay_loop                              0x08000199   Thumb Code     6  embedi_delay.o(.emb_text)
    SVC_Handler                              0x080001a1   Thumb Code    32  port.o(.emb_text)
    __asm___6_port_c_39a90d8d__prvStartFirstTask 0x080001c5   Thumb Code    28  port.o(.emb_text)
    PendSV_Handler                           0x080001e5   Thumb Code    72  port.o(.emb_text)
    vPortGetIPSR                             0x08000231   Thumb Code     6  port.o(.emb_text)
    Reset_Handler                            0x08000239   Thumb Code     8  startup_stm32f103xb.o(.text)
    ADC1_2_IRQHandler                        0x08000253   Thumb Code     0  startup_stm32f103xb.o(.text)
    CAN1_RX1_IRQHandler                      0x08000253   Thumb Code     0  startup_stm32f103xb.o(.text)
    CAN1_SCE_IRQHandler                      0x08000253   Thumb Code     0  startup_stm32f103xb.o(.text)
    DMA1_Channel1_IRQHandler                 0x08000253   Thumb Code     0  startup_stm32f103xb.o(.text)
    DMA1_Channel2_IRQHandler                 0x08000253   Thumb Code     0  startup_stm32f103xb.o(.text)
    DMA1_Channel3_IRQHandler                 0x08000253   Thumb Code     0  startup_stm32f103xb.o(.text)
    DMA1_Channel4_IRQHandler                 0x08000253   Thumb Code     0  startup_stm32f103xb.o(.text)
    DMA1_Channel5_IRQHandler                 0x08000253   Thumb Code     0  startup_stm32f103xb.o(.text)
    DMA1_Channel6_IRQHandler                 0x08000253   Thumb Code     0  startup_stm32f103xb.o(.text)
    DMA1_Channel7_IRQHandler                 0x08000253   Thumb Code     0  startup_stm32f103xb.o(.text)
    EXTI0_IRQHandler                         0x08000253   Thumb Code     0  startup_stm32f103xb.o(.text)
    EXTI1_IRQHandler                         0x08000253   Thumb Code     0  startup_stm32f103xb.o(.text)
    EXTI2_IRQHandler                         0x08000253   Thumb Code     0  startup_stm32f103xb.o(.text)
    EXTI3_IRQHandler                         0x08000253   Thumb Code     0  startup_stm32f103xb.o(.text)
    EXTI4_IRQHandler                         0x08000253   Thumb Code     0  startup_stm32f103xb.o(.text)
    FLASH_IRQHandler                         0x08000253   Thumb Code     0  startup_stm32f103xb.o(.text)
    I2C1_ER_IRQHandler                       0x08000253   Thumb Code     0  startup_stm32f103xb.o(.text)
    I2C1_EV_IRQHandler                       0x08000253   Thumb Code     0  startup_stm32f103xb.o(.text)
    I2C2_ER_IRQHandler                       0x08000253   Thumb Code     0  startup_stm32f103xb.o(.text)
    I2C2_EV_IRQHandler                       0x08000253   Thumb Code     0  startup_stm32f103xb.o(.text)
    PVD_IRQHandler                           0x08000253   Thumb Code     0  startup_stm32f103xb.o(.text)
    RCC_IRQHandler                           0x08000253   Thumb Code     0  startup_stm32f103xb.o(.text)
    RTC_Alarm_IRQHandler                     0x08000253   Thumb Code     0  startup_stm32f103xb.o(.text)
    RTC_IRQHandler                           0x08000253   Thumb Code     0  startup_stm32f103xb.o(.text)
    SPI1_IRQHandler                          0x08000253   Thumb Code     0  startup_stm32f103xb.o(.text)
    SPI2_IRQHandler                          0x08000253   Thumb Code     0  startup_stm32f103xb.o(.text)
    TAMPER_IRQHandler                        0x08000253   Thumb Code     0  startup_stm32f103xb.o(.text)
    TIM1_BRK_IRQHandler                      0x08000253   Thumb Code     0  startup_stm32f103xb.o(.text)
    TIM1_CC_IRQHandler                       0x08000253   Thumb Code     0  startup_stm32f103xb.o(.text)
    TIM1_TRG_COM_IRQHandler                  0x08000253   Thumb Code     0  startup_stm32f103xb.o(.text)
    TIM1_UP_IRQHandler                       0x08000253   Thumb Code     0  startup_stm32f103xb.o(.text)
    TIM2_IRQHandler                          0x08000253   Thumb Code     0  startup_stm32f103xb.o(.text)
    TIM3_IRQHandler                          0x08000253   Thumb Code     0  startup_stm32f103xb.o(.text)
    TIM4_IRQHandler                          0x08000253   Thumb Code     0  startup_stm32f103xb.o(.text)
    USART2_IRQHandler                        0x08000253   Thumb Code     0  startup_stm32f103xb.o(.text)
    USART3_IRQHandler                        0x08000253   Thumb Code     0  startup_stm32f103xb.o(.text)
    USBWakeUp_IRQHandler                     0x08000253   Thumb Code     0  startup_stm32f103xb.o(.text)
    USB_HP_CAN1_TX_IRQHandler                0x08000253   Thumb Code     0  startup_stm32f103xb.o(.text)
    USB_LP_CAN1_RX0_IRQHandler               0x08000253   Thumb Code     0  startup_stm32f103xb.o(.text)
    WWDG_IRQHandler                          0x08000253   Thumb Code     0  startup_stm32f103xb.o(.text)
    __user_initial_stackheap                 0x08000255   Thumb Code     0  startup_stm32f103xb.o(.text)
    __use_no_semihosting                     0x08000279   Thumb Code     2  use_no_semi_2.o(.text)
    __aeabi_llsr                             0x0800027b   Thumb Code     0  llushr.o(.text)
    _ll_ushift_r                             0x0800027b   Thumb Code    38  llushr.o(.text)
    __2printf                                0x080002a1   Thumb Code    20  noretval__2printf.o(.text)
    _printf_int_dec                          0x080002b9   Thumb Code   104  _printf_dec.o(.text)
    _printf_int_hex                          0x08000331   Thumb Code    84  _printf_hex_int.o(.text)
    _printf_longlong_hex                     0x08000331   Thumb Code     0  _printf_hex_int.o(.text)
    __printf                                 0x08000389   Thumb Code   308  __printf_flags_wp.o(.text)
    __aeabi_memcpy4                          0x080004c1   Thumb Code     0  rt_memcpy_w.o(.text)
    __aeabi_memcpy8                          0x080004c1   Thumb Code     0  rt_memcpy_w.o(.text)
    __rt_memcpy_w                            0x080004c1   Thumb Code   100  rt_memcpy_w.o(.text)
    _memcpy_lastbytes_aligned                0x08000509   Thumb Code     0  rt_memcpy_w.o(.text)
    __aeabi_memclr4                          0x08000525   Thumb Code     0  rt_memclr_w.o(.text)
    __aeabi_memclr8                          0x08000525   Thumb Code     0  rt_memclr_w.o(.text)
    __rt_memclr_w                            0x08000525   Thumb Code    78  rt_memclr_w.o(.text)
    _memset_w                                0x08000529   Thumb Code     0  rt_memclr_w.o(.text)
    __use_two_region_memory                  0x08000573   Thumb Code     2  heapauxi.o(.text)
    __rt_heap_escrow$2region                 0x08000575   Thumb Code     2  heapauxi.o(.text)
    __rt_heap_expand$2region                 0x08000577   Thumb Code     2  heapauxi.o(.text)
    __I$use$semihosting                      0x08000579   Thumb Code     0  use_no_semi.o(.text)
    __use_no_semihosting_swi                 0x08000579   Thumb Code     2  use_no_semi.o(.text)
    __read_errno                             0x0800057b   Thumb Code    10  _rserrno.o(.text)
    __set_errno                              0x08000585   Thumb Code    12  _rserrno.o(.text)
    _printf_int_common                       0x08000591   Thumb Code   178  _printf_intcommon.o(.text)
    _printf_char_file                        0x08000645   Thumb Code    32  _printf_char_file.o(.text)
    __aeabi_errno_addr                       0x08000669   Thumb Code     8  rt_errno_addr_intlibspace.o(.text)
    __errno$intlibspace                      0x08000669   Thumb Code     0  rt_errno_addr_intlibspace.o(.text)
    __rt_errno_addr$intlibspace              0x08000669   Thumb Code     0  rt_errno_addr_intlibspace.o(.text)
    _printf_char_common                      0x0800067b   Thumb Code    32  _printf_char_common.o(.text)
    ferror                                   0x080006a1   Thumb Code     8  ferror.o(.text)
    __user_libspace                          0x080006a9   Thumb Code     8  libspace.o(.text)
    __user_perproc_libspace                  0x080006a9   Thumb Code     0  libspace.o(.text)
    __user_perthread_libspace                0x080006a9   Thumb Code     0  libspace.o(.text)
    __user_setup_stackheap                   0x080006b1   Thumb Code    74  sys_stackheap_outer.o(.text)
    exit                                     0x080006fb   Thumb Code    12  exit.o(.text)
    BusFault_Handler                         0x08000707   Thumb Code     2  stm32f1xx_it.o(i.BusFault_Handler)
    DebugMon_Handler                         0x08000709   Thumb Code     2  stm32f1xx_it.o(i.DebugMon_Handler)
    EXTI15_10_IRQHandler                     0x0800070b   Thumb Code     8  stm32f1xx_it.o(i.EXTI15_10_IRQHandler)
    EXTI9_5_IRQHandler                       0x08000713   Thumb Code     6  stm32f1xx_it.o(i.EXTI9_5_IRQHandler)
    FLASH_PageErase                          0x0800073d   Thumb Code    28  stm32f1xx_hal_flash_ex.o(i.FLASH_PageErase)
    FLASH_WaitForLastOperation               0x080007d9   Thumb Code    80  stm32f1xx_hal_flash.o(i.FLASH_WaitForLastOperation)
    HAL_DMA_Abort                            0x0800082d   Thumb Code    70  stm32f1xx_hal_dma.o(i.HAL_DMA_Abort)
    HAL_DMA_Abort_IT                         0x08000875   Thumb Code   148  stm32f1xx_hal_dma.o(i.HAL_DMA_Abort_IT)
    HAL_FLASHEx_Erase                        0x0800090d   Thumb Code   160  stm32f1xx_hal_flash_ex.o(i.HAL_FLASHEx_Erase)
    HAL_FLASH_Lock                           0x080009b5   Thumb Code    14  stm32f1xx_hal_flash.o(i.HAL_FLASH_Lock)
    HAL_FLASH_Program                        0x080009c9   Thumb Code   120  stm32f1xx_hal_flash.o(i.HAL_FLASH_Program)
    HAL_FLASH_Unlock                         0x08000a49   Thumb Code    28  stm32f1xx_hal_flash.o(i.HAL_FLASH_Unlock)
    HAL_GPIO_EXTI_Callback                   0x08000a71   Thumb Code    48  embedi_wheels.o(i.HAL_GPIO_EXTI_Callback)
    HAL_GPIO_EXTI_IRQHandler                 0x08000ab9   Thumb Code    18  stm32f1xx_hal_gpio.o(i.HAL_GPIO_EXTI_IRQHandler)
    HAL_GPIO_Init                            0x08000ad1   Thumb Code   446  stm32f1xx_hal_gpio.o(i.HAL_GPIO_Init)
    HAL_GPIO_ReadPin                         0x08000cb1   Thumb Code    10  stm32f1xx_hal_gpio.o(i.HAL_GPIO_ReadPin)
    HAL_GPIO_WritePin                        0x08000cbb   Thumb Code    10  stm32f1xx_hal_gpio.o(i.HAL_GPIO_WritePin)
    HAL_GetTick                              0x08000cc5   Thumb Code     6  stm32f1xx_hal.o(i.HAL_GetTick)
    HAL_IncTick                              0x08000cd1   Thumb Code    12  stm32f1xx_hal.o(i.HAL_IncTick)
    HAL_Init                                 0x08000ce1   Thumb Code    32  stm32f1xx_hal.o(i.HAL_Init)
    HAL_InitTick                             0x08000d05   Thumb Code    54  stm32f1xx_hal.o(i.HAL_InitTick)
    HAL_MspInit                              0x08000d45   Thumb Code    62  stm32f1xx_hal_msp.o(i.HAL_MspInit)
    HAL_NVIC_EnableIRQ                       0x08000d8d   Thumb Code    26  stm32f1xx_hal_cortex.o(i.HAL_NVIC_EnableIRQ)
    HAL_NVIC_SetPriority                     0x08000da9   Thumb Code    60  stm32f1xx_hal_cortex.o(i.HAL_NVIC_SetPriority)
    HAL_NVIC_SetPriorityGrouping             0x08000de9   Thumb Code    26  stm32f1xx_hal_cortex.o(i.HAL_NVIC_SetPriorityGrouping)
    HAL_RCC_ClockConfig                      0x08000e0d   Thumb Code   280  stm32f1xx_hal_rcc.o(i.HAL_RCC_ClockConfig)
    HAL_RCC_GetPCLK1Freq                     0x08000f39   Thumb Code    20  stm32f1xx_hal_rcc.o(i.HAL_RCC_GetPCLK1Freq)
    HAL_RCC_GetPCLK2Freq                     0x08000f59   Thumb Code    20  stm32f1xx_hal_rcc.o(i.HAL_RCC_GetPCLK2Freq)
    HAL_RCC_GetSysClockFreq                  0x08000f79   Thumb Code    58  stm32f1xx_hal_rcc.o(i.HAL_RCC_GetSysClockFreq)
    HAL_RCC_OscConfig                        0x08000fc5   Thumb Code   778  stm32f1xx_hal_rcc.o(i.HAL_RCC_OscConfig)
    HAL_SYSTICK_Config                       0x080012e5   Thumb Code    40  stm32f1xx_hal_cortex.o(i.HAL_SYSTICK_Config)
    HAL_TIMEx_ConfigBreakDeadTime            0x0800130d   Thumb Code    84  stm32f1xx_hal_tim_ex.o(i.HAL_TIMEx_ConfigBreakDeadTime)
    HAL_TIMEx_MasterConfigSynchronization    0x08001361   Thumb Code    92  stm32f1xx_hal_tim_ex.o(i.HAL_TIMEx_MasterConfigSynchronization)
    HAL_TIM_Base_Init                        0x080013c9   Thumb Code    90  stm32f1xx_hal_tim.o(i.HAL_TIM_Base_Init)
    HAL_TIM_Base_MspInit                     0x08001425   Thumb Code    30  stm32f1xx_hal_msp.o(i.HAL_TIM_Base_MspInit)
    HAL_TIM_ConfigClockSource                0x0800144d   Thumb Code   220  stm32f1xx_hal_tim.o(i.HAL_TIM_ConfigClockSource)
    HAL_TIM_Encoder_Init                     0x08001529   Thumb Code   164  stm32f1xx_hal_tim.o(i.HAL_TIM_Encoder_Init)
    HAL_TIM_Encoder_MspInit                  0x080015cd   Thumb Code   122  stm32f1xx_hal_msp.o(i.HAL_TIM_Encoder_MspInit)
    HAL_TIM_Encoder_Start                    0x08001659   Thumb Code   142  stm32f1xx_hal_tim.o(i.HAL_TIM_Encoder_Start)
    HAL_TIM_MspPostInit                      0x080016e9   Thumb Code    64  stm32f1xx_hal_msp.o(i.HAL_TIM_MspPostInit)
    HAL_TIM_PWM_ConfigChannel                0x08001735   Thumb Code   204  stm32f1xx_hal_tim.o(i.HAL_TIM_PWM_ConfigChannel)
    HAL_TIM_PWM_Init                         0x08001801   Thumb Code    90  stm32f1xx_hal_tim.o(i.HAL_TIM_PWM_Init)
    HAL_TIM_PWM_MspInit                      0x0800185b   Thumb Code     2  stm32f1xx_hal_tim.o(i.HAL_TIM_PWM_MspInit)
    HAL_TIM_PWM_Start                        0x0800185d   Thumb Code   144  stm32f1xx_hal_tim.o(i.HAL_TIM_PWM_Start)
    HAL_UARTEx_RxEventCallback               0x080018f9   Thumb Code     2  stm32f1xx_hal_uart.o(i.HAL_UARTEx_RxEventCallback)
    HAL_UART_ErrorCallback                   0x080018fb   Thumb Code     2  stm32f1xx_hal_uart.o(i.HAL_UART_ErrorCallback)
    HAL_UART_IRQHandler                      0x080018fd   Thumb Code   616  stm32f1xx_hal_uart.o(i.HAL_UART_IRQHandler)
    HAL_UART_Init                            0x08001b69   Thumb Code   100  stm32f1xx_hal_uart.o(i.HAL_UART_Init)
    HAL_UART_MspInit                         0x08001bcd   Thumb Code   116  stm32f1xx_hal_msp.o(i.HAL_UART_MspInit)
    HAL_UART_Receive_IT                      0x08001c4d   Thumb Code    28  stm32f1xx_hal_uart.o(i.HAL_UART_Receive_IT)
    HAL_UART_RxCpltCallback                  0x08001c69   Thumb Code    78  embedi_uart.o(i.HAL_UART_RxCpltCallback)
    HAL_UART_Transmit                        0x08001cc5   Thumb Code   154  stm32f1xx_hal_uart.o(i.HAL_UART_Transmit)
    HAL_UART_TxCpltCallback                  0x08001d5f   Thumb Code     2  stm32f1xx_hal_uart.o(i.HAL_UART_TxCpltCallback)
    HardFault_Handler                        0x08001d61   Thumb Code     2  stm32f1xx_it.o(i.HardFault_Handler)
    MemManage_Handler                        0x08001ff5   Thumb Code     2  stm32f1xx_it.o(i.MemManage_Handler)
    NMI_Handler                              0x08001ff7   Thumb Code     2  stm32f1xx_it.o(i.NMI_Handler)
    StartDefaultTask                         0x08001ff9   Thumb Code     2  main.o(i.StartDefaultTask)
    SysTick_Handler                          0x08001ffb   Thumb Code    24  stm32f1xx_it.o(i.SysTick_Handler)
    SystemClock_Config                       0x08002013   Thumb Code    94  main.o(i.SystemClock_Config)
    SystemInit                               0x08002071   Thumb Code     2  system_stm32f1xx.o(i.SystemInit)
    TIM_Base_SetConfig                       0x08002075   Thumb Code    94  stm32f1xx_hal_tim.o(i.TIM_Base_SetConfig)
    TIM_CCxChannelCmd                        0x080020e1   Thumb Code    26  stm32f1xx_hal_tim.o(i.TIM_CCxChannelCmd)
    TIM_ETR_SetConfig                        0x080020fb   Thumb Code    20  stm32f1xx_hal_tim.o(i.TIM_ETR_SetConfig)
    TIM_OC2_SetConfig                        0x08002171   Thumb Code    84  stm32f1xx_hal_tim.o(i.TIM_OC2_SetConfig)
    UART_Start_Receive_IT                    0x08002485   Thumb Code    54  stm32f1xx_hal_uart.o(i.UART_Start_Receive_IT)
    USART1_IRQHandler                        0x08002535   Thumb Code     6  stm32f1xx_it.o(i.USART1_IRQHandler)
    UsageFault_Handler                       0x08002541   Thumb Code     2  stm32f1xx_it.o(i.UsageFault_Handler)
    __ARM_fpclassify                         0x08002543   Thumb Code    40  fpclassify.o(i.__ARM_fpclassify)
    __kernel_poly                            0x0800258b   Thumb Code   170  poly.o(i.__kernel_poly)
    __mathlib_dbl_infnan                     0x08002635   Thumb Code     6  dunder.o(i.__mathlib_dbl_infnan)
    __mathlib_dbl_invalid                    0x0800263b   Thumb Code    12  dunder.o(i.__mathlib_dbl_invalid)
    __mathlib_dbl_underflow                  0x08002649   Thumb Code    10  dunder.o(i.__mathlib_dbl_underflow)
    _is_digit                                0x08002b2f   Thumb Code    14  __printf_wp.o(i._is_digit)
    _sys_exit                                0x08003019   Thumb Code     2  embedi_uart.o(i._sys_exit)
    asin                                     0x080035c5   Thumb Code   572  asin.o(i.asin)
    atan                                     0x08003835   Thumb Code   474  atan.o(i.atan)
    embedi_2d_kalman_init                    0x08003a55   Thumb Code   152  embedi_2d_kalman.o(i.embedi_2d_kalman_init)
    embedi_6d_kalman_filter                  0x08003b09   Thumb Code    20  embedi_6d_kalman.o(i.embedi_6d_kalman_filter)
    embedi_6d_kalman_init                    0x08003b1d   Thumb Code   136  embedi_6d_kalman.o(i.embedi_6d_kalman_init)
    embedi_configure_fifo                    0x08003bb5   Thumb Code    18  embedi_imu.o(i.embedi_configure_fifo)
    embedi_create_eye_matrix                 0x08003bcd   Thumb Code    76  embedi_math.o(i.embedi_create_eye_matrix)
    embedi_create_matrix                     0x08003c35   Thumb Code    62  embedi_math.o(i.embedi_create_matrix)
    embedi_delay_ms                          0x08003c91   Thumb Code    10  embedi_delay.o(i.embedi_delay_ms)
    embedi_delay_us                          0x08003c9b   Thumb Code    12  embedi_delay.o(i.embedi_delay_us)
    embedi_enable_sensor                     0x08003ca9   Thumb Code    18  embedi_imu.o(i.embedi_enable_sensor)
    embedi_enable_uart1_interrupt            0x08003cc1   Thumb Code    12  embedi_uart.o(i.embedi_enable_uart1_interrupt)
    embedi_get_accel_data                    0x08003cd1   Thumb Code    82  embedi_imu.o(i.embedi_get_accel_data)
    embedi_get_accel_fsr                     0x08003d29   Thumb Code    18  embedi_imu.o(i.embedi_get_accel_fsr)
    embedi_get_accel_sens                    0x08003d41   Thumb Code    18  embedi_imu.o(i.embedi_get_accel_sens)
    embedi_get_euler_angle                   0x08003d59   Thumb Code   300  embedi_imu.o(i.embedi_get_euler_angle)
    embedi_get_gyro_data                     0x08003e95   Thumb Code    82  embedi_imu.o(i.embedi_get_gyro_data)
    embedi_get_gyro_fsr                      0x08003eed   Thumb Code    18  embedi_imu.o(i.embedi_get_gyro_fsr)
    embedi_get_gyro_sens                     0x08003f05   Thumb Code    18  embedi_imu.o(i.embedi_get_gyro_sens)
    embedi_get_run_state                     0x08003f1d   Thumb Code     6  embedi_system.o(i.embedi_get_run_state)
    embedi_get_sample_rate                   0x08003f29   Thumb Code    18  embedi_imu.o(i.embedi_get_sample_rate)
    embedi_get_speed                         0x08003f41   Thumb Code    28  embedi_motor.o(i.embedi_get_speed)
    embedi_get_systick                       0x08003f5d   Thumb Code    14  embedi_delay.o(i.embedi_get_systick)
    embedi_i2c_read_block                    0x08003f6b   Thumb Code     4  embedi_i2c.o(i.embedi_i2c_read_block)
    embedi_i2c_write_block                   0x08003f6f   Thumb Code     4  embedi_i2c.o(i.embedi_i2c_write_block)
    embedi_imu_calibration                   0x08003f73   Thumb Code    26  embedi_imu.o(i.embedi_imu_calibration)
    embedi_imu_enable                        0x08003f8d   Thumb Code     6  embedi_imu.o(i.embedi_imu_enable)
    embedi_imu_hardware_init                 0x08003f95   Thumb Code    18  embedi_imu.o(i.embedi_imu_hardware_init)
    embedi_imu_init                          0x08003fad   Thumb Code    90  embedi_imu.o(i.embedi_imu_init)
    embedi_matrix_3x3_inv                    0x0800403d   Thumb Code   430  embedi_math.o(i.embedi_matrix_3x3_inv)
    embedi_matrix_add                        0x08004225   Thumb Code   192  embedi_math.o(i.embedi_matrix_add)
    embedi_matrix_minus                      0x08004311   Thumb Code   192  embedi_math.o(i.embedi_matrix_minus)
    embedi_matrix_mul                        0x080043fd   Thumb Code   232  embedi_math.o(i.embedi_matrix_mul)
    embedi_matrix_scale                      0x08004521   Thumb Code    66  embedi_math.o(i.embedi_matrix_scale)
    embedi_matrix_transpose                  0x08004565   Thumb Code    64  embedi_math.o(i.embedi_matrix_transpose)
    embedi_module_init                       0x080045b5   Thumb Code   112  embedi_module_init.o(i.embedi_module_init)
    embedi_motor_sotp                        0x08004681   Thumb Code    62  embedi_motor.o(i.embedi_motor_sotp)
    embedi_motor_start                       0x080046c5   Thumb Code    46  embedi_motor.o(i.embedi_motor_start)
    embedi_pid                               0x080046f5   Thumb Code   128  embedi_pid.o(i.embedi_pid)
    embedi_pid_init                          0x08004789   Thumb Code    58  embedi_pid.o(i.embedi_pid_init)
    embedi_pid_reset                         0x080047d1   Thumb Code    18  embedi_pid.o(i.embedi_pid_reset)
    embedi_read_accel_data                   0x080047f1   Thumb Code    18  embedi_imu.o(i.embedi_read_accel_data)
    embedi_read_flash                        0x08004809   Thumb Code    26  embedi_flash.o(i.embedi_read_flash)
    embedi_read_gyro_data                    0x08004825   Thumb Code    18  embedi_imu.o(i.embedi_read_gyro_data)
    embedi_register_operations               0x0800483d   Thumb Code    24  embedi_imu.o(i.embedi_register_operations)
    embedi_set_direction                     0x08004885   Thumb Code    94  embedi_motor.o(i.embedi_set_direction)
    embedi_set_run_state                     0x080048e9   Thumb Code     6  embedi_system.o(i.embedi_set_run_state)
    embedi_set_sample_rate                   0x080048f5   Thumb Code    18  embedi_imu.o(i.embedi_set_sample_rate)
    embedi_system_init                       0x0800490d   Thumb Code     4  embedi_system.o(i.embedi_system_init)
    embedi_task_function                     0x08004911   Thumb Code   122  embedi_wheels.o(i.embedi_task_function)
    embedi_uart_init                         0x08004999   Thumb Code     4  embedi_uart.o(i.embedi_uart_init)
    embedi_update_imu_data_buff              0x0800499d   Thumb Code    40  embedi_imu.o(i.embedi_update_imu_data_buff)
    embedi_wheels_init                       0x080049c9   Thumb Code    82  embedi_wheels.o(i.embedi_wheels_init)
    embedi_write_flash                       0x08004a39   Thumb Code   230  embedi_flash.o(i.embedi_write_flash)
    emebedi_get_6d_kalman_obsever            0x08004b39   Thumb Code     4  embedi_6d_kalman.o(i.emebedi_get_6d_kalman_obsever)
    fputc                                    0x08004b41   Thumb Code    14  embedi_uart.o(i.fputc)
    inv_imu_init                             0x08004b55   Thumb Code     6  inv_mpu.o(i.inv_imu_init)
    main                                     0x08004b61   Thumb Code    96  main.o(i.main)
    mpu_configure_fifo                       0x08004c11   Thumb Code    78  inv_mpu.o(i.mpu_configure_fifo)
    mpu_get_accel_fsr                        0x08004c65   Thumb Code    54  inv_mpu.o(i.mpu_get_accel_fsr)
    mpu_get_accel_reg                        0x08004ca1   Thumb Code    76  inv_mpu.o(i.mpu_get_accel_reg)
    mpu_get_accel_sens                       0x08004cf1   Thumb Code    62  inv_mpu.o(i.mpu_get_accel_sens)
    mpu_get_gyro_fsr                         0x08004d35   Thumb Code    48  inv_mpu.o(i.mpu_get_gyro_fsr)
    mpu_get_gyro_reg                         0x08004d69   Thumb Code    78  inv_mpu.o(i.mpu_get_gyro_reg)
    mpu_get_gyro_sens                        0x08004dbd   Thumb Code    44  inv_mpu.o(i.mpu_get_gyro_sens)
    mpu_get_sample_rate                      0x08004dfd   Thumb Code    22  inv_mpu.o(i.mpu_get_sample_rate)
    mpu_init                                 0x08004e19   Thumb Code   220  inv_mpu.o(i.mpu_init)
    mpu_lp_accel_mode                        0x08004f3d   Thumb Code   178  inv_mpu.o(i.mpu_lp_accel_mode)
    mpu_reset_fifo                           0x08004ff5   Thumb Code   346  inv_mpu.o(i.mpu_reset_fifo)
    mpu_set_accel_fsr                        0x08005155   Thumb Code    98  inv_mpu.o(i.mpu_set_accel_fsr)
    mpu_set_bypass                           0x080051bd   Thumb Code   214  inv_mpu.o(i.mpu_set_bypass)
    mpu_set_gyro_fsr                         0x08005299   Thumb Code   104  inv_mpu.o(i.mpu_set_gyro_fsr)
    mpu_set_int_latched                      0x08005305   Thumb Code    94  inv_mpu.o(i.mpu_set_int_latched)
    mpu_set_lpf                              0x08005369   Thumb Code   102  inv_mpu.o(i.mpu_set_lpf)
    mpu_set_sample_rate                      0x080053d5   Thumb Code   124  inv_mpu.o(i.mpu_set_sample_rate)
    mpu_set_sensors                          0x08005455   Thumb Code   178  inv_mpu.o(i.mpu_set_sensors)
    osDelay                                  0x0800550d   Thumb Code    14  cmsis_os.o(i.osDelay)
    osKernelStart                            0x0800551b   Thumb Code    10  cmsis_os.o(i.osKernelStart)
    osThreadCreate                           0x08005525   Thumb Code    84  cmsis_os.o(i.osThreadCreate)
    pvPortMalloc                             0x08005959   Thumb Code   210  heap_4.o(i.pvPortMalloc)
    pvTaskIncrementMutexHeldCount            0x08005a31   Thumb Code    18  tasks.o(i.pvTaskIncrementMutexHeldCount)
    pxPortInitialiseStack                    0x08005a49   Thumb Code    32  port.o(i.pxPortInitialiseStack)
    sqrt                                     0x08005ac5   Thumb Code    76  sqrt.o(i.sqrt)
    sqrtf                                    0x08005b11   Thumb Code    44  sqrtf.o(i.sqrtf)
    uxListRemove                             0x08005b3d   Thumb Code    38  list.o(i.uxListRemove)
    vApplicationGetIdleTaskMemory            0x08005b65   Thumb Code    16  freertos.o(i.vApplicationGetIdleTaskMemory)
    vListInitialise                          0x08005b79   Thumb Code    22  list.o(i.vListInitialise)
    vListInitialiseItem                      0x08005b8f   Thumb Code     6  list.o(i.vListInitialiseItem)
    vListInsert                              0x08005b95   Thumb Code    48  list.o(i.vListInsert)
    vListInsertEnd                           0x08005bc5   Thumb Code    24  list.o(i.vListInsertEnd)
    vPortEnterCritical                       0x08005bdd   Thumb Code    54  port.o(i.vPortEnterCritical)
    vPortExitCritical                        0x08005c1d   Thumb Code    34  port.o(i.vPortExitCritical)
    vPortFree                                0x08005c45   Thumb Code    88  heap_4.o(i.vPortFree)
    vPortSetupTimerInterrupt                 0x08005ca1   Thumb Code    32  port.o(i.vPortSetupTimerInterrupt)
    vPortValidateInterruptPriority           0x08005cc5   Thumb Code    74  port.o(i.vPortValidateInterruptPriority)
    vTaskDelay                               0x08005d19   Thumb Code    66  tasks.o(i.vTaskDelay)
    vTaskInternalSetTimeOutState             0x08005d65   Thumb Code    12  tasks.o(i.vTaskInternalSetTimeOutState)
    vTaskMissedYield                         0x08005d75   Thumb Code     8  tasks.o(i.vTaskMissedYield)
    vTaskPlaceOnEventList                    0x08005d81   Thumb Code    44  tasks.o(i.vTaskPlaceOnEventList)
    vTaskPriorityDisinheritAfterTimeout      0x08005db1   Thumb Code   160  tasks.o(i.vTaskPriorityDisinheritAfterTimeout)
    vTaskStartScheduler                      0x08005e59   Thumb Code    90  tasks.o(i.vTaskStartScheduler)
    vTaskSuspendAll                          0x08005ec5   Thumb Code    10  tasks.o(i.vTaskSuspendAll)
    vTaskSwitchContext                       0x08005ed5   Thumb Code    82  tasks.o(i.vTaskSwitchContext)
    xPortStartScheduler                      0x08005f31   Thumb Code   154  port.o(i.xPortStartScheduler)
    xPortSysTickHandler                      0x08005fd9   Thumb Code    38  port.o(i.xPortSysTickHandler)
    xQueueGenericCreate                      0x08006005   Thumb Code    72  queue.o(i.xQueueGenericCreate)
    xQueueGenericReset                       0x0800604d   Thumb Code   132  queue.o(i.xQueueGenericReset)
    xQueueGiveFromISR                        0x080060d5   Thumb Code   156  queue.o(i.xQueueGiveFromISR)
    xQueueSemaphoreTake                      0x08006171   Thumb Code   372  queue.o(i.xQueueSemaphoreTake)
    xTaskCheckForTimeOut                     0x080062e9   Thumb Code   112  tasks.o(i.xTaskCheckForTimeOut)
    xTaskCreate                              0x0800635d   Thumb Code    90  tasks.o(i.xTaskCreate)
    xTaskCreateStatic                        0x080063b7   Thumb Code    86  tasks.o(i.xTaskCreateStatic)
    xTaskGetSchedulerState                   0x0800640d   Thumb Code    22  tasks.o(i.xTaskGetSchedulerState)
    xTaskGetTickCount                        0x08006429   Thumb Code     6  tasks.o(i.xTaskGetTickCount)
    xTaskIncrementTick                       0x08006435   Thumb Code   192  tasks.o(i.xTaskIncrementTick)
    xTaskPriorityInherit                     0x080064fd   Thumb Code   138  tasks.o(i.xTaskPriorityInherit)
    xTaskRemoveFromEventList                 0x08006591   Thumb Code   108  tasks.o(i.xTaskRemoveFromEventList)
    xTaskResumeAll                           0x08006605   Thumb Code   182  tasks.o(i.xTaskResumeAll)
    __aeabi_d2f                              0x080066c9   Thumb Code     0  d2f.o(x$fpl$d2f)
    _d2f                                     0x080066c9   Thumb Code    98  d2f.o(x$fpl$d2f)
    __aeabi_dadd                             0x0800672d   Thumb Code     0  daddsub_clz.o(x$fpl$dadd)
    _dadd                                    0x0800672d   Thumb Code   332  daddsub_clz.o(x$fpl$dadd)
    __fpl_dcheck_NaN1                        0x0800687d   Thumb Code    10  dcheck1.o(x$fpl$dcheck1)
    __aeabi_ddiv                             0x0800688d   Thumb Code     0  ddiv.o(x$fpl$ddiv)
    _ddiv                                    0x0800688d   Thumb Code   552  ddiv.o(x$fpl$ddiv)
    __aeabi_dmul                             0x08006b3d   Thumb Code     0  dmul.o(x$fpl$dmul)
    _dmul                                    0x08006b3d   Thumb Code   332  dmul.o(x$fpl$dmul)
    __fpl_dnaninf                            0x08006c91   Thumb Code   156  dnaninf.o(x$fpl$dnaninf)
    __fpl_dretinf                            0x08006d2d   Thumb Code    12  dretinf.o(x$fpl$dretinf)
    __aeabi_drsub                            0x08006d39   Thumb Code     0  daddsub_clz.o(x$fpl$drsb)
    _drsb                                    0x08006d39   Thumb Code    22  daddsub_clz.o(x$fpl$drsb)
    _dsqrt                                   0x08006d51   Thumb Code   456  dsqrt_noumaal.o(x$fpl$dsqrt)
    __aeabi_dsub                             0x08006f1d   Thumb Code     0  daddsub_clz.o(x$fpl$dsub)
    _dsub                                    0x08006f1d   Thumb Code   464  daddsub_clz.o(x$fpl$dsub)
    __aeabi_f2d                              0x080070f1   Thumb Code     0  f2d.o(x$fpl$f2d)
    _f2d                                     0x080070f1   Thumb Code    86  f2d.o(x$fpl$f2d)
    __aeabi_fadd                             0x08007149   Thumb Code     0  faddsub_clz.o(x$fpl$fadd)
    _fadd                                    0x08007149   Thumb Code   196  faddsub_clz.o(x$fpl$fadd)
    __fpl_fcheck_NaN1                        0x0800720d   Thumb Code     6  fcheck1.o(x$fpl$fcheck1)
    __fpl_fcmp_Inf                           0x08007219   Thumb Code    24  fcmpi.o(x$fpl$fcmpinf)
    __aeabi_fdiv                             0x08007231   Thumb Code     0  fdiv.o(x$fpl$fdiv)
    _fdiv                                    0x08007231   Thumb Code   384  fdiv.o(x$fpl$fdiv)
    __aeabi_f2iz                             0x080073b5   Thumb Code     0  ffix.o(x$fpl$ffix)
    _ffix                                    0x080073b5   Thumb Code    54  ffix.o(x$fpl$ffix)
    __aeabi_i2f                              0x080073ed   Thumb Code     0  fflt_clz.o(x$fpl$fflt)
    _fflt                                    0x080073ed   Thumb Code    48  fflt_clz.o(x$fpl$fflt)
    __aeabi_ui2f                             0x0800741d   Thumb Code     0  fflt_clz.o(x$fpl$ffltu)
    _ffltu                                   0x0800741d   Thumb Code    38  fflt_clz.o(x$fpl$ffltu)
    __aeabi_cfcmple                          0x08007445   Thumb Code     0  fleqf.o(x$fpl$fleqf)
    _fcmple                                  0x08007445   Thumb Code   104  fleqf.o(x$fpl$fleqf)
    __fpl_fcmple_InfNaN                      0x08007497   Thumb Code     0  fleqf.o(x$fpl$fleqf)
    __aeabi_fmul                             0x080074ad   Thumb Code     0  fmul.o(x$fpl$fmul)
    _fmul                                    0x080074ad   Thumb Code   258  fmul.o(x$fpl$fmul)
    __fpl_fnaninf                            0x080075af   Thumb Code   140  fnaninf.o(x$fpl$fnaninf)
    __fpl_fretinf                            0x0800763b   Thumb Code    10  fretinf.o(x$fpl$fretinf)
    __aeabi_cfrcmple                         0x08007645   Thumb Code     0  frleqf.o(x$fpl$frleqf)
    _frcmple                                 0x08007645   Thumb Code    98  frleqf.o(x$fpl$frleqf)
    _fsqrt                                   0x080076a9   Thumb Code   272  fsqrt.o(x$fpl$fsqrt)
    __aeabi_fsub                             0x080077b9   Thumb Code     0  faddsub_clz.o(x$fpl$fsub)
    _fsub                                    0x080077b9   Thumb Code   234  faddsub_clz.o(x$fpl$fsub)
    __fpl_return_NaN                         0x080078a3   Thumb Code   100  retnan.o(x$fpl$retnan)
    __ARM_scalbn                             0x08007907   Thumb Code    92  scalbn.o(x$fpl$scalbn)
    __ARM_scalbnf                            0x08007963   Thumb Code    76  scalbnf.o(x$fpl$scalbnf)
    __fpl_cmpreturn                          0x080079af   Thumb Code    48  trapv.o(x$fpl$trapveneer)
    __I$use$fp                               0x080079de   Number         0  usenofp.o(x$fpl$usenofp)
    AHBPrescTable                            0x08007a0e   Data          16  system_stm32f1xx.o(.constdata)
    APBPrescTable                            0x08007a1e   Data           8  system_stm32f1xx.o(.constdata)
    reg                                      0x08007a44   Data          30  inv_mpu.o(.constdata)
    hw                                       0x08007a62   Data          12  inv_mpu.o(.constdata)
    test                                     0x08007a70   Data          40  inv_mpu.o(.constdata)
    Region$$Table$$Base                      0x08007c68   Number         0  anon$$obj.o(Region$$Table)
    Region$$Table$$Limit                     0x08007c88   Number         0  anon$$obj.o(Region$$Table)
    __embedi_embedi_wheels_init              0x08007c88   Data           4  embedi_wheels.o(embedi_app_init)
    embedi_app_init$$Base                    0x08007c88   Number         0  embedi_wheels.o(embedi_app_init)
    __embedi_embedi_imu_init                 0x08007c8c   Data           4  embedi_imu.o(embedi_driver_init)
    embedi_driver_init$$Base                 0x08007c8c   Number         0  embedi_imu.o(embedi_driver_init)
    __embedi_motor_init                      0x08007c90   Data           4  embedi_motor.o(embedi_driver_init)
    __embedi_inv_imu_init                    0x08007c94   Data           4  inv_mpu.o(embedi_init)
    embedi_init$$Base                        0x08007c94   Number         0  inv_mpu.o(embedi_init)
    __embedi_embedi_uart_init                0x08007c98   Data           4  embedi_uart.o(embedi_platform_init)
    embedi_platform_init$$Base               0x08007c98   Number         0  embedi_uart.o(embedi_platform_init)
    defaultTaskHandle                        0x20000000   Data           4  main.o(.data)
    uwTickFreq                               0x20000004   Data           1  stm32f1xx_hal.o(.data)
    uwTickPrio                               0x20000008   Data           4  stm32f1xx_hal.o(.data)
    uwTick                                   0x2000000c   Data           4  stm32f1xx_hal.o(.data)
    SystemCoreClock                          0x20000010   Data           4  system_stm32f1xx.o(.data)
    xSemaphore                               0x20000014   Data           4  embedi_wheels.o(.data)
    _task_handle                             0x2000002c   Data           4  embedi_wheels.o(.data)
    inv_ops                                  0x20000064   Data          52  inv_mpu.o(.data)
    uart1_buff                               0x20000098   Data           1  embedi_uart.o(.data)
    uart2_buff                               0x20000099   Data           1  embedi_uart.o(.data)
    uart3_buff                               0x2000009a   Data           1  embedi_uart.o(.data)
    huart                                    0x2000009c   Data           4  embedi_uart.o(.data)
    __stdout                                 0x200000a0   Data           4  embedi_uart.o(.data)
    pxCurrentTCB                             0x200000a8   Data           4  tasks.o(.data)
    htim1                                    0x20000108   Data          72  main.o(.bss)
    htim2                                    0x20000150   Data          72  main.o(.bss)
    htim4                                    0x20000198   Data          72  main.o(.bss)
    huart1                                   0x200001e0   Data          72  main.o(.bss)
    pFlash                                   0x20000480   Data          32  stm32f1xx_hal_flash.o(.bss)
    g_flash_buf                              0x200006d8   Data        1024  embedi_flash.o(.bss)
    __libspace_start                         0x20001c18   Data          96  libspace.o(.bss)
    __temporary_stack_top$libspace           0x20001c78   Data           0  libspace.o(.bss)



==============================================================================

Memory Map of the image

  Image Entry point : 0x080000ed

  Load Region LR_IROM1 (Base: 0x08000000, Size: 0x00007da4, Max: 0x0000fc00, ABSOLUTE)

    Execution Region ER_IROM1 (Base: 0x08000000, Size: 0x00007c9c, Max: 0x0000fc00, ABSOLUTE)

    Base Addr    Size         Type   Attr      Idx    E Section Name        Object

    0x08000000   0x000000ec   Data   RO            3    RESET               startup_stm32f103xb.o
    0x080000ec   0x00000008   Code   RO         5597  * !!!main             c_w.l(__main.o)
    0x080000f4   0x00000034   Code   RO         5965    !!!scatter          c_w.l(__scatter.o)
    0x08000128   0x0000001a   Code   RO         5967    !!handler_copy      c_w.l(__scatter_copy.o)
    0x08000142   0x00000002   PAD
    0x08000144   0x0000001c   Code   RO         5969    !!handler_zi        c_w.l(__scatter_zi.o)
    0x08000160   0x00000000   Code   RO         5582    .ARM.Collect$$_printf_percent$$00000000  c_w.l(_printf_percent.o)
    0x08000160   0x00000006   Code   RO         5580    .ARM.Collect$$_printf_percent$$00000009  c_w.l(_printf_d.o)
    0x08000166   0x00000006   Code   RO         5579    .ARM.Collect$$_printf_percent$$0000000C  c_w.l(_printf_x.o)
    0x0800016c   0x00000004   Code   RO         5692    .ARM.Collect$$_printf_percent$$00000017  c_w.l(_printf_percent_end.o)
    0x08000170   0x00000002   Code   RO         5837    .ARM.Collect$$libinit$$00000000  c_w.l(libinit.o)
    0x08000172   0x00000000   Code   RO         5839    .ARM.Collect$$libinit$$00000002  c_w.l(libinit2.o)
    0x08000172   0x00000000   Code   RO         5841    .ARM.Collect$$libinit$$00000004  c_w.l(libinit2.o)
    0x08000172   0x00000000   Code   RO         5844    .ARM.Collect$$libinit$$0000000A  c_w.l(libinit2.o)
    0x08000172   0x00000000   Code   RO         5846    .ARM.Collect$$libinit$$0000000C  c_w.l(libinit2.o)
    0x08000172   0x00000000   Code   RO         5848    .ARM.Collect$$libinit$$0000000E  c_w.l(libinit2.o)
    0x08000172   0x00000000   Code   RO         5851    .ARM.Collect$$libinit$$00000011  c_w.l(libinit2.o)
    0x08000172   0x00000000   Code   RO         5853    .ARM.Collect$$libinit$$00000013  c_w.l(libinit2.o)
    0x08000172   0x00000000   Code   RO         5855    .ARM.Collect$$libinit$$00000015  c_w.l(libinit2.o)
    0x08000172   0x00000000   Code   RO         5857    .ARM.Collect$$libinit$$00000017  c_w.l(libinit2.o)
    0x08000172   0x00000000   Code   RO         5859    .ARM.Collect$$libinit$$00000019  c_w.l(libinit2.o)
    0x08000172   0x00000000   Code   RO         5861    .ARM.Collect$$libinit$$0000001B  c_w.l(libinit2.o)
    0x08000172   0x00000000   Code   RO         5863    .ARM.Collect$$libinit$$0000001D  c_w.l(libinit2.o)
    0x08000172   0x00000000   Code   RO         5865    .ARM.Collect$$libinit$$0000001F  c_w.l(libinit2.o)
    0x08000172   0x00000000   Code   RO         5867    .ARM.Collect$$libinit$$00000021  c_w.l(libinit2.o)
    0x08000172   0x00000000   Code   RO         5869    .ARM.Collect$$libinit$$00000023  c_w.l(libinit2.o)
    0x08000172   0x00000000   Code   RO         5871    .ARM.Collect$$libinit$$00000025  c_w.l(libinit2.o)
    0x08000172   0x00000000   Code   RO         5875    .ARM.Collect$$libinit$$0000002C  c_w.l(libinit2.o)
    0x08000172   0x00000000   Code   RO         5877    .ARM.Collect$$libinit$$0000002E  c_w.l(libinit2.o)
    0x08000172   0x00000000   Code   RO         5879    .ARM.Collect$$libinit$$00000030  c_w.l(libinit2.o)
    0x08000172   0x00000000   Code   RO         5881    .ARM.Collect$$libinit$$00000032  c_w.l(libinit2.o)
    0x08000172   0x00000002   Code   RO         5882    .ARM.Collect$$libinit$$00000033  c_w.l(libinit2.o)
    0x08000174   0x00000002   Code   RO         5926    .ARM.Collect$$libshutdown$$00000000  c_w.l(libshutdown.o)
    0x08000176   0x00000000   Code   RO         5936    .ARM.Collect$$libshutdown$$00000003  c_w.l(libshutdown2.o)
    0x08000176   0x00000000   Code   RO         5939    .ARM.Collect$$libshutdown$$00000006  c_w.l(libshutdown2.o)
    0x08000176   0x00000000   Code   RO         5942    .ARM.Collect$$libshutdown$$00000009  c_w.l(libshutdown2.o)
    0x08000176   0x00000000   Code   RO         5944    .ARM.Collect$$libshutdown$$0000000B  c_w.l(libshutdown2.o)
    0x08000176   0x00000000   Code   RO         5947    .ARM.Collect$$libshutdown$$0000000E  c_w.l(libshutdown2.o)
    0x08000176   0x00000002   Code   RO         5948    .ARM.Collect$$libshutdown$$0000000F  c_w.l(libshutdown2.o)
    0x08000178   0x00000000   Code   RO         5679    .ARM.Collect$$rtentry$$00000000  c_w.l(__rtentry.o)
    0x08000178   0x00000000   Code   RO         5741    .ARM.Collect$$rtentry$$00000002  c_w.l(__rtentry2.o)
    0x08000178   0x00000006   Code   RO         5753    .ARM.Collect$$rtentry$$00000004  c_w.l(__rtentry4.o)
    0x0800017e   0x00000000   Code   RO         5743    .ARM.Collect$$rtentry$$00000009  c_w.l(__rtentry2.o)
    0x0800017e   0x00000004   Code   RO         5744    .ARM.Collect$$rtentry$$0000000A  c_w.l(__rtentry2.o)
    0x08000182   0x00000000   Code   RO         5746    .ARM.Collect$$rtentry$$0000000C  c_w.l(__rtentry2.o)
    0x08000182   0x00000008   Code   RO         5747    .ARM.Collect$$rtentry$$0000000D  c_w.l(__rtentry2.o)
    0x0800018a   0x00000002   Code   RO         5885    .ARM.Collect$$rtexit$$00000000  c_w.l(rtexit.o)
    0x0800018c   0x00000000   Code   RO         5896    .ARM.Collect$$rtexit$$00000002  c_w.l(rtexit2.o)
    0x0800018c   0x00000004   Code   RO         5897    .ARM.Collect$$rtexit$$00000003  c_w.l(rtexit2.o)
    0x08000190   0x00000006   Code   RO         5898    .ARM.Collect$$rtexit$$00000004  c_w.l(rtexit2.o)
    0x08000196   0x00000002   PAD
    0x08000198   0x00000006   Code   RO         3823    .emb_text           embedi_delay.o
    0x0800019e   0x00000002   PAD
    0x080001a0   0x00000096   Code   RO         5440    .emb_text           port.o
    0x08000236   0x00000002   PAD
    0x08000238   0x00000040   Code   RO            4    .text               startup_stm32f103xb.o
    0x08000278   0x00000002   Code   RO         5519    .text               c_w.l(use_no_semi_2.o)
    0x0800027a   0x00000026   Code   RO         5521    .text               c_w.l(llushr.o)
    0x080002a0   0x00000018   Code   RO         5527    .text               c_w.l(noretval__2printf.o)
    0x080002b8   0x00000078   Code   RO         5535    .text               c_w.l(_printf_dec.o)
    0x08000330   0x00000058   Code   RO         5540    .text               c_w.l(_printf_hex_int.o)
    0x08000388   0x00000138   Code   RO         5570    .text               c_w.l(__printf_flags_wp.o)
    0x080004c0   0x00000064   Code   RO         5587    .text               c_w.l(rt_memcpy_w.o)
    0x08000524   0x0000004e   Code   RO         5593    .text               c_w.l(rt_memclr_w.o)
    0x08000572   0x00000006   Code   RO         5595    .text               c_w.l(heapauxi.o)
    0x08000578   0x00000002   Code   RO         5677    .text               c_w.l(use_no_semi.o)
    0x0800057a   0x00000016   Code   RO         5682    .text               c_w.l(_rserrno.o)
    0x08000590   0x000000b2   Code   RO         5684    .text               c_w.l(_printf_intcommon.o)
    0x08000642   0x00000002   PAD
    0x08000644   0x00000024   Code   RO         5690    .text               c_w.l(_printf_char_file.o)
    0x08000668   0x00000008   Code   RO         5767    .text               c_w.l(rt_errno_addr_intlibspace.o)
    0x08000670   0x00000030   Code   RO         5771    .text               c_w.l(_printf_char_common.o)
    0x080006a0   0x00000008   Code   RO         5800    .text               c_w.l(ferror.o)
    0x080006a8   0x00000008   Code   RO         5819    .text               c_w.l(libspace.o)
    0x080006b0   0x0000004a   Code   RO         5822    .text               c_w.l(sys_stackheap_outer.o)
    0x080006fa   0x0000000c   Code   RO         5828    .text               c_w.l(exit.o)
    0x08000706   0x00000002   Code   RO          251    i.BusFault_Handler  stm32f1xx_it.o
    0x08000708   0x00000002   Code   RO          252    i.DebugMon_Handler  stm32f1xx_it.o
    0x0800070a   0x00000008   Code   RO          253    i.EXTI15_10_IRQHandler  stm32f1xx_it.o
    0x08000712   0x00000006   Code   RO          254    i.EXTI9_5_IRQHandler  stm32f1xx_it.o
    0x08000718   0x00000024   Code   RO         1255    i.FLASH_MassErase   stm32f1xx_hal_flash_ex.o
    0x0800073c   0x00000024   Code   RO         1260    i.FLASH_PageErase   stm32f1xx_hal_flash_ex.o
    0x08000760   0x0000001c   Code   RO         1152    i.FLASH_Program_HalfWord  stm32f1xx_hal_flash.o
    0x0800077c   0x0000005c   Code   RO         1153    i.FLASH_SetErrorCode  stm32f1xx_hal_flash.o
    0x080007d8   0x00000054   Code   RO         1154    i.FLASH_WaitForLastOperation  stm32f1xx_hal_flash.o
    0x0800082c   0x00000046   Code   RO          816    i.HAL_DMA_Abort     stm32f1xx_hal_dma.o
    0x08000872   0x00000002   PAD
    0x08000874   0x00000098   Code   RO          817    i.HAL_DMA_Abort_IT  stm32f1xx_hal_dma.o
    0x0800090c   0x000000a8   Code   RO         1261    i.HAL_FLASHEx_Erase  stm32f1xx_hal_flash_ex.o
    0x080009b4   0x00000014   Code   RO         1158    i.HAL_FLASH_Lock    stm32f1xx_hal_flash.o
    0x080009c8   0x00000080   Code   RO         1163    i.HAL_FLASH_Program  stm32f1xx_hal_flash.o
    0x08000a48   0x00000028   Code   RO         1165    i.HAL_FLASH_Unlock  stm32f1xx_hal_flash.o
    0x08000a70   0x00000048   Code   RO         2961    i.HAL_GPIO_EXTI_Callback  embedi_wheels.o
    0x08000ab8   0x00000018   Code   RO          751    i.HAL_GPIO_EXTI_IRQHandler  stm32f1xx_hal_gpio.o
    0x08000ad0   0x000001e0   Code   RO          752    i.HAL_GPIO_Init     stm32f1xx_hal_gpio.o
    0x08000cb0   0x0000000a   Code   RO          754    i.HAL_GPIO_ReadPin  stm32f1xx_hal_gpio.o
    0x08000cba   0x0000000a   Code   RO          756    i.HAL_GPIO_WritePin  stm32f1xx_hal_gpio.o
    0x08000cc4   0x0000000c   Code   RO          446    i.HAL_GetTick       stm32f1xx_hal.o
    0x08000cd0   0x00000010   Code   RO          452    i.HAL_IncTick       stm32f1xx_hal.o
    0x08000ce0   0x00000024   Code   RO          453    i.HAL_Init          stm32f1xx_hal.o
    0x08000d04   0x00000040   Code   RO          454    i.HAL_InitTick      stm32f1xx_hal.o
    0x08000d44   0x00000048   Code   RO          333    i.HAL_MspInit       stm32f1xx_hal_msp.o
    0x08000d8c   0x0000001a   Code   RO          912    i.HAL_NVIC_EnableIRQ  stm32f1xx_hal_cortex.o
    0x08000da6   0x00000002   PAD
    0x08000da8   0x00000040   Code   RO          918    i.HAL_NVIC_SetPriority  stm32f1xx_hal_cortex.o
    0x08000de8   0x00000024   Code   RO          919    i.HAL_NVIC_SetPriorityGrouping  stm32f1xx_hal_cortex.o
    0x08000e0c   0x0000012c   Code   RO          610    i.HAL_RCC_ClockConfig  stm32f1xx_hal_rcc.o
    0x08000f38   0x00000020   Code   RO          617    i.HAL_RCC_GetPCLK1Freq  stm32f1xx_hal_rcc.o
    0x08000f58   0x00000020   Code   RO          618    i.HAL_RCC_GetPCLK2Freq  stm32f1xx_hal_rcc.o
    0x08000f78   0x0000004c   Code   RO          619    i.HAL_RCC_GetSysClockFreq  stm32f1xx_hal_rcc.o
    0x08000fc4   0x00000320   Code   RO          622    i.HAL_RCC_OscConfig  stm32f1xx_hal_rcc.o
    0x080012e4   0x00000028   Code   RO          923    i.HAL_SYSTICK_Config  stm32f1xx_hal_cortex.o
    0x0800130c   0x00000054   Code   RO         2121    i.HAL_TIMEx_ConfigBreakDeadTime  stm32f1xx_hal_tim_ex.o
    0x08001360   0x00000068   Code   RO         2137    i.HAL_TIMEx_MasterConfigSynchronization  stm32f1xx_hal_tim_ex.o
    0x080013c8   0x0000005a   Code   RO         1414    i.HAL_TIM_Base_Init  stm32f1xx_hal_tim.o
    0x08001422   0x00000002   PAD
    0x08001424   0x00000028   Code   RO          335    i.HAL_TIM_Base_MspInit  stm32f1xx_hal_msp.o
    0x0800144c   0x000000dc   Code   RO         1423    i.HAL_TIM_ConfigClockSource  stm32f1xx_hal_tim.o
    0x08001528   0x000000a4   Code   RO         1435    i.HAL_TIM_Encoder_Init  stm32f1xx_hal_tim.o
    0x080015cc   0x0000008c   Code   RO          337    i.HAL_TIM_Encoder_MspInit  stm32f1xx_hal_msp.o
    0x08001658   0x0000008e   Code   RO         1438    i.HAL_TIM_Encoder_Start  stm32f1xx_hal_tim.o
    0x080016e6   0x00000002   PAD
    0x080016e8   0x0000004c   Code   RO          338    i.HAL_TIM_MspPostInit  stm32f1xx_hal_msp.o
    0x08001734   0x000000cc   Code   RO         1486    i.HAL_TIM_PWM_ConfigChannel  stm32f1xx_hal_tim.o
    0x08001800   0x0000005a   Code   RO         1489    i.HAL_TIM_PWM_Init  stm32f1xx_hal_tim.o
    0x0800185a   0x00000002   Code   RO         1491    i.HAL_TIM_PWM_MspInit  stm32f1xx_hal_tim.o
    0x0800185c   0x0000009c   Code   RO         1494    i.HAL_TIM_PWM_Start  stm32f1xx_hal_tim.o
    0x080018f8   0x00000002   Code   RO         2397    i.HAL_UARTEx_RxEventCallback  stm32f1xx_hal_uart.o
    0x080018fa   0x00000002   Code   RO         2411    i.HAL_UART_ErrorCallback  stm32f1xx_hal_uart.o
    0x080018fc   0x0000026c   Code   RO         2414    i.HAL_UART_IRQHandler  stm32f1xx_hal_uart.o
    0x08001b68   0x00000064   Code   RO         2415    i.HAL_UART_Init     stm32f1xx_hal_uart.o
    0x08001bcc   0x00000080   Code   RO          340    i.HAL_UART_MspInit  stm32f1xx_hal_msp.o
    0x08001c4c   0x0000001c   Code   RO         2420    i.HAL_UART_Receive_IT  stm32f1xx_hal_uart.o
    0x08001c68   0x0000005c   Code   RO         3994    i.HAL_UART_RxCpltCallback  embedi_uart.o
    0x08001cc4   0x0000009a   Code   RO         2423    i.HAL_UART_Transmit  stm32f1xx_hal_uart.o
    0x08001d5e   0x00000002   Code   RO         2426    i.HAL_UART_TxCpltCallback  stm32f1xx_hal_uart.o
    0x08001d60   0x00000002   Code   RO          255    i.HardFault_Handler  stm32f1xx_it.o
    0x08001d62   0x00000002   PAD
    0x08001d64   0x000000e8   Code   RO           14    i.MX_GPIO_Init      main.o
    0x08001e4c   0x000000d8   Code   RO           15    i.MX_TIM1_Init      main.o
    0x08001f24   0x00000068   Code   RO           16    i.MX_TIM2_Init      main.o
    0x08001f8c   0x00000068   Code   RO           17    i.MX_TIM4_Init      main.o
    0x08001ff4   0x00000002   Code   RO          256    i.MemManage_Handler  stm32f1xx_it.o
    0x08001ff6   0x00000002   Code   RO          257    i.NMI_Handler       stm32f1xx_it.o
    0x08001ff8   0x00000002   Code   RO           18    i.StartDefaultTask  main.o
    0x08001ffa   0x00000018   Code   RO          258    i.SysTick_Handler   stm32f1xx_it.o
    0x08002012   0x0000005e   Code   RO           19    i.SystemClock_Config  main.o
    0x08002070   0x00000002   Code   RO         2749    i.SystemInit        system_stm32f1xx.o
    0x08002072   0x00000002   PAD
    0x08002074   0x0000006c   Code   RO         1507    i.TIM_Base_SetConfig  stm32f1xx_hal_tim.o
    0x080020e0   0x0000001a   Code   RO         1508    i.TIM_CCxChannelCmd  stm32f1xx_hal_tim.o
    0x080020fa   0x00000014   Code   RO         1518    i.TIM_ETR_SetConfig  stm32f1xx_hal_tim.o
    0x0800210e   0x00000010   Code   RO         1519    i.TIM_ITRx_SetConfig  stm32f1xx_hal_tim.o
    0x0800211e   0x00000002   PAD
    0x08002120   0x00000050   Code   RO         1520    i.TIM_OC1_SetConfig  stm32f1xx_hal_tim.o
    0x08002170   0x00000058   Code   RO         1521    i.TIM_OC2_SetConfig  stm32f1xx_hal_tim.o
    0x080021c8   0x00000058   Code   RO         1522    i.TIM_OC3_SetConfig  stm32f1xx_hal_tim.o
    0x08002220   0x00000044   Code   RO         1523    i.TIM_OC4_SetConfig  stm32f1xx_hal_tim.o
    0x08002264   0x00000022   Code   RO         1525    i.TIM_TI1_ConfigInputStage  stm32f1xx_hal_tim.o
    0x08002286   0x00000024   Code   RO         1527    i.TIM_TI2_ConfigInputStage  stm32f1xx_hal_tim.o
    0x080022aa   0x00000010   Code   RO         2428    i.UART_DMAAbortOnError  stm32f1xx_hal_uart.o
    0x080022ba   0x0000004e   Code   RO         2438    i.UART_EndRxTransfer  stm32f1xx_hal_uart.o
    0x08002308   0x000000c2   Code   RO         2440    i.UART_Receive_IT   stm32f1xx_hal_uart.o
    0x080023ca   0x00000002   PAD
    0x080023cc   0x000000b8   Code   RO         2441    i.UART_SetConfig    stm32f1xx_hal_uart.o
    0x08002484   0x00000036   Code   RO         2443    i.UART_Start_Receive_IT  stm32f1xx_hal_uart.o
    0x080024ba   0x00000078   Code   RO         2444    i.UART_WaitOnFlagUntilTimeout  stm32f1xx_hal_uart.o
    0x08002532   0x00000002   PAD
    0x08002534   0x0000000c   Code   RO          259    i.USART1_IRQHandler  stm32f1xx_it.o
    0x08002540   0x00000002   Code   RO          260    i.UsageFault_Handler  stm32f1xx_it.o
    0x08002542   0x00000028   Code   RO         5728    i.__ARM_fpclassify  m_ws.l(fpclassify.o)
    0x0800256a   0x00000020   Code   RO          925    i.__NVIC_SetPriority  stm32f1xx_hal_cortex.o
    0x0800258a   0x000000aa   Code   RO         5730    i.__kernel_poly     m_ws.l(poly.o)
    0x08002634   0x00000006   Code   RO         5715    i.__mathlib_dbl_infnan  m_ws.l(dunder.o)
    0x0800263a   0x0000000c   Code   RO         5717    i.__mathlib_dbl_invalid  m_ws.l(dunder.o)
    0x08002646   0x00000002   PAD
    0x08002648   0x00000010   Code   RO         5720    i.__mathlib_dbl_underflow  m_ws.l(dunder.o)
    0x08002658   0x00000008   Code   RO         3751    i._abs              embedi_motor.o
    0x08002660   0x00000140   Code   RO         3042    i._accel_callibratin  embedi_imu.o
    0x080027a0   0x00000064   Code   RO         3043    i._accel_data_collection  embedi_imu.o
    0x08002804   0x0000008c   Code   RO         3044    i._accel_data_standardize  embedi_imu.o
    0x08002890   0x000000f4   Code   RO         3045    i._gyro_callibratin  embedi_imu.o
    0x08002984   0x00000068   Code   RO         3046    i._gyro_data_collection  embedi_imu.o
    0x080029ec   0x00000080   Code   RO         3047    i._gyro_data_standardize  embedi_imu.o
    0x08002a6c   0x0000006c   Code   RO         3910    i._i2c_read         embedi_i2c.o
    0x08002ad8   0x00000056   Code   RO         3911    i._i2c_write        embedi_i2c.o
    0x08002b2e   0x0000000e   Code   RO         5568    i._is_digit         c_w.l(__printf_wp.o)
    0x08002b3c   0x0000006c   Code   RO         4179    i._predect          embedi_6d_kalman.o
    0x08002ba8   0x00000084   Code   RO         4180    i._q_norm           embedi_6d_kalman.o
    0x08002c2c   0x000000d8   Code   RO         3912    i._read_byte        embedi_i2c.o
    0x08002d04   0x00000034   Code   RO         3752    i._read_encoder     embedi_motor.o
    0x08002d38   0x00000068   Code   RO         3048    i._read_from_flash  embedi_imu.o
    0x08002da0   0x00000084   Code   RO         3913    i._send_byte        embedi_i2c.o
    0x08002e24   0x00000020   Code   RO         3753    i._set_pwm          embedi_motor.o
    0x08002e44   0x000000e8   Code   RO         3914    i._start            embedi_i2c.o
    0x08002f2c   0x000000ec   Code   RO         3915    i._stop             embedi_i2c.o
    0x08003018   0x00000002   Code   RO         3995    i._sys_exit         embedi_uart.o
    0x0800301a   0x00000002   PAD
    0x0800301c   0x000001cc   Code   RO         4181    i._update           embedi_6d_kalman.o
    0x080031e8   0x00000090   Code   RO         4182    i._update_A         embedi_6d_kalman.o
    0x08003278   0x0000005c   Code   RO         4183    i._update_H         embedi_6d_kalman.o
    0x080032d4   0x00000064   Code   RO         4184    i._v_norm           embedi_6d_kalman.o
    0x08003338   0x00000080   Code   RO         3916    i._wait_ack         embedi_i2c.o
    0x080033b8   0x00000128   Code   RO         2962    i._wheels_control   embedi_wheels.o
    0x080034e0   0x0000002c   Code   RO         3863    i._write_data       embedi_flash.o
    0x0800350c   0x000000b8   Code   RO         3049    i._write_to_flash   embedi_imu.o
    0x080035c4   0x00000270   Code   RO         5650    i.asin              m_ws.l(asin.o)
    0x08003834   0x00000220   Code   RO         5660    i.atan              m_ws.l(atan.o)
    0x08003a54   0x000000b4   Code   RO         4134    i.embedi_2d_kalman_init  embedi_2d_kalman.o
    0x08003b08   0x00000014   Code   RO         4185    i.embedi_6d_kalman_filter  embedi_6d_kalman.o
    0x08003b1c   0x00000098   Code   RO         4186    i.embedi_6d_kalman_init  embedi_6d_kalman.o
    0x08003bb4   0x00000018   Code   RO         3050    i.embedi_configure_fifo  embedi_imu.o
    0x08003bcc   0x00000068   Code   RO         2789    i.embedi_create_eye_matrix  embedi_math.o
    0x08003c34   0x0000005c   Code   RO         2790    i.embedi_create_matrix  embedi_math.o
    0x08003c90   0x0000000a   Code   RO         3824    i.embedi_delay_ms   embedi_delay.o
    0x08003c9a   0x0000000c   Code   RO         3825    i.embedi_delay_us   embedi_delay.o
    0x08003ca6   0x00000002   PAD
    0x08003ca8   0x00000018   Code   RO         3051    i.embedi_enable_sensor  embedi_imu.o
    0x08003cc0   0x00000010   Code   RO         3996    i.embedi_enable_uart1_interrupt  embedi_uart.o
    0x08003cd0   0x00000058   Code   RO         3052    i.embedi_get_accel_data  embedi_imu.o
    0x08003d28   0x00000018   Code   RO         3053    i.embedi_get_accel_fsr  embedi_imu.o
    0x08003d40   0x00000018   Code   RO         3054    i.embedi_get_accel_sens  embedi_imu.o
    0x08003d58   0x0000013c   Code   RO         3055    i.embedi_get_euler_angle  embedi_imu.o
    0x08003e94   0x00000058   Code   RO         3056    i.embedi_get_gyro_data  embedi_imu.o
    0x08003eec   0x00000018   Code   RO         3057    i.embedi_get_gyro_fsr  embedi_imu.o
    0x08003f04   0x00000018   Code   RO         3058    i.embedi_get_gyro_sens  embedi_imu.o
    0x08003f1c   0x0000000c   Code   RO         4102    i.embedi_get_run_state  embedi_system.o
    0x08003f28   0x00000018   Code   RO         3060    i.embedi_get_sample_rate  embedi_imu.o
    0x08003f40   0x0000001c   Code   RO         3754    i.embedi_get_speed  embedi_motor.o
    0x08003f5c   0x0000000e   Code   RO         3826    i.embedi_get_systick  embedi_delay.o
    0x08003f6a   0x00000004   Code   RO         3917    i.embedi_i2c_read_block  embedi_i2c.o
    0x08003f6e   0x00000004   Code   RO         3919    i.embedi_i2c_write_block  embedi_i2c.o
    0x08003f72   0x0000001a   Code   RO         3061    i.embedi_imu_calibration  embedi_imu.o
    0x08003f8c   0x00000006   Code   RO         3062    i.embedi_imu_enable  embedi_imu.o
    0x08003f92   0x00000002   PAD
    0x08003f94   0x00000018   Code   RO         3063    i.embedi_imu_hardware_init  embedi_imu.o
    0x08003fac   0x00000090   Code   RO         3064    i.embedi_imu_init   embedi_imu.o
    0x0800403c   0x000001e8   Code   RO         2792    i.embedi_matrix_3x3_inv  embedi_math.o
    0x08004224   0x000000ec   Code   RO         2793    i.embedi_matrix_add  embedi_math.o
    0x08004310   0x000000ec   Code   RO         2794    i.embedi_matrix_minus  embedi_math.o
    0x080043fc   0x00000124   Code   RO         2795    i.embedi_matrix_mul  embedi_math.o
    0x08004520   0x00000042   Code   RO         2796    i.embedi_matrix_scale  embedi_math.o
    0x08004562   0x00000002   PAD
    0x08004564   0x00000050   Code   RO         2798    i.embedi_matrix_transpose  embedi_math.o
    0x080045b4   0x000000cc   Code   RO         4089    i.embedi_module_init  embedi_module_init.o
    0x08004680   0x00000044   Code   RO         3755    i.embedi_motor_sotp  embedi_motor.o
    0x080046c4   0x0000002e   Code   RO         3756    i.embedi_motor_start  embedi_motor.o
    0x080046f2   0x00000002   PAD
    0x080046f4   0x00000094   Code   RO         2903    i.embedi_pid        embedi_pid.o
    0x08004788   0x00000048   Code   RO         2905    i.embedi_pid_init   embedi_pid.o
    0x080047d0   0x00000020   Code   RO         2906    i.embedi_pid_reset  embedi_pid.o
    0x080047f0   0x00000018   Code   RO         3065    i.embedi_read_accel_data  embedi_imu.o
    0x08004808   0x0000001a   Code   RO         3865    i.embedi_read_flash  embedi_flash.o
    0x08004822   0x00000002   PAD
    0x08004824   0x00000018   Code   RO         3066    i.embedi_read_gyro_data  embedi_imu.o
    0x0800483c   0x00000048   Code   RO         3067    i.embedi_register_operations  embedi_imu.o
    0x08004884   0x00000064   Code   RO         3757    i.embedi_set_direction  embedi_motor.o
    0x080048e8   0x0000000c   Code   RO         4103    i.embedi_set_run_state  embedi_system.o
    0x080048f4   0x00000018   Code   RO         3068    i.embedi_set_sample_rate  embedi_imu.o
    0x0800490c   0x00000004   Code   RO         4104    i.embedi_system_init  embedi_system.o
    0x08004910   0x00000088   Code   RO         2963    i.embedi_task_function  embedi_wheels.o
    0x08004998   0x00000004   Code   RO         3997    i.embedi_uart_init  embedi_uart.o
    0x0800499c   0x0000002c   Code   RO         3069    i.embedi_update_imu_data_buff  embedi_imu.o
    0x080049c8   0x00000070   Code   RO         2964    i.embedi_wheels_init  embedi_wheels.o
    0x08004a38   0x00000100   Code   RO         3866    i.embedi_write_flash  embedi_flash.o
    0x08004b38   0x00000008   Code   RO         4188    i.emebedi_get_6d_kalman_obsever  embedi_6d_kalman.o
    0x08004b40   0x00000014   Code   RO         3999    i.fputc             embedi_uart.o
    0x08004b54   0x0000000c   Code   RO         3226    i.inv_imu_init      inv_mpu.o
    0x08004b60   0x00000070   Code   RO           20    i.main              main.o
    0x08004bd0   0x0000000c   Code   RO         5012    i.makeFreeRtosPriority  cmsis_os.o
    0x08004bdc   0x00000034   Code   RO         3758    i.motor_init        embedi_motor.o
    0x08004c10   0x00000054   Code   RO         3227    i.mpu_configure_fifo  inv_mpu.o
    0x08004c64   0x0000003c   Code   RO         3228    i.mpu_get_accel_fsr  inv_mpu.o
    0x08004ca0   0x00000050   Code   RO         3229    i.mpu_get_accel_reg  inv_mpu.o
    0x08004cf0   0x00000044   Code   RO         3230    i.mpu_get_accel_sens  inv_mpu.o
    0x08004d34   0x00000034   Code   RO         3236    i.mpu_get_gyro_fsr  inv_mpu.o
    0x08004d68   0x00000054   Code   RO         3237    i.mpu_get_gyro_reg  inv_mpu.o
    0x08004dbc   0x00000040   Code   RO         3238    i.mpu_get_gyro_sens  inv_mpu.o
    0x08004dfc   0x0000001c   Code   RO         3242    i.mpu_get_sample_rate  inv_mpu.o
    0x08004e18   0x00000124   Code   RO         3244    i.mpu_init          inv_mpu.o
    0x08004f3c   0x000000b8   Code   RO         3246    i.mpu_lp_accel_mode  inv_mpu.o
    0x08004ff4   0x00000160   Code   RO         3256    i.mpu_reset_fifo    inv_mpu.o
    0x08005154   0x00000068   Code   RO         3260    i.mpu_set_accel_fsr  inv_mpu.o
    0x080051bc   0x000000dc   Code   RO         3261    i.mpu_set_bypass    inv_mpu.o
    0x08005298   0x0000006c   Code   RO         3265    i.mpu_set_gyro_fsr  inv_mpu.o
    0x08005304   0x00000064   Code   RO         3266    i.mpu_set_int_latched  inv_mpu.o
    0x08005368   0x0000006c   Code   RO         3268    i.mpu_set_lpf       inv_mpu.o
    0x080053d4   0x00000080   Code   RO         3269    i.mpu_set_sample_rate  inv_mpu.o
    0x08005454   0x000000b8   Code   RO         3270    i.mpu_set_sensors   inv_mpu.o
    0x0800550c   0x0000000e   Code   RO         5014    i.osDelay           cmsis_os.o
    0x0800551a   0x0000000a   Code   RO         5017    i.osKernelStart     cmsis_os.o
    0x08005524   0x00000054   Code   RO         5051    i.osThreadCreate    cmsis_os.o
    0x08005578   0x00000070   Code   RO         4709    i.prvAddCurrentTaskToDelayedList  tasks.o
    0x080055e8   0x000000d0   Code   RO         4710    i.prvAddNewTaskToReadyList  tasks.o
    0x080056b8   0x00000034   Code   RO         4711    i.prvDeleteTCB      tasks.o
    0x080056ec   0x0000004c   Code   RO         5379    i.prvHeapInit       heap_4.o
    0x08005738   0x00000060   Code   RO         4712    i.prvIdleTask       tasks.o
    0x08005798   0x00000016   Code   RO         4397    i.prvInitialiseNewQueue  queue.o
    0x080057ae   0x0000008e   Code   RO         4713    i.prvInitialiseNewTask  tasks.o
    0x0800583c   0x0000004c   Code   RO         5380    i.prvInsertBlockIntoFreeList  heap_4.o
    0x08005888   0x0000001c   Code   RO         4398    i.prvIsQueueEmpty   queue.o
    0x080058a4   0x00000020   Code   RO         4714    i.prvResetNextTaskUnblockTime  tasks.o
    0x080058c4   0x00000028   Code   RO         5441    i.prvTaskExitError  port.o
    0x080058ec   0x0000006a   Code   RO         4399    i.prvUnlockQueue    queue.o
    0x08005956   0x00000002   PAD
    0x08005958   0x000000d8   Code   RO         5381    i.pvPortMalloc      heap_4.o
    0x08005a30   0x00000018   Code   RO         4716    i.pvTaskIncrementMutexHeldCount  tasks.o
    0x08005a48   0x00000024   Code   RO         5442    i.pxPortInitialiseStack  port.o
    0x08005a6c   0x00000058   Code   RO         3272    i.set_int_enable    inv_mpu.o
    0x08005ac4   0x0000004c   Code   RO         5733    i.sqrt              m_ws.l(sqrt.o)
    0x08005b10   0x0000002c   Code   RO         5670    i.sqrtf             m_ws.l(sqrtf.o)
    0x08005b3c   0x00000026   Code   RO         4354    i.uxListRemove      list.o
    0x08005b62   0x00000002   PAD
    0x08005b64   0x00000014   Code   RO          217    i.vApplicationGetIdleTaskMemory  freertos.o
    0x08005b78   0x00000016   Code   RO         4355    i.vListInitialise   list.o
    0x08005b8e   0x00000006   Code   RO         4356    i.vListInitialiseItem  list.o
    0x08005b94   0x00000030   Code   RO         4357    i.vListInsert       list.o
    0x08005bc4   0x00000018   Code   RO         4358    i.vListInsertEnd    list.o
    0x08005bdc   0x00000040   Code   RO         5444    i.vPortEnterCritical  port.o
    0x08005c1c   0x00000028   Code   RO         5445    i.vPortExitCritical  port.o
    0x08005c44   0x0000005c   Code   RO         5382    i.vPortFree         heap_4.o
    0x08005ca0   0x00000024   Code   RO         5446    i.vPortSetupTimerInterrupt  port.o
    0x08005cc4   0x00000054   Code   RO         5447    i.vPortValidateInterruptPriority  port.o
    0x08005d18   0x0000004c   Code   RO         4722    i.vTaskDelay        tasks.o
    0x08005d64   0x00000010   Code   RO         4725    i.vTaskInternalSetTimeOutState  tasks.o
    0x08005d74   0x0000000c   Code   RO         4726    i.vTaskMissedYield  tasks.o
    0x08005d80   0x00000030   Code   RO         4728    i.vTaskPlaceOnEventList  tasks.o
    0x08005db0   0x000000a8   Code   RO         4730    i.vTaskPriorityDisinheritAfterTimeout  tasks.o
    0x08005e58   0x0000006c   Code   RO         4735    i.vTaskStartScheduler  tasks.o
    0x08005ec4   0x00000010   Code   RO         4737    i.vTaskSuspendAll   tasks.o
    0x08005ed4   0x0000005c   Code   RO         4738    i.vTaskSwitchContext  tasks.o
    0x08005f30   0x000000a8   Code   RO         5448    i.xPortStartScheduler  port.o
    0x08005fd8   0x0000002c   Code   RO         5449    i.xPortSysTickHandler  port.o
    0x08006004   0x00000048   Code   RO         4408    i.xQueueGenericCreate  queue.o
    0x0800604c   0x00000088   Code   RO         4410    i.xQueueGenericReset  queue.o
    0x080060d4   0x0000009c   Code   RO         4413    i.xQueueGiveFromISR  queue.o
    0x08006170   0x00000178   Code   RO         4420    i.xQueueSemaphoreTake  queue.o
    0x080062e8   0x00000074   Code   RO         4739    i.xTaskCheckForTimeOut  tasks.o
    0x0800635c   0x0000005a   Code   RO         4740    i.xTaskCreate       tasks.o
    0x080063b6   0x00000056   Code   RO         4741    i.xTaskCreateStatic  tasks.o
    0x0800640c   0x0000001c   Code   RO         4745    i.xTaskGetSchedulerState  tasks.o
    0x08006428   0x0000000c   Code   RO         4746    i.xTaskGetTickCount  tasks.o
    0x08006434   0x000000c8   Code   RO         4748    i.xTaskIncrementTick  tasks.o
    0x080064fc   0x00000094   Code   RO         4752    i.xTaskPriorityInherit  tasks.o
    0x08006590   0x00000074   Code   RO         4753    i.xTaskRemoveFromEventList  tasks.o
    0x08006604   0x000000c4   Code   RO         4754    i.xTaskResumeAll    tasks.o
    0x080066c8   0x00000062   Code   RO         5599    x$fpl$d2f           fz_ws.l(d2f.o)
    0x0800672a   0x00000002   PAD
    0x0800672c   0x00000150   Code   RO         5601    x$fpl$dadd          fz_ws.l(daddsub_clz.o)
    0x0800687c   0x00000010   Code   RO         5807    x$fpl$dcheck1       fz_ws.l(dcheck1.o)
    0x0800688c   0x000002b0   Code   RO         5608    x$fpl$ddiv          fz_ws.l(ddiv.o)
    0x08006b3c   0x00000154   Code   RO         5613    x$fpl$dmul          fz_ws.l(dmul.o)
    0x08006c90   0x0000009c   Code   RO         5697    x$fpl$dnaninf       fz_ws.l(dnaninf.o)
    0x08006d2c   0x0000000c   Code   RO         5699    x$fpl$dretinf       fz_ws.l(dretinf.o)
    0x08006d38   0x00000016   Code   RO         5602    x$fpl$drsb          fz_ws.l(daddsub_clz.o)
    0x08006d4e   0x00000002   PAD
    0x08006d50   0x000001cc   Code   RO         5811    x$fpl$dsqrt         fz_ws.l(dsqrt_noumaal.o)
    0x08006f1c   0x000001d4   Code   RO         5603    x$fpl$dsub          fz_ws.l(daddsub_clz.o)
    0x080070f0   0x00000056   Code   RO         5615    x$fpl$f2d           fz_ws.l(f2d.o)
    0x08007146   0x00000002   PAD
    0x08007148   0x000000c4   Code   RO         5617    x$fpl$fadd          fz_ws.l(faddsub_clz.o)
    0x0800720c   0x0000000c   Code   RO         5701    x$fpl$fcheck1       fz_ws.l(fcheck1.o)
    0x08007218   0x00000018   Code   RO         5813    x$fpl$fcmpinf       fz_ws.l(fcmpi.o)
    0x08007230   0x00000184   Code   RO         5624    x$fpl$fdiv          fz_ws.l(fdiv.o)
    0x080073b4   0x00000036   Code   RO         5627    x$fpl$ffix          fz_ws.l(ffix.o)
    0x080073ea   0x00000002   PAD
    0x080073ec   0x00000030   Code   RO         5636    x$fpl$fflt          fz_ws.l(fflt_clz.o)
    0x0800741c   0x00000026   Code   RO         5635    x$fpl$ffltu         fz_ws.l(fflt_clz.o)
    0x08007442   0x00000002   PAD
    0x08007444   0x00000068   Code   RO         5703    x$fpl$fleqf         fz_ws.l(fleqf.o)
    0x080074ac   0x00000102   Code   RO         5641    x$fpl$fmul          fz_ws.l(fmul.o)
    0x080075ae   0x0000008c   Code   RO         5705    x$fpl$fnaninf       fz_ws.l(fnaninf.o)
    0x0800763a   0x0000000a   Code   RO         5707    x$fpl$fretinf       fz_ws.l(fretinf.o)
    0x08007644   0x00000062   Code   RO         5643    x$fpl$frleqf        fz_ws.l(frleqf.o)
    0x080076a6   0x00000002   PAD
    0x080076a8   0x00000110   Code   RO         5709    x$fpl$fsqrt         fz_ws.l(fsqrt.o)
    0x080077b8   0x000000ea   Code   RO         5619    x$fpl$fsub          fz_ws.l(faddsub_clz.o)
    0x080078a2   0x00000064   Code   RO         5817    x$fpl$retnan        fz_ws.l(retnan.o)
    0x08007906   0x0000005c   Code   RO         5711    x$fpl$scalbn        fz_ws.l(scalbn.o)
    0x08007962   0x0000004c   Code   RO         5647    x$fpl$scalbnf       fz_ws.l(scalbnf.o)
    0x080079ae   0x00000030   Code   RO         5883    x$fpl$trapveneer    fz_ws.l(trapv.o)
    0x080079de   0x00000000   Code   RO         5713    x$fpl$usenofp       fz_ws.l(usenofp.o)
    0x080079de   0x00000002   PAD
    0x080079e0   0x0000001c   Data   RO           22    .constdata          main.o
    0x080079fc   0x00000012   Data   RO          623    .constdata          stm32f1xx_hal_rcc.o
    0x08007a0e   0x00000010   Data   RO         2750    .constdata          system_stm32f1xx.o
    0x08007a1e   0x00000008   Data   RO         2751    .constdata          system_stm32f1xx.o
    0x08007a26   0x00000002   PAD
    0x08007a28   0x0000001c   Data   RO         2966    .constdata          embedi_wheels.o
    0x08007a44   0x0000001e   Data   RO         3273    .constdata          inv_mpu.o
    0x08007a62   0x0000000c   Data   RO         3274    .constdata          inv_mpu.o
    0x08007a6e   0x00000002   PAD
    0x08007a70   0x00000028   Data   RO         3275    .constdata          inv_mpu.o
    0x08007a98   0x00000090   Data   RO         3922    .constdata          embedi_i2c.o
    0x08007b28   0x00000028   Data   RO         5541    .constdata          c_w.l(_printf_hex_int.o)
    0x08007b50   0x00000011   Data   RO         5571    .constdata          c_w.l(__printf_flags_wp.o)
    0x08007b61   0x00000007   PAD
    0x08007b68   0x00000050   Data   RO         5651    .constdata          m_ws.l(asin.o)
    0x08007bb8   0x00000098   Data   RO         5661    .constdata          m_ws.l(atan.o)
    0x08007c50   0x0000000c   Data   RO           23    .conststring        main.o
    0x08007c5c   0x0000000c   Data   RO         2967    .conststring        embedi_wheels.o
    0x08007c68   0x00000020   Data   RO         5963    Region$$Table       anon$$obj.o
    0x08007c88   0x00000004   Data   RO         2969    embedi_app_init     embedi_wheels.o
    0x08007c8c   0x00000004   Data   RO         3072    embedi_driver_init  embedi_imu.o
    0x08007c90   0x00000004   Data   RO         3760    embedi_driver_init  embedi_motor.o
    0x08007c94   0x00000004   Data   RO         3277    embedi_init         inv_mpu.o
    0x08007c98   0x00000004   Data   RO         4003    embedi_platform_init  embedi_uart.o


    Execution Region RW_IRAM1 (Base: 0x20000000, Size: 0x00002278, Max: 0x00005000, ABSOLUTE)

    Base Addr    Size         Type   Attr      Idx    E Section Name        Object

    0x20000000   0x00000004   Data   RW           24    .data               main.o
    0x20000004   0x0000000c   Data   RW          460    .data               stm32f1xx_hal.o
    0x20000010   0x00000004   Data   RW         2752    .data               system_stm32f1xx.o
    0x20000014   0x0000001c   Data   RW         2968    .data               embedi_wheels.o
    0x20000030   0x00000008   Data   RW         3071    .data               embedi_imu.o
    0x20000038   0x00000060   Data   RW         3276    .data               inv_mpu.o
    0x20000098   0x00000008   Data   RW         4000    .data               embedi_uart.o
    0x200000a0   0x00000004   Data   RW         4001    .data               embedi_uart.o
    0x200000a4   0x00000004   Data   RW         4105    .data               embedi_system.o
    0x200000a8   0x0000003c   Data   RW         4757    .data               tasks.o
    0x200000e4   0x00000018   Data   RW         5387    .data               heap_4.o
    0x200000fc   0x0000000c   Data   RW         5450    .data               port.o
    0x20000108   0x00000120   Zero   RW           21    .bss                main.o
    0x20000228   0x00000254   Zero   RW          218    .bss                freertos.o
    0x2000047c   0x00000004   PAD
    0x20000480   0x00000020   Zero   RW         1166    .bss                stm32f1xx_hal_flash.o
    0x200004a0   0x00000040   Zero   RW         2965    .bss                embedi_wheels.o
    0x200004e0   0x000001f8   Zero   RW         3070    .bss                embedi_imu.o
    0x200006d8   0x00000400   Zero   RW         3867    .bss                embedi_flash.o
    0x20000ad8   0x00000224   Zero   RW         4136    .bss                embedi_2d_kalman.o
    0x20000cfc   0x0000022c   Zero   RW         4189    .bss                embedi_6d_kalman.o
    0x20000f28   0x000000f0   Zero   RW         4756    .bss                tasks.o
    0x20001018   0x00000c00   Zero   RW         5386    .bss                heap_4.o
    0x20001c18   0x00000060   Zero   RW         5820    .bss                c_w.l(libspace.o)
    0x20001c78   0x00000200   Zero   RW            2    HEAP                startup_stm32f103xb.o
    0x20001e78   0x00000400   Zero   RW            1    STACK               startup_stm32f103xb.o


==============================================================================

Image component sizes


      Code (inc. data)   RO Data    RW Data    ZI Data      Debug   Object Name

       120          0          0          0          0      22321   cmsis_os.o
       180         28          0          0        548       1592   embedi_2d_kalman.o
      1216         50          0          0        556       6526   embedi_6d_kalman.o
        42          0          0          0          0       2465   embedi_delay.o
       326         26          0          0       1024       3039   embedi_flash.o
      1146         96        144          0          0       7897   embedi_i2c.o
      2372        586          4          8        504      17626   embedi_imu.o
      1594        280          0          0          0       7160   embedi_math.o
       204         92          0          0          0       1643   embedi_module_init.o
       386         40          4          0          0       5545   embedi_motor.o
       252         48          0          0          0       2682   embedi_pid.o
        28         12          0          4          0       1663   embedi_system.o
       134         24          4         12          0       5030   embedi_uart.o
       616        120         44         28         64       7307   embedi_wheels.o
         0          0          0          0          0      18272   event_groups.o
        20          4          0          0        596       1196   freertos.o
       460         24          0         24       3072       7079   heap_4.o
      2400        190         86         96          0      18981   inv_mpu.o
       138          0          0          0          0       3286   list.o
       864         56         40          4        288     469508   main.o
       662         70          0         12          0      11229   port.o
       896          8          0          0          0       8489   queue.o
        64         26        236          0       1536        820   startup_stm32f103xb.o
       128         24          0         12          0       5337   stm32f1xx_hal.o
       198         14          0          0          0      28659   stm32f1xx_hal_cortex.o
       222          4          0          0          0       1711   stm32f1xx_hal_dma.o
       392         46          0          0         32       4466   stm32f1xx_hal_flash.o
       240         26          0          0          0       3141   stm32f1xx_hal_flash_ex.o
       524         40          0          0          0       3754   stm32f1xx_hal_gpio.o
       456         62          0          0          0       3556   stm32f1xx_hal_msp.o
      1240         84         18          0          0       4916   stm32f1xx_hal_rcc.o
      1632         46          0          0          0      13227   stm32f1xx_hal_tim.o
       188         12          0          0          0       2064   stm32f1xx_hal_tim_ex.o
      1554         10          0          0          0       9964   stm32f1xx_hal_uart.o
        62          6          0          0          0       4503   stm32f1xx_it.o
         0          0          0          0          0        416   stream_buffer.o
         2          0         24          4          0       1143   system_stm32f1xx.o
      2194        170          0         60        240      22361   tasks.o

    ----------------------------------------------------------------------
     23190       2324        640        264       8464     740574   Object Totals
         0          0         32          0          0          0   (incl. Generated)
        38          0          4          0          4          0   (incl. Padding)

    ----------------------------------------------------------------------

      Code (inc. data)   RO Data    RW Data    ZI Data      Debug   Library Member Name

         8          0          0          0          0         68   __main.o
       312          4         17          0          0         92   __printf_flags_wp.o
        14          0          0          0          0         68   __printf_wp.o
         0          0          0          0          0          0   __rtentry.o
        12          0          0          0          0          0   __rtentry2.o
         6          0          0          0          0          0   __rtentry4.o
        52          8          0          0          0          0   __scatter.o
        26          0          0          0          0          0   __scatter_copy.o
        28          0          0          0          0          0   __scatter_zi.o
        48          6          0          0          0         96   _printf_char_common.o
        36          4          0          0          0         80   _printf_char_file.o
         6          0          0          0          0          0   _printf_d.o
       120         16          0          0          0         92   _printf_dec.o
        88          4         40          0          0         88   _printf_hex_int.o
       178          0          0          0          0         88   _printf_intcommon.o
         0          0          0          0          0          0   _printf_percent.o
         4          0          0          0          0          0   _printf_percent_end.o
         6          0          0          0          0          0   _printf_x.o
        22          0          0          0          0        100   _rserrno.o
        12          0          0          0          0         72   exit.o
         8          0          0          0          0         68   ferror.o
         6          0          0          0          0        152   heapauxi.o
         2          0          0          0          0          0   libinit.o
         2          0          0          0          0          0   libinit2.o
         2          0          0          0          0          0   libshutdown.o
         2          0          0          0          0          0   libshutdown2.o
         8          4          0          0         96         68   libspace.o
        38          0          0          0          0         68   llushr.o
        24          4          0          0          0         84   noretval__2printf.o
         8          4          0          0          0         68   rt_errno_addr_intlibspace.o
        78          0          0          0          0         80   rt_memclr_w.o
       100          0          0          0          0         80   rt_memcpy_w.o
         2          0          0          0          0          0   rtexit.o
        10          0          0          0          0          0   rtexit2.o
        74          0          0          0          0         80   sys_stackheap_outer.o
         2          0          0          0          0         68   use_no_semi.o
         2          0          0          0          0         68   use_no_semi_2.o
        98          4          0          0          0         92   d2f.o
       826         16          0          0          0        348   daddsub_clz.o
        16          4          0          0          0         68   dcheck1.o
       688        140          0          0          0        208   ddiv.o
       340         12          0          0          0        104   dmul.o
       156          4          0          0          0         92   dnaninf.o
        12          0          0          0          0         68   dretinf.o
       460         56          0          0          0        120   dsqrt_noumaal.o
        86          4          0          0          0         84   f2d.o
       430          8          0          0          0        168   faddsub_clz.o
        12          4          0          0          0         68   fcheck1.o
        24          0          0          0          0         68   fcmpi.o
       388         76          0          0          0         96   fdiv.o
        54          4          0          0          0         84   ffix.o
        86          0          0          0          0        136   fflt_clz.o
       104          4          0          0          0         84   fleqf.o
       258          4          0          0          0         84   fmul.o
       140          4          0          0          0         84   fnaninf.o
        10          0          0          0          0         68   fretinf.o
        98          0          0          0          0         68   frleqf.o
       272        100          0          0          0         88   fsqrt.o
       100          0          0          0          0         68   retnan.o
        92          0          0          0          0         68   scalbn.o
        76          0          0          0          0         68   scalbnf.o
        48          0          0          0          0         68   trapv.o
         0          0          0          0          0          0   usenofp.o
       624         52         80          0          0        168   asin.o
       544         70        152          0          0        124   atan.o
        34          6          0          0          0        204   dunder.o
        40          0          0          0          0         68   fpclassify.o
       170          0          0          0          0         96   poly.o
        76          0          0          0          0         84   sqrt.o
        44          0          0          0          0         80   sqrtf.o

    ----------------------------------------------------------------------
      7774        626        296          0         96       5104   Library Totals
        22          0          7          0          0          0   (incl. Padding)

    ----------------------------------------------------------------------

      Code (inc. data)   RO Data    RW Data    ZI Data      Debug   Library Name

      1346         54         57          0         96       1728   c_w.l
      4874        444          0          0          0       2552   fz_ws.l
      1532        128        232          0          0        824   m_ws.l

    ----------------------------------------------------------------------
      7774        626        296          0         96       5104   Library Totals

    ----------------------------------------------------------------------

==============================================================================


      Code (inc. data)   RO Data    RW Data    ZI Data      Debug   

     30964       2950        936        264       8560     730438   Grand Totals
     30964       2950        936        264       8560     730438   ELF Image Totals
     30964       2950        936        264          0          0   ROM Totals

==============================================================================

    Total RO  Size (Code + RO Data)                31900 (  31.15kB)
    Total RW  Size (RW Data + ZI Data)              8824 (   8.62kB)
    Total ROM Size (Code + RO Data + RW Data)      32164 (  31.41kB)

==============================================================================

